Component: ARM Compiler 5.06 update 7 (build 960) Tool: armlink [4d3601]

==============================================================================

Section Cross References

    startup_stm32f407xx.o(STACK) refers (Special) to heapauxi.o(.text) for __use_two_region_memory
    startup_stm32f407xx.o(HEAP) refers (Special) to heapauxi.o(.text) for __use_two_region_memory
    startup_stm32f407xx.o(RESET) refers (Special) to heapauxi.o(.text) for __use_two_region_memory
    startup_stm32f407xx.o(RESET) refers to startup_stm32f407xx.o(STACK) for __initial_sp
    startup_stm32f407xx.o(RESET) refers to startup_stm32f407xx.o(.text) for Reset_Handler
    startup_stm32f407xx.o(RESET) refers to stm32f4xx_it.o(i.NMI_Handler) for NMI_Handler
    startup_stm32f407xx.o(RESET) refers to stm32f4xx_it.o(i.HardFault_Handler) for HardFault_Handler
    startup_stm32f407xx.o(RESET) refers to stm32f4xx_it.o(i.MemManage_Handler) for MemManage_Handler
    startup_stm32f407xx.o(RESET) refers to stm32f4xx_it.o(i.BusFault_Handler) for BusFault_Handler
    startup_stm32f407xx.o(RESET) refers to stm32f4xx_it.o(i.UsageFault_Handler) for UsageFault_Handler
    startup_stm32f407xx.o(RESET) refers to port.o(.emb_text) for SVC_Handler
    startup_stm32f407xx.o(RESET) refers to stm32f4xx_it.o(i.DebugMon_Handler) for DebugMon_Handler
    startup_stm32f407xx.o(RESET) refers to stm32f4xx_it.o(i.SysTick_Handler) for SysTick_Handler
    startup_stm32f407xx.o(RESET) refers to stm32f4xx_it.o(i.EXTI3_IRQHandler) for EXTI3_IRQHandler
    startup_stm32f407xx.o(RESET) refers to stm32f4xx_it.o(i.EXTI4_IRQHandler) for EXTI4_IRQHandler
    startup_stm32f407xx.o(RESET) refers to stm32f4xx_it.o(i.DMA1_Stream1_IRQHandler) for DMA1_Stream1_IRQHandler
    startup_stm32f407xx.o(RESET) refers to stm32f4xx_it.o(i.TIM1_UP_TIM10_IRQHandler) for TIM1_UP_TIM10_IRQHandler
    startup_stm32f407xx.o(RESET) refers to stm32f4xx_it.o(i.USART1_IRQHandler) for USART1_IRQHandler
    startup_stm32f407xx.o(RESET) refers to remote_control.o(i.USART3_IRQHandler) for USART3_IRQHandler
    startup_stm32f407xx.o(RESET) refers to stm32f4xx_it.o(i.DMA2_Stream1_IRQHandler) for DMA2_Stream1_IRQHandler
    startup_stm32f407xx.o(RESET) refers to stm32f4xx_it.o(i.DMA2_Stream2_IRQHandler) for DMA2_Stream2_IRQHandler
    startup_stm32f407xx.o(RESET) refers to stm32f4xx_it.o(i.DMA2_Stream3_IRQHandler) for DMA2_Stream3_IRQHandler
    startup_stm32f407xx.o(RESET) refers to stm32f4xx_it.o(i.DMA2_Stream6_IRQHandler) for DMA2_Stream6_IRQHandler
    startup_stm32f407xx.o(RESET) refers to stm32f4xx_it.o(i.DMA2_Stream7_IRQHandler) for DMA2_Stream7_IRQHandler
    startup_stm32f407xx.o(RESET) refers to stm32f4xx_it.o(i.USART6_IRQHandler) for USART6_IRQHandler
    startup_stm32f407xx.o(.text) refers (Special) to heapauxi.o(.text) for __use_two_region_memory
    startup_stm32f407xx.o(.text) refers to system_stm32f4xx.o(i.SystemInit) for SystemInit
    startup_stm32f407xx.o(.text) refers to __main.o(!!!main) for __main
    startup_stm32f407xx.o(.text) refers to startup_stm32f407xx.o(HEAP) for Heap_Mem
    startup_stm32f407xx.o(.text) refers to startup_stm32f407xx.o(STACK) for Stack_Mem
    main.o(i.HAL_GPIO_EXTI_Callback) refers to ist8310driver.o(i.ist8310_read_mag) for ist8310_read_mag
    main.o(i.HAL_GPIO_EXTI_Callback) refers to main.o(.bss) for mag
    main.o(i.SystemClock_Config) refers to rt_memclr_w.o(.text) for __aeabi_memclr4
    main.o(i.SystemClock_Config) refers to stm32f4xx_hal_rcc.o(i.HAL_RCC_OscConfig) for HAL_RCC_OscConfig
    main.o(i.SystemClock_Config) refers to main.o(i.Error_Handler) for Error_Handler
    main.o(i.SystemClock_Config) refers to stm32f4xx_hal_rcc.o(i.HAL_RCC_ClockConfig) for HAL_RCC_ClockConfig
    main.o(i.main) refers to stm32f4xx_hal.o(i.HAL_Init) for HAL_Init
    main.o(i.main) refers to main.o(i.SystemClock_Config) for SystemClock_Config
    main.o(i.main) refers to gpio.o(i.MX_GPIO_Init) for MX_GPIO_Init
    main.o(i.main) refers to dma.o(i.MX_DMA_Init) for MX_DMA_Init
    main.o(i.main) refers to can.o(i.MX_CAN1_Init) for MX_CAN1_Init
    main.o(i.main) refers to can.o(i.MX_CAN2_Init) for MX_CAN2_Init
    main.o(i.main) refers to usart.o(i.MX_USART1_UART_Init) for MX_USART1_UART_Init
    main.o(i.main) refers to usart.o(i.MX_USART6_UART_Init) for MX_USART6_UART_Init
    main.o(i.main) refers to adc.o(i.MX_ADC1_Init) for MX_ADC1_Init
    main.o(i.main) refers to adc.o(i.MX_ADC3_Init) for MX_ADC3_Init
    main.o(i.main) refers to spi.o(i.MX_SPI1_Init) for MX_SPI1_Init
    main.o(i.main) refers to tim.o(i.MX_TIM10_Init) for MX_TIM10_Init
    main.o(i.main) refers to i2c.o(i.MX_I2C3_Init) for MX_I2C3_Init
    main.o(i.main) refers to usart.o(i.MX_USART3_UART_Init) for MX_USART3_UART_Init
    main.o(i.main) refers to remote_control.o(i.remote_control_init) for remote_control_init
    main.o(i.main) refers to freertos.o(i.MX_FREERTOS_Init) for MX_FREERTOS_Init
    main.o(i.main) refers to cmsis_os.o(i.osKernelStart) for osKernelStart
[...]
    i.uxListRemove                           0x08006042   Section        0  list.o(i.uxListRemove)
    i.vApplicationGetIdleTaskMemory          0x0800606c   Section        0  freertos.o(i.vApplicationGetIdleTaskMemory)
    i.vListInitialise                        0x08006084   Section        0  list.o(i.vListInitialise)
    i.vListInitialiseItem                    0x0800609e   Section        0  list.o(i.vListInitialiseItem)
    i.vListInsert                            0x080060a4   Section        0  list.o(i.vListInsert)
    i.vListInsertEnd                         0x080060d8   Section        0  list.o(i.vListInsertEnd)
    i.vPortEnterCritical                     0x080060f0   Section        0  port.o(i.vPortEnterCritical)
    i.vPortExitCritical                      0x08006144   Section        0  port.o(i.vPortExitCritical)
    i.vPortFree                              0x08006180   Section        0  heap_4.o(i.vPortFree)
    i.vPortSetupTimerInterrupt               0x08006224   Section        0  port.o(i.vPortSetupTimerInterrupt)
    i.vTaskDelay                             0x0800624c   Section        0  tasks.o(i.vTaskDelay)
    i.vTaskStartScheduler                    0x080062a8   Section        0  tasks.o(i.vTaskStartScheduler)
    i.vTaskSuspendAll                        0x08006358   Section        0  tasks.o(i.vTaskSuspendAll)
    i.vTaskSwitchContext                     0x08006368   Section        0  tasks.o(i.vTaskSwitchContext)
    i.xPortStartScheduler                    0x080063f4   Section        0  port.o(i.xPortStartScheduler)
    i.xPortSysTickHandler                    0x0800655c   Section        0  port.o(i.xPortSysTickHandler)
    i.xTaskCreate                            0x08006590   Section        0  tasks.o(i.xTaskCreate)
    i.xTaskCreateStatic                      0x080065f4   Section        0  tasks.o(i.xTaskCreateStatic)
    i.xTaskGetSchedulerState                 0x080066b0   Section        0  tasks.o(i.xTaskGetSchedulerState)
    i.xTaskIncrementTick                     0x080066d0   Section        0  tasks.o(i.xTaskIncrementTick)
    i.xTaskResumeAll                         0x08006818   Section        0  tasks.o(i.xTaskResumeAll)
    x$fpl$fpinit                             0x0800691c   Section       10  fpinit.o(x$fpl$fpinit)
    $v0                                      0x0800691c   Number         0  fpinit.o(x$fpl$fpinit)
    .constdata                               0x08006928   Section      112  freertos.o(.constdata)
    .constdata                               0x08006998   Section        8  stm32f4xx_hal_dma.o(.constdata)
    flagBitshiftOffset                       0x08006998   Data           8  stm32f4xx_hal_dma.o(.constdata)
    .constdata                               0x080069a0   Section       24  system_stm32f4xx.o(.constdata)
    .constdata                               0x080069b8   Section       12  ist8310driver.o(.constdata)
    ist8310_write_reg_data_error             0x080069b8   Data          12  ist8310driver.o(.constdata)
    .conststring                             0x080069c4   Section       46  freertos.o(.conststring)
    .data                                    0x20000000   Section       16  main.o(.data)
    .data                                    0x20000010   Section       16  freertos.o(.data)
    .data                                    0x20000020   Section        4  can.o(.data)
    HAL_RCC_CAN1_CLK_ENABLED                 0x20000020   Data           4  can.o(.data)
    .data                                    0x20000024   Section        9  stm32f4xx_hal.o(.data)
    .data                                    0x20000030   Section        4  system_stm32f4xx.o(.data)
    .data                                    0x20000034   Section       60  tasks.o(.data)
    pxDelayedTaskList                        0x20000038   Data           4  tasks.o(.data)
    pxOverflowDelayedTaskList                0x2000003c   Data           4  tasks.o(.data)
    uxDeletedTasksWaitingCleanUp             0x20000040   Data           4  tasks.o(.data)
    uxCurrentNumberOfTasks                   0x20000044   Data           4  tasks.o(.data)
    xTickCount                               0x20000048   Data           4  tasks.o(.data)
    uxTopReadyPriority                       0x2000004c   Data           4  tasks.o(.data)
    xSchedulerRunning                        0x20000050   Data           4  tasks.o(.data)
    xPendedTicks                             0x20000054   Data           4  tasks.o(.data)
    xYieldPending                            0x20000058   Data           4  tasks.o(.data)
    xNumOfOverflows                          0x2000005c   Data           4  tasks.o(.data)
    uxTaskNumber                             0x20000060   Data           4  tasks.o(.data)
    xNextTaskUnblockTime                     0x20000064   Data           4  tasks.o(.data)
    xIdleTaskHandle                          0x20000068   Data           4  tasks.o(.data)
    uxSchedulerSuspended                     0x2000006c   Data           4  tasks.o(.data)
    .data                                    0x20000070   Section       32  heap_4.o(.data)
    xStart                                   0x20000070   Data           8  heap_4.o(.data)
    pxEnd                                    0x20000078   Data           4  heap_4.o(.data)
    xFreeBytesRemaining                      0x2000007c   Data           4  heap_4.o(.data)
    xMinimumEverFreeBytesRemaining           0x20000080   Data           4  heap_4.o(.data)
    xNumberOfSuccessfulAllocations           0x20000084   Data           4  heap_4.o(.data)
    xNumberOfSuccessfulFrees                 0x20000088   Data           4  heap_4.o(.data)
    xBlockAllocatedBit                       0x2000008c   Data           4  heap_4.o(.data)
    .data                                    0x20000090   Section       12  port.o(.data)
    uxCriticalNesting                        0x20000090   Data           4  port.o(.data)
    ucMaxSysCallPriority                     0x20000094   Data           1  port.o(.data)
    ulMaxPRIGROUPValue                       0x20000098   Data           4  port.o(.data)
    .data                                    0x2000009c   Section        4  task_sysstatus.o(.data)
    .data                                    0x200000a0   Section        3  remote_control.o(.data)
    this_time_rx_len                         0x200000a0   Data           2  remote_control.o(.data)
    i                                        0x200000a2   Data           1  remote_control.o(.data)
    .data                                    0x200000a3   Section       17  can_receive.o(.data)
    gimbal_can_send_data                     0x200000a3   Data           8  can_receive.o(.data)
    chassis_can_send_data                    0x200000ab   Data           8  can_receive.o(.data)
    i                                        0x200000b3   Data           1  can_receive.o(.data)
    .data                                    0x200000b4   Section       44  bmi088driver.o(.data)
    write_BMI088_accel_reg_data_error        0x200000bc   Data          18  bmi088driver.o(.data)
    write_BMI088_gyro_reg_data_error         0x200000ce   Data          18  bmi088driver.o(.data)
    .bss                                     0x200000e0   Section       36  main.o(.bss)
    .bss                                     0x20000104   Section      596  freertos.o(.bss)
    xIdleTaskTCBBuffer                       0x20000104   Data          84  freertos.o(.bss)
    xIdleStack                               0x20000158   Data         512  freertos.o(.bss)
    .bss                                     0x20000358   Section      144  adc.o(.bss)
    .bss                                     0x200003e8   Section       80  can.o(.bss)
    .bss                                     0x20000438   Section       84  i2c.o(.bss)
    .bss                                     0x2000048c   Section      280  spi.o(.bss)
    .bss                                     0x200005a4   Section       72  tim.o(.bss)
    .bss                                     0x200005ec   Section      588  usart.o(.bss)
    .bss                                     0x20000838   Section      240  tasks.o(.bss)
    pxReadyTasksLists                        0x20000838   Data         140  tasks.o(.bss)
    xDelayedTaskList1                        0x200008c4   Data          20  tasks.o(.bss)
    xDelayedTaskList2                        0x200008d8   Data          20  tasks.o(.bss)
    xPendingReadyList                        0x200008ec   Data          20  tasks.o(.bss)
    xTasksWaitingTermination                 0x20000900   Data          20  tasks.o(.bss)
    xSuspendedTaskList                       0x20000914   Data          20  tasks.o(.bss)
    .bss                                     0x20000928   Section    15360  heap_4.o(.bss)
    ucHeap                                   0x20000928   Data       15360  heap_4.o(.bss)
    .bss                                     0x20004528   Section       16  task_sysstatus.o(.bss)
    sConfig                                  0x20004528   Data          16  task_sysstatus.o(.bss)
    .bss                                     0x20004538   Section      114  remote_control.o(.bss)
    sbus_rx_buf                              0x2000454e   Data          72  remote_control.o(.bss)
    usart_tx_buf                             0x20004596   Data          20  remote_control.o(.bss)
    .bss                                     0x200045ac   Section      120  can_receive.o(.bss)
    motor_chassis                            0x200045ac   Data          70  can_receive.o(.bss)
    gimbal_tx_message                        0x200045f4   Data          24  can_receive.o(.bss)
    chassis_tx_message                       0x2000460c   Data          24  can_receive.o(.bss)
    .bss                                     0x20004624   Section       96  libspace.o(.bss)
    HEAP                                     0x20004688   Section      512  startup_stm32f407xx.o(HEAP)
    Heap_Mem                                 0x20004688   Data         512  startup_stm32f407xx.o(HEAP)
    STACK                                    0x20004888   Section     1024  startup_stm32f407xx.o(STACK)
    Stack_Mem                                0x20004888   Data        1024  startup_stm32f407xx.o(STACK)
    __initial_sp                             0x20004c88   Data           0  startup_stm32f407xx.o(STACK)

    Global Symbols

    Symbol Name                              Value     Ov Type        Size  Object(Section)

    BuildAttributes$$THM_ISAv4$E$P$D$K$B$S$7EM$VFPi3$EXTD16$VFPS$VFMA$PE$A:L22UL41UL21$X:L11$S22US41US21$IEEE1$IW$USESV6$~STKCKD$USESV7$~SHL$OSPACE$ROPI$EBA8$UX$STANDARDLIB$REQ8$PRES8$EABIv2 0x00000000   Number         0  anon$$obj.o ABSOLUTE
    __ARM_use_no_argv                        0x00000000   Number         0  main.o ABSOLUTE
    __ARM_exceptions_init                     - Undefined Weak Reference
    __alloca_initialize                       - Undefined Weak Reference
    __arm_fini_                               - Undefined Weak Reference
    __arm_preinit_                            - Undefined Weak Reference
    __cpp_initialize__aeabi_                  - Undefined Weak Reference
    __cxa_finalize                            - Undefined Weak Reference
    __rt_locale                               - Undefined Weak Reference
    __sigvec_lookup                           - Undefined Weak Reference
    _atexit_init                              - Undefined Weak Reference
    _call_atexit_fns                          - Undefined Weak Reference
    _clock_init                               - Undefined Weak Reference
    _fp_trap_init                             - Undefined Weak Reference
    _fp_trap_shutdown                         - Undefined Weak Reference
    _get_lc_collate                           - Undefined Weak Reference
    _get_lc_ctype                             - Undefined Weak Reference
    _get_lc_monetary                          - Undefined Weak Reference
    _get_lc_numeric                           - Undefined Weak Reference
    _get_lc_time                              - Undefined Weak Reference
    _getenv_init                              - Undefined Weak Reference
    _handle_redirection                       - Undefined Weak Reference
    _init_alloc                               - Undefined Weak Reference
    _init_user_alloc                          - Undefined Weak Reference
    _initio                                   - Undefined Weak Reference
    _rand_init                                - Undefined Weak Reference
    _signal_finish                            - Undefined Weak Reference
    _signal_init                              - Undefined Weak Reference
    _terminate_alloc                          - Undefined Weak Reference
    _terminate_user_alloc                     - Undefined Weak Reference
    _terminateio                              - Undefined Weak Reference
    __Vectors_Size                           0x00000188   Number         0  startup_stm32f407xx.o ABSOLUTE
    __Vectors                                0x08000000   Data           4  startup_stm32f407xx.o(RESET)
    __Vectors_End                            0x08000188   Data           0  startup_stm32f407xx.o(RESET)
    __main                                   0x08000189   Thumb Code     8  __main.o(!!!main)
    __scatterload                            0x08000191   Thumb Code     0  __scatter.o(!!!scatter)
    __scatterload_rt2                        0x08000191   Thumb Code    44  __scatter.o(!!!scatter)
    __scatterload_rt2_thumb_only             0x08000191   Thumb Code     0  __scatter.o(!!!scatter)
    __scatterload_null                       0x0800019f   Thumb Code     0  __scatter.o(!!!scatter)
    __scatterload_copy                       0x080001c5   Thumb Code    26  __scatter_copy.o(!!handler_copy)
    __scatterload_zeroinit                   0x080001e1   Thumb Code    28  __scatter_zi.o(!!handler_zi)
    __rt_lib_init                            0x080001fd   Thumb Code     0  libinit.o(.ARM.Collect$$libinit$$00000000)
    __rt_lib_init_fp_1                       0x080001ff   Thumb Code     0  libinit2.o(.ARM.Collect$$libinit$$00000001)
    __rt_lib_init_alloca_1                   0x08000203   Thumb Code     0  libinit2.o(.ARM.Collect$$libinit$$0000002E)
    __rt_lib_init_argv_1                     0x08000203   Thumb Code     0  libinit2.o(.ARM.Collect$$libinit$$0000002C)
    __rt_lib_init_atexit_1                   0x08000203   Thumb Code     0  libinit2.o(.ARM.Collect$$libinit$$0000001B)
    __rt_lib_init_clock_1                    0x08000203   Thumb Code     0  libinit2.o(.ARM.Collect$$libinit$$00000021)
    __rt_lib_init_cpp_1                      0x08000203   Thumb Code     0  libinit2.o(.ARM.Collect$$libinit$$00000032)
    __rt_lib_init_exceptions_1               0x08000203   Thumb Code     0  libinit2.o(.ARM.Collect$$libinit$$00000030)
    __rt_lib_init_fp_trap_1                  0x08000203   Thumb Code     0  libinit2.o(.ARM.Collect$$libinit$$0000001F)
    __rt_lib_init_getenv_1                   0x08000203   Thumb Code     0  libinit2.o(.ARM.Collect$$libinit$$00000023)
    __rt_lib_init_heap_1                     0x08000203   Thumb Code     0  libinit2.o(.ARM.Collect$$libinit$$0000000A)
    __rt_lib_init_lc_collate_1               0x08000203   Thumb Code     0  libinit2.o(.ARM.Collect$$libinit$$00000011)
    __rt_lib_init_lc_ctype_1                 0x08000203   Thumb Code     0  libinit2.o(.ARM.Collect$$libinit$$00000013)
    __rt_lib_init_lc_monetary_1              0x08000203   Thumb Code     0  libinit2.o(.ARM.Collect$$libinit$$00000015)
    __rt_lib_init_lc_numeric_1               0x08000203   Thumb Code     0  libinit2.o(.ARM.Collect$$libinit$$00000017)
    __rt_lib_init_lc_time_1                  0x08000203   Thumb Code     0  libinit2.o(.ARM.Collect$$libinit$$00000019)
    __rt_lib_init_preinit_1                  0x08000203   Thumb Code     0  libinit2.o(.ARM.Collect$$libinit$$00000004)
    __rt_lib_init_rand_1                     0x08000203   Thumb Code     0  libinit2.o(.ARM.Collect$$libinit$$0000000E)
    __rt_lib_init_return                     0x08000203   Thumb Code     0  libinit2.o(.ARM.Collect$$libinit$$00000033)
    __rt_lib_init_signal_1                   0x08000203   Thumb Code     0  libinit2.o(.ARM.Collect$$libinit$$0000001D)
    __rt_lib_init_stdio_1                    0x08000203   Thumb Code     0  libinit2.o(.ARM.Collect$$libinit$$00000025)
    __rt_lib_init_user_alloc_1               0x08000203   Thumb Code     0  libinit2.o(.ARM.Collect$$libinit$$0000000C)
    __rt_lib_shutdown                        0x08000205   Thumb Code     0  libshutdown.o(.ARM.Collect$$libshutdown$$00000000)
    __rt_lib_shutdown_cpp_1                  0x08000207   Thumb Code     0  libshutdown2.o(.ARM.Collect$$libshutdown$$00000004)
    __rt_lib_shutdown_fini_1                 0x08000207   Thumb Code     0  libshutdown2.o(.ARM.Collect$$libshutdown$$00000002)
    __rt_lib_shutdown_fp_trap_1              0x08000207   Thumb Code     0  libshutdown2.o(.ARM.Collect$$libshutdown$$00000009)
    __rt_lib_shutdown_heap_1                 0x08000207   Thumb Code     0  libshutdown2.o(.ARM.Collect$$libshutdown$$00000011)
    __rt_lib_shutdown_return                 0x08000207   Thumb Code     0  libshutdown2.o(.ARM.Collect$$libshutdown$$00000012)
    __rt_lib_shutdown_signal_1               0x08000207   Thumb Code     0  libshutdown2.o(.ARM.Collect$$libshutdown$$0000000C)
    __rt_lib_shutdown_stdio_1                0x08000207   Thumb Code     0  libshutdown2.o(.ARM.Collect$$libshutdown$$00000006)
    __rt_lib_shutdown_user_alloc_1           0x08000207   Thumb Code     0  libshutdown2.o(.ARM.Collect$$libshutdown$$0000000E)
    __rt_entry                               0x08000209   Thumb Code     0  __rtentry.o(.ARM.Collect$$rtentry$$00000000)
    __rt_entry_presh_1                       0x08000209   Thumb Code     0  __rtentry2.o(.ARM.Collect$$rtentry$$00000002)
    __rt_entry_sh                            0x08000209   Thumb Code     0  __rtentry4.o(.ARM.Collect$$rtentry$$00000004)
    __rt_entry_li                            0x0800020f   Thumb Code     0  __rtentry2.o(.ARM.Collect$$rtentry$$0000000A)
    __rt_entry_postsh_1                      0x0800020f   Thumb Code     0  __rtentry2.o(.ARM.Collect$$rtentry$$00000009)
    __rt_entry_main                          0x08000213   Thumb Code     0  __rtentry2.o(.ARM.Collect$$rtentry$$0000000D)
    __rt_entry_postli_1                      0x08000213   Thumb Code     0  __rtentry2.o(.ARM.Collect$$rtentry$$0000000C)
    __rt_exit                                0x0800021b   Thumb Code     0  rtexit.o(.ARM.Collect$$rtexit$$00000000)
    __rt_exit_ls                             0x0800021d   Thumb Code     0  rtexit2.o(.ARM.Collect$$rtexit$$00000003)
    __rt_exit_prels_1                        0x0800021d   Thumb Code     0  rtexit2.o(.ARM.Collect$$rtexit$$00000002)
    __rt_exit_exit                           0x08000221   Thumb Code     0  rtexit2.o(.ARM.Collect$$rtexit$$00000004)
    SVC_Handler                              0x08000229   Thumb Code    28  port.o(.emb_text)
    __asm___6_port_c_39a90d8d__prvStartFirstTask 0x08000249   Thumb Code    36  port.o(.emb_text)
    __asm___6_port_c_39a90d8d__prvEnableVFP  0x08000271   Thumb Code    16  port.o(.emb_text)
    PendSV_Handler                           0x08000285   Thumb Code    88  port.o(.emb_text)
    vPortGetIPSR                             0x080002e1   Thumb Code     6  port.o(.emb_text)
    Reset_Handler                            0x080002e9   Thumb Code     8  startup_stm32f407xx.o(.text)
    ADC_IRQHandler                           0x08000303   Thumb Code     0  startup_stm32f407xx.o(.text)
    CAN1_RX0_IRQHandler                      0x08000303   Thumb Code     0  startup_stm32f407xx.o(.text)
    CAN1_RX1_IRQHandler                      0x08000303   Thumb Code     0  startup_stm32f407xx.o(.text)
    CAN1_SCE_IRQHandler                      0x08000303   Thumb Code     0  startup_stm32f407xx.o(.text)
    CAN1_TX_IRQHandler                       0x08000303   Thumb Code     0  startup_stm32f407xx.o(.text)
    CAN2_RX0_IRQHandler                      0x08000303   Thumb Code     0  startup_stm32f407xx.o(.text)
    CAN2_RX1_IRQHandler                      0x08000303   Thumb Code     0  startup_stm32f407xx.o(.text)
    CAN2_SCE_IRQHandler                      0x08000303   Thumb Code     0  startup_stm32f407xx.o(.text)
    CAN2_TX_IRQHandler                       0x08000303   Thumb Code     0  startup_stm32f407xx.o(.text)
    DCMI_IRQHandler                          0x08000303   Thumb Code     0  startup_stm32f407xx.o(.text)
    DMA1_Stream0_IRQHandler                  0x08000303   Thumb Code     0  startup_stm32f407xx.o(.text)
    DMA1_Stream2_IRQHandler                  0x08000303   Thumb Code     0  startup_stm32f407xx.o(.text)
    DMA1_Stream3_IRQHandler                  0x08000303   Thumb Code     0  startup_stm32f407xx.o(.text)
    DMA1_Stream4_IRQHandler                  0x08000303   Thumb Code     0  startup_stm32f407xx.o(.text)
    DMA1_Stream5_IRQHandler                  0x08000303   Thumb Code     0  startup_stm32f407xx.o(.text)
    DMA1_Stream6_IRQHandler                  0x08000303   Thumb Code     0  startup_stm32f407xx.o(.text)
    DMA1_Stream7_IRQHandler                  0x08000303   Thumb Code     0  startup_stm32f407xx.o(.text)
    DMA2_Stream0_IRQHandler                  0x08000303   Thumb Code     0  startup_stm32f407xx.o(.text)
    DMA2_Stream4_IRQHandler                  0x08000303   Thumb Code     0  startup_stm32f407xx.o(.text)
    DMA2_Stream5_IRQHandler                  0x08000303   Thumb Code     0  startup_stm32f407xx.o(.text)
    ETH_IRQHandler                           0x08000303   Thumb Code     0  startup_stm32f407xx.o(.text)
    ETH_WKUP_IRQHandler                      0x08000303   Thumb Code     0  startup_stm32f407xx.o(.text)
    EXTI0_IRQHandler                         0x08000303   Thumb Code     0  startup_stm32f407xx.o(.text)
    EXTI15_10_IRQHandler                     0x08000303   Thumb Code     0  startup_stm32f407xx.o(.text)
    EXTI1_IRQHandler                         0x08000303   Thumb Code     0  startup_stm32f407xx.o(.text)
    EXTI2_IRQHandler                         0x08000303   Thumb Code     0  startup_stm32f407xx.o(.text)
    EXTI9_5_IRQHandler                       0x08000303   Thumb Code     0  startup_stm32f407xx.o(.text)
    FLASH_IRQHandler                         0x08000303   Thumb Code     0  startup_stm32f407xx.o(.text)
    FMC_IRQHandler                           0x08000303   Thumb Code     0  startup_stm32f407xx.o(.text)
    FPU_IRQHandler                           0x08000303   Thumb Code     0  startup_stm32f407xx.o(.text)
    HASH_RNG_IRQHandler                      0x08000303   Thumb Code     0  startup_stm32f407xx.o(.text)
    I2C1_ER_IRQHandler                       0x08000303   Thumb Code     0  startup_stm32f407xx.o(.text)
    I2C1_EV_IRQHandler                       0x08000303   Thumb Code     0  startup_stm32f407xx.o(.text)
    I2C2_ER_IRQHandler                       0x08000303   Thumb Code     0  startup_stm32f407xx.o(.text)
    I2C2_EV_IRQHandler                       0x08000303   Thumb Code     0  startup_stm32f407xx.o(.text)
    I2C3_ER_IRQHandler                       0x08000303   Thumb Code     0  startup_stm32f407xx.o(.text)
    I2C3_EV_IRQHandler                       0x08000303   Thumb Code     0  startup_stm32f407xx.o(.text)
    OTG_FS_IRQHandler                        0x08000303   Thumb Code     0  startup_stm32f407xx.o(.text)
    OTG_FS_WKUP_IRQHandler                   0x08000303   Thumb Code     0  startup_stm32f407xx.o(.text)
    OTG_HS_EP1_IN_IRQHandler                 0x08000303   Thumb Code     0  startup_stm32f407xx.o(.text)
    OTG_HS_EP1_OUT_IRQHandler                0x08000303   Thumb Code     0  startup_stm32f407xx.o(.text)
    OTG_HS_IRQHandler                        0x08000303   Thumb Code     0  startup_stm32f407xx.o(.text)
    OTG_HS_WKUP_IRQHandler                   0x08000303   Thumb Code     0  startup_stm32f407xx.o(.text)
    PVD_IRQHandler                           0x08000303   Thumb Code     0  startup_stm32f407xx.o(.text)
    RCC_IRQHandler                           0x08000303   Thumb Code     0  startup_stm32f407xx.o(.text)
    RTC_Alarm_IRQHandler                     0x08000303   Thumb Code     0  startup_stm32f407xx.o(.text)
    RTC_WKUP_IRQHandler                      0x08000303   Thumb Code     0  startup_stm32f407xx.o(.text)
    SDIO_IRQHandler                          0x08000303   Thumb Code     0  startup_stm32f407xx.o(.text)
    SPI1_IRQHandler                          0x08000303   Thumb Code     0  startup_stm32f407xx.o(.text)
    SPI2_IRQHandler                          0x08000303   Thumb Code     0  startup_stm32f407xx.o(.text)
    SPI3_IRQHandler                          0x08000303   Thumb Code     0  startup_stm32f407xx.o(.text)
    TAMP_STAMP_IRQHandler                    0x08000303   Thumb Code     0  startup_stm32f407xx.o(.text)
    TIM1_BRK_TIM9_IRQHandler                 0x08000303   Thumb Code     0  startup_stm32f407xx.o(.text)
    TIM1_CC_IRQHandler                       0x08000303   Thumb Code     0  startup_stm32f407xx.o(.text)
    TIM1_TRG_COM_TIM11_IRQHandler            0x08000303   Thumb Code     0  startup_stm32f407xx.o(.text)
    TIM2_IRQHandler                          0x08000303   Thumb Code     0  startup_stm32f407xx.o(.text)
    TIM3_IRQHandler                          0x08000303   Thumb Code     0  startup_stm32f407xx.o(.text)
    TIM4_IRQHandler                          0x08000303   Thumb Code     0  startup_stm32f407xx.o(.text)
    TIM5_IRQHandler                          0x08000303   Thumb Code     0  startup_stm32f407xx.o(.text)
    TIM6_DAC_IRQHandler                      0x08000303   Thumb Code     0  startup_stm32f407xx.o(.text)
    TIM7_IRQHandler                          0x08000303   Thumb Code     0  startup_stm32f407xx.o(.text)
    TIM8_BRK_TIM12_IRQHandler                0x08000303   Thumb Code     0  startup_stm32f407xx.o(.text)
    TIM8_CC_IRQHandler                       0x08000303   Thumb Code     0  startup_stm32f407xx.o(.text)
    TIM8_TRG_COM_TIM14_IRQHandler            0x08000303   Thumb Code     0  startup_stm32f407xx.o(.text)
    TIM8_UP_TIM13_IRQHandler                 0x08000303   Thumb Code     0  startup_stm32f407xx.o(.text)
    UART4_IRQHandler                         0x08000303   Thumb Code     0  startup_stm32f407xx.o(.text)
    UART5_IRQHandler                         0x08000303   Thumb Code     0  startup_stm32f407xx.o(.text)
    USART2_IRQHandler                        0x08000303   Thumb Code     0  startup_stm32f407xx.o(.text)
    WWDG_IRQHandler                          0x08000303   Thumb Code     0  startup_stm32f407xx.o(.text)
    __user_initial_stackheap                 0x08000305   Thumb Code     0  startup_stm32f407xx.o(.text)
    __aeabi_uldivmod                         0x08000329   Thumb Code     0  lludivv7m.o(.text)
    _ll_udiv                                 0x08000329   Thumb Code   238  lludivv7m.o(.text)
    __aeabi_memcpy4                          0x08000417   Thumb Code     0  rt_memcpy_w.o(.text)
    __aeabi_memcpy8                          0x08000417   Thumb Code     0  rt_memcpy_w.o(.text)
    __rt_memcpy_w                            0x08000417   Thumb Code   100  rt_memcpy_w.o(.text)
    _memcpy_lastbytes_aligned                0x0800045f   Thumb Code     0  rt_memcpy_w.o(.text)
    __aeabi_memclr4                          0x0800047b   Thumb Code     0  rt_memclr_w.o(.text)
    __aeabi_memclr8                          0x0800047b   Thumb Code     0  rt_memclr_w.o(.text)
    __rt_memclr_w                            0x0800047b   Thumb Code    78  rt_memclr_w.o(.text)
    _memset_w                                0x0800047f   Thumb Code     0  rt_memclr_w.o(.text)
    __use_two_region_memory                  0x080004c9   Thumb Code     2  heapauxi.o(.text)
    __rt_heap_escrow$2region                 0x080004cb   Thumb Code     2  heapauxi.o(.text)
    __rt_heap_expand$2region                 0x080004cd   Thumb Code     2  heapauxi.o(.text)
    __user_setup_stackheap                   0x080004cf   Thumb Code    74  sys_stackheap_outer.o(.text)
    exit                                     0x08000519   Thumb Code    18  exit.o(.text)
    __user_libspace                          0x0800052d   Thumb Code     8  libspace.o(.text)
    __user_perproc_libspace                  0x0800052d   Thumb Code     0  libspace.o(.text)
    __user_perthread_libspace                0x0800052d   Thumb Code     0  libspace.o(.text)
    _sys_exit                                0x08000535   Thumb Code     8  sys_exit.o(.text)
    __I$use$semihosting                      0x08000541   Thumb Code     0  use_no_semi.o(.text)
    __use_no_semihosting_swi                 0x08000541   Thumb Code     2  use_no_semi.o(.text)
    __semihosting_library_function           0x08000543   Thumb Code     0  indicate_semi.o(.text)
    BMI088_ACCEL_NS_H                        0x080006a5   Thumb Code    14  bmi088middleware.o(i.BMI088_ACCEL_NS_H)
    BMI088_ACCEL_NS_L                        0x080006b9   Thumb Code    14  bmi088middleware.o(i.BMI088_ACCEL_NS_L)
    BMI088_GPIO_init                         0x080006cd   Thumb Code     2  bmi088middleware.o(i.BMI088_GPIO_init)
    BMI088_GYRO_NS_H                         0x080006d1   Thumb Code    14  bmi088middleware.o(i.BMI088_GYRO_NS_H)
    BMI088_GYRO_NS_L                         0x080006e5   Thumb Code    14  bmi088middleware.o(i.BMI088_GYRO_NS_L)
    BMI088_com_init                          0x080006f9   Thumb Code     2  bmi088middleware.o(i.BMI088_com_init)
    BMI088_delay_ms                          0x080006fb   Thumb Code    26  bmi088middleware.o(i.BMI088_delay_ms)
    BMI088_delay_us                          0x08000715   Thumb Code    74  bmi088middleware.o(i.BMI088_delay_us)
    BMI088_init                              0x0800075f   Thumb Code    28  bmi088driver.o(i.BMI088_init)
    BMI088_read                              0x0800077d   Thumb Code   372  bmi088driver.o(i.BMI088_read)
    BMI088_read_write_byte                   0x08000939   Thumb Code    28  bmi088middleware.o(i.BMI088_read_write_byte)
    BusFault_Handler                         0x0800096d   Thumb Code     4  stm32f4xx_it.o(i.BusFault_Handler)
    CAN_cmd_chassis                          0x08000971   Thumb Code    68  can_receive.o(i.CAN_cmd_chassis)
    CAN_cmd_gimbal                           0x080009c1   Thumb Code    68  can_receive.o(i.CAN_cmd_gimbal)
    DMA1_Stream1_IRQHandler                  0x08000a11   Thumb Code    10  stm32f4xx_it.o(i.DMA1_Stream1_IRQHandler)
    DMA2_Stream1_IRQHandler                  0x08000a21   Thumb Code    10  stm32f4xx_it.o(i.DMA2_Stream1_IRQHandler)
    DMA2_Stream2_IRQHandler                  0x08000a31   Thumb Code    10  stm32f4xx_it.o(i.DMA2_Stream2_IRQHandler)
    DMA2_Stream3_IRQHandler                  0x08000a41   Thumb Code    10  stm32f4xx_it.o(i.DMA2_Stream3_IRQHandler)
    DMA2_Stream6_IRQHandler                  0x08000a51   Thumb Code    10  stm32f4xx_it.o(i.DMA2_Stream6_IRQHandler)
    DMA2_Stream7_IRQHandler                  0x08000a61   Thumb Code    10  stm32f4xx_it.o(i.DMA2_Stream7_IRQHandler)
    DebugMon_Handler                         0x08000b4f   Thumb Code     2  stm32f4xx_it.o(i.DebugMon_Handler)
    EXTI3_IRQHandler                         0x08000b51   Thumb Code    10  stm32f4xx_it.o(i.EXTI3_IRQHandler)
    EXTI4_IRQHandler                         0x08000b5b   Thumb Code    10  stm32f4xx_it.o(i.EXTI4_IRQHandler)
    Error_Handler                            0x08000b65   Thumb Code     6  main.o(i.Error_Handler)
    HAL_ADC_ConfigChannel                    0x08000b6d   Thumb Code   380  stm32f4xx_hal_adc.o(i.HAL_ADC_ConfigChannel)
    HAL_ADC_GetValue                         0x08000cf9   Thumb Code     8  stm32f4xx_hal_adc.o(i.HAL_ADC_GetValue)
    HAL_ADC_Init                             0x08000d01   Thumb Code   100  stm32f4xx_hal_adc.o(i.HAL_ADC_Init)
    HAL_ADC_MspInit                          0x08000d69   Thumb Code   154  adc.o(i.HAL_ADC_MspInit)
    HAL_ADC_PollForConversion                0x08000e15   Thumb Code   206  stm32f4xx_hal_adc.o(i.HAL_ADC_PollForConversion)
    HAL_ADC_Start                            0x08000ee5   Thumb Code   308  stm32f4xx_hal_adc.o(i.HAL_ADC_Start)
    HAL_CAN_ActivateNotification             0x08001031   Thumb Code    42  stm32f4xx_hal_can.o(i.HAL_CAN_ActivateNotification)
    HAL_CAN_AddTxMessage                     0x0800105b   Thumb Code   342  stm32f4xx_hal_can.o(i.HAL_CAN_AddTxMessage)
    HAL_CAN_ConfigFilter                     0x080011b1   Thumb Code   286  stm32f4xx_hal_can.o(i.HAL_CAN_ConfigFilter)
    HAL_CAN_Init                             0x080012d5   Thumb Code   372  stm32f4xx_hal_can.o(i.HAL_CAN_Init)
    HAL_CAN_MspInit                          0x08001449   Thumb Code   296  can.o(i.HAL_CAN_MspInit)
    HAL_CAN_Start                            0x08001589   Thumb Code    94  stm32f4xx_hal_can.o(i.HAL_CAN_Start)
    HAL_DMA_Abort                            0x080015e7   Thumb Code   172  stm32f4xx_hal_dma.o(i.HAL_DMA_Abort)
    HAL_DMA_Abort_IT                         0x08001693   Thumb Code    40  stm32f4xx_hal_dma.o(i.HAL_DMA_Abort_IT)
    HAL_DMA_IRQHandler                       0x080016bd   Thumb Code   570  stm32f4xx_hal_dma.o(i.HAL_DMA_IRQHandler)
    HAL_DMA_Init                             0x080018fd   Thumb Code   232  stm32f4xx_hal_dma.o(i.HAL_DMA_Init)
    HAL_Delay                                0x080019e9   Thumb Code    36  stm32f4xx_hal.o(i.HAL_Delay)
    HAL_GPIO_EXTI_Callback                   0x08001a11   Thumb Code    16  main.o(i.HAL_GPIO_EXTI_Callback)
    HAL_GPIO_EXTI_IRQHandler                 0x08001a25   Thumb Code    24  stm32f4xx_hal_gpio.o(i.HAL_GPIO_EXTI_IRQHandler)
    HAL_GPIO_Init                            0x08001a41   Thumb Code   454  stm32f4xx_hal_gpio.o(i.HAL_GPIO_Init)
    HAL_GPIO_ReadPin                         0x08001c35   Thumb Code    16  stm32f4xx_hal_gpio.o(i.HAL_GPIO_ReadPin)
    HAL_GPIO_TogglePin                       0x08001c45   Thumb Code    20  stm32f4xx_hal_gpio.o(i.HAL_GPIO_TogglePin)
    HAL_GPIO_WritePin                        0x08001c59   Thumb Code    12  stm32f4xx_hal_gpio.o(i.HAL_GPIO_WritePin)
    HAL_GetTick                              0x08001c65   Thumb Code     6  stm32f4xx_hal.o(i.HAL_GetTick)
    HAL_I2C_Init                             0x08001c71   Thumb Code   446  stm32f4xx_hal_i2c.o(i.HAL_I2C_Init)
    HAL_I2C_Mem_Read                         0x08001e41   Thumb Code   744  stm32f4xx_hal_i2c.o(i.HAL_I2C_Mem_Read)
    HAL_I2C_Mem_Write                        0x08002135   Thumb Code   348  stm32f4xx_hal_i2c.o(i.HAL_I2C_Mem_Write)
    HAL_I2C_MspInit                          0x08002299   Thumb Code   182  i2c.o(i.HAL_I2C_MspInit)
    HAL_IncTick                              0x08002361   Thumb Code    16  stm32f4xx_hal.o(i.HAL_IncTick)
    HAL_Init                                 0x08002379   Thumb Code    54  stm32f4xx_hal.o(i.HAL_Init)
    HAL_InitTick                             0x080023b5   Thumb Code    64  stm32f4xx_hal.o(i.HAL_InitTick)
    HAL_MspInit                              0x08002401   Thumb Code    78  stm32f4xx_hal_msp.o(i.HAL_MspInit)
    HAL_NVIC_EnableIRQ                       0x08002455   Thumb Code    32  stm32f4xx_hal_cortex.o(i.HAL_NVIC_EnableIRQ)
    HAL_NVIC_SetPriority                     0x08002475   Thumb Code   124  stm32f4xx_hal_cortex.o(i.HAL_NVIC_SetPriority)
    HAL_NVIC_SetPriorityGrouping             0x080024f1   Thumb Code    32  stm32f4xx_hal_cortex.o(i.HAL_NVIC_SetPriorityGrouping)
    HAL_RCC_ClockConfig                      0x08002519   Thumb Code   368  stm32f4xx_hal_rcc.o(i.HAL_RCC_ClockConfig)
    HAL_RCC_GetHCLKFreq                      0x0800269d   Thumb Code     6  stm32f4xx_hal_rcc.o(i.HAL_RCC_GetHCLKFreq)
    HAL_RCC_GetPCLK1Freq                     0x080026a9   Thumb Code    22  stm32f4xx_hal_rcc.o(i.HAL_RCC_GetPCLK1Freq)
    HAL_RCC_GetPCLK2Freq                     0x080026c9   Thumb Code    22  stm32f4xx_hal_rcc.o(i.HAL_RCC_GetPCLK2Freq)
    HAL_RCC_GetSysClockFreq                  0x080026e9   Thumb Code   162  stm32f4xx_hal_rcc.o(i.HAL_RCC_GetSysClockFreq)
    HAL_RCC_OscConfig                        0x08002799   Thumb Code  1172  stm32f4xx_hal_rcc.o(i.HAL_RCC_OscConfig)
    HAL_SPI_Init                             0x08002c35   Thumb Code   200  stm32f4xx_hal_spi.o(i.HAL_SPI_Init)
    HAL_SPI_MspInit                          0x08002cfd   Thumb Code   316  spi.o(i.HAL_SPI_MspInit)
    HAL_SPI_TransmitReceive                  0x08002e55   Thumb Code   554  stm32f4xx_hal_spi.o(i.HAL_SPI_TransmitReceive)
    HAL_SYSTICK_Config                       0x0800307f   Thumb Code    52  stm32f4xx_hal_cortex.o(i.HAL_SYSTICK_Config)
    HAL_TIMEx_BreakCallback                  0x080030b3   Thumb Code     2  stm32f4xx_hal_tim_ex.o(i.HAL_TIMEx_BreakCallback)
    HAL_TIMEx_CommutCallback                 0x080030b5   Thumb Code     2  stm32f4xx_hal_tim_ex.o(i.HAL_TIMEx_CommutCallback)
    HAL_TIM_Base_Init                        0x080030b7   Thumb Code   102  stm32f4xx_hal_tim.o(i.HAL_TIM_Base_Init)
    HAL_TIM_Base_MspInit                     0x0800311d   Thumb Code    62  tim.o(i.HAL_TIM_Base_MspInit)
    HAL_TIM_IC_CaptureCallback               0x08003165   Thumb Code     2  stm32f4xx_hal_tim.o(i.HAL_TIM_IC_CaptureCallback)
    HAL_TIM_IRQHandler                       0x08003167   Thumb Code   406  stm32f4xx_hal_tim.o(i.HAL_TIM_IRQHandler)
    HAL_TIM_MspPostInit                      0x080032fd   Thumb Code    86  tim.o(i.HAL_TIM_MspPostInit)
    HAL_TIM_OC_DelayElapsedCallback          0x08003361   Thumb Code     2  stm32f4xx_hal_tim.o(i.HAL_TIM_OC_DelayElapsedCallback)
    HAL_TIM_PWM_ConfigChannel                0x08003363   Thumb Code   260  stm32f4xx_hal_tim.o(i.HAL_TIM_PWM_ConfigChannel)
    HAL_TIM_PWM_Init                         0x08003467   Thumb Code   102  stm32f4xx_hal_tim.o(i.HAL_TIM_PWM_Init)
    HAL_TIM_PWM_MspInit                      0x080034cd   Thumb Code     2  stm32f4xx_hal_tim.o(i.HAL_TIM_PWM_MspInit)
    HAL_TIM_PWM_PulseFinishedCallback        0x080034cf   Thumb Code     2  stm32f4xx_hal_tim.o(i.HAL_TIM_PWM_PulseFinishedCallback)
    HAL_TIM_PeriodElapsedCallback            0x080034d1   Thumb Code     2  stm32f4xx_hal_tim.o(i.HAL_TIM_PeriodElapsedCallback)
    HAL_TIM_TriggerCallback                  0x080034d3   Thumb Code     2  stm32f4xx_hal_tim.o(i.HAL_TIM_TriggerCallback)
    HAL_UARTEx_RxEventCallback               0x080034d5   Thumb Code     2  stm32f4xx_hal_uart.o(i.HAL_UARTEx_RxEventCallback)
    HAL_UART_ErrorCallback                   0x080034d7   Thumb Code     2  stm32f4xx_hal_uart.o(i.HAL_UART_ErrorCallback)
    HAL_UART_IRQHandler                      0x080034d9   Thumb Code   732  stm32f4xx_hal_uart.o(i.HAL_UART_IRQHandler)
    HAL_UART_Init                            0x080037b9   Thumb Code   114  stm32f4xx_hal_uart.o(i.HAL_UART_Init)
    HAL_UART_MspInit                         0x0800382d   Thumb Code   718  usart.o(i.HAL_UART_MspInit)
    HAL_UART_RxCpltCallback                  0x08003b35   Thumb Code     2  stm32f4xx_hal_uart.o(i.HAL_UART_RxCpltCallback)
    HAL_UART_TxCpltCallback                  0x08003b37   Thumb Code     2  stm32f4xx_hal_uart.o(i.HAL_UART_TxCpltCallback)
    HardFault_Handler                        0x08003b39   Thumb Code     4  stm32f4xx_it.o(i.HardFault_Handler)
    MX_ADC1_Init                             0x08004041   Thumb Code   100  adc.o(i.MX_ADC1_Init)
    MX_ADC3_Init                             0x080040b1   Thumb Code   100  adc.o(i.MX_ADC3_Init)
    MX_CAN1_Init                             0x08004121   Thumb Code    58  can.o(i.MX_CAN1_Init)
    MX_CAN2_Init                             0x08004165   Thumb Code    58  can.o(i.MX_CAN2_Init)
    MX_DMA_Init                              0x080041a9   Thumb Code   162  dma.o(i.MX_DMA_Init)
    MX_FREERTOS_Init                         0x08004251   Thumb Code   102  freertos.o(i.MX_FREERTOS_Init)
    MX_GPIO_Init                             0x080042cd   Thumb Code   450  gpio.o(i.MX_GPIO_Init)
    MX_I2C3_Init                             0x080044a9   Thumb Code    48  i2c.o(i.MX_I2C3_Init)
    MX_SPI1_Init                             0x080044e5   Thumb Code    62  spi.o(i.MX_SPI1_Init)
    MX_TIM10_Init                            0x0800452d   Thumb Code   100  tim.o(i.MX_TIM10_Init)
    MX_USART1_UART_Init                      0x08004599   Thumb Code    46  usart.o(i.MX_USART1_UART_Init)
    MX_USART3_UART_Init                      0x080045d1   Thumb Code    48  usart.o(i.MX_USART3_UART_Init)
    MX_USART6_UART_Init                      0x0800460d   Thumb Code    46  usart.o(i.MX_USART6_UART_Init)
    MemManage_Handler                        0x08004645   Thumb Code     4  stm32f4xx_it.o(i.MemManage_Handler)
    NMI_Handler                              0x08004649   Thumb Code     4  stm32f4xx_it.o(i.NMI_Handler)
    RC_Init                                  0x0800464d   Thumb Code   142  bsp_rc.o(i.RC_Init)
    StartDefaultTask                         0x0800482d   Thumb Code    10  freertos.o(i.StartDefaultTask)
    SysTick_Handler                          0x08004837   Thumb Code    20  stm32f4xx_it.o(i.SysTick_Handler)
    SystemClock_Config                       0x0800484d   Thumb Code   170  main.o(i.SystemClock_Config)
    SystemInit                               0x08004901   Thumb Code    14  system_stm32f4xx.o(i.SystemInit)
    TIM1_UP_TIM10_IRQHandler                 0x08004915   Thumb Code    10  stm32f4xx_it.o(i.TIM1_UP_TIM10_IRQHandler)
    TIM_Base_SetConfig                       0x08004925   Thumb Code   170  stm32f4xx_hal_tim.o(i.TIM_Base_SetConfig)
    TIM_OC2_SetConfig                        0x08004a6d   Thumb Code   114  stm32f4xx_hal_tim.o(i.TIM_OC2_SetConfig)
    USART1_IRQHandler                        0x08004fd9   Thumb Code    10  stm32f4xx_it.o(i.USART1_IRQHandler)
    USART3_IRQHandler                        0x08004fe9   Thumb Code   298  remote_control.o(i.USART3_IRQHandler)
    USART6_IRQHandler                        0x08005135   Thumb Code    10  stm32f4xx_it.o(i.USART6_IRQHandler)
    UsageFault_Handler                       0x08005145   Thumb Code     4  stm32f4xx_it.o(i.UsageFault_Handler)
    blue_led_task                            0x080051bd   Thumb Code    12  task_led.o(i.blue_led_task)
    bmi088_accel_init                        0x080051c9   Thumb Code   290  bmi088driver.o(i.bmi088_accel_init)
    bmi088_gyro_init                         0x080052f1   Thumb Code   238  bmi088driver.o(i.bmi088_gyro_init)
    can_filter_init                          0x080053e5   Thumb Code    84  bsp_can.o(i.can_filter_init)
    entry_SysStatus                          0x08005441   Thumb Code   156  task_sysstatus.o(i.entry_SysStatus)
    entry_motor                              0x080054f9   Thumb Code    50  task_canmotor.o(i.entry_motor)
    get_battery_voltage                      0x0800552d   Thumb Code    60  task_sysstatus.o(i.get_battery_voltage)
    get_hardware_version                     0x08005575   Thumb Code    42  task_sysstatus.o(i.get_hardware_version)
    get_temprate                             0x080055a5   Thumb Code    76  task_sysstatus.o(i.get_temprate)
    init_vrefint_reciprocal                  0x08005601   Thumb Code    52  task_sysstatus.o(i.init_vrefint_reciprocal)
    ist8310_GPIO_init                        0x08005641   Thumb Code     2  ist8310driver_middleware.o(i.ist8310_GPIO_init)
    ist8310_IIC_read_muli_reg                0x08005645   Thumb Code    30  ist8310driver_middleware.o(i.ist8310_IIC_read_muli_reg)
    ist8310_IIC_read_single_reg              0x08005669   Thumb Code    40  ist8310driver_middleware.o(i.ist8310_IIC_read_single_reg)
    ist8310_IIC_write_single_reg             0x08005695   Thumb Code    34  ist8310driver_middleware.o(i.ist8310_IIC_write_single_reg)
    ist8310_RST_H                            0x080056bd   Thumb Code    14  ist8310driver_middleware.o(i.ist8310_RST_H)
    ist8310_RST_L                            0x080056d1   Thumb Code    14  ist8310driver_middleware.o(i.ist8310_RST_L)
    ist8310_com_init                         0x080056e5   Thumb Code     2  ist8310driver_middleware.o(i.ist8310_com_init)
    ist8310_delay_ms                         0x080056e7   Thumb Code    12  ist8310driver_middleware.o(i.ist8310_delay_ms)
    ist8310_delay_us                         0x080056f3   Thumb Code    74  ist8310driver_middleware.o(i.ist8310_delay_us)
    ist8310_init                             0x0800573d   Thumb Code   136  ist8310driver.o(i.ist8310_init)
    ist8310_read_mag                         0x080057c9   Thumb Code   136  ist8310driver.o(i.ist8310_read_mag)
    main                                     0x08005855   Thumb Code   108  main.o(i.main)
    osDelay                                  0x080058db   Thumb Code    24  cmsis_os.o(i.osDelay)
    osKernelStart                            0x080058f3   Thumb Code    10  cmsis_os.o(i.osKernelStart)
    osThreadCreate                           0x080058fd   Thumb Code    94  cmsis_os.o(i.osThreadCreate)
    pvPortMalloc                             0x08005ddd   Thumb Code   306  heap_4.o(i.pvPortMalloc)
    pxPortInitialiseStack                    0x08005f29   Thumb Code    38  port.o(i.pxPortInitialiseStack)
    remote_control_init                      0x08005f55   Thumb Code    16  remote_control.o(i.remote_control_init)
    uxListRemove                             0x08006043   Thumb Code    40  list.o(i.uxListRemove)
    vApplicationGetIdleTaskMemory            0x0800606d   Thumb Code    14  freertos.o(i.vApplicationGetIdleTaskMemory)
    vListInitialise                          0x08006085   Thumb Code    26  list.o(i.vListInitialise)
    vListInitialiseItem                      0x0800609f   Thumb Code     6  list.o(i.vListInitialiseItem)
    vListInsert                              0x080060a5   Thumb Code    52  list.o(i.vListInsert)
    vListInsertEnd                           0x080060d9   Thumb Code    24  list.o(i.vListInsertEnd)
    vPortEnterCritical                       0x080060f1   Thumb Code    76  port.o(i.vPortEnterCritical)
    vPortExitCritical                        0x08006145   Thumb Code    56  port.o(i.vPortExitCritical)
    vPortFree                                0x08006181   Thumb Code   150  heap_4.o(i.vPortFree)
    vPortSetupTimerInterrupt                 0x08006225   Thumb Code    36  port.o(i.vPortSetupTimerInterrupt)
    vTaskDelay                               0x0800624d   Thumb Code    82  tasks.o(i.vTaskDelay)
    vTaskStartScheduler                      0x080062a9   Thumb Code   146  tasks.o(i.vTaskStartScheduler)
    vTaskSuspendAll                          0x08006359   Thumb Code    12  tasks.o(i.vTaskSuspendAll)
    vTaskSwitchContext                       0x08006369   Thumb Code   118  tasks.o(i.vTaskSwitchContext)
    xPortStartScheduler                      0x080063f5   Thumb Code   330  port.o(i.xPortStartScheduler)
    xPortSysTickHandler                      0x0800655d   Thumb Code    46  port.o(i.xPortSysTickHandler)
    xTaskCreate                              0x08006591   Thumb Code   100  tasks.o(i.xTaskCreate)
    xTaskCreateStatic                        0x080065f5   Thumb Code   186  tasks.o(i.xTaskCreateStatic)
    xTaskGetSchedulerState                   0x080066b1   Thumb Code    24  tasks.o(i.xTaskGetSchedulerState)
    xTaskIncrementTick                       0x080066d1   Thumb Code   282  tasks.o(i.xTaskIncrementTick)
    xTaskResumeAll                           0x08006819   Thumb Code   224  tasks.o(i.xTaskResumeAll)
    _fp_init                                 0x0800691d   Thumb Code    10  fpinit.o(x$fpl$fpinit)
    __fplib_config_fpu_vfp                   0x08006925   Thumb Code     0  fpinit.o(x$fpl$fpinit)
    __fplib_config_pureend_doubles           0x08006925   Thumb Code     0  fpinit.o(x$fpl$fpinit)
    AHBPrescTable                            0x080069a0   Data          16  system_stm32f4xx.o(.constdata)
    APBPrescTable                            0x080069b0   Data           8  system_stm32f4xx.o(.constdata)
    Region$$Table$$Base                      0x080069f4   Number         0  anon$$obj.o(Region$$Table)
    Region$$Table$$Limit                     0x08006a14   Number         0  anon$$obj.o(Region$$Table)
    handware_version                         0x20000000   Data           1  main.o(.data)
    voltage                                  0x20000004   Data           4  main.o(.data)
    temperature                              0x20000008   Data           4  main.o(.data)
    temp                                     0x2000000c   Data           4  main.o(.data)
    defaultTaskHandle                        0x20000010   Data           4  freertos.o(.data)
    LED_BLUEHandle                           0x20000014   Data           4  freertos.o(.data)
    SysStatusHandle                          0x20000018   Data           4  freertos.o(.data)
    CAN_motorHandle                          0x2000001c   Data           4  freertos.o(.data)
    uwTick                                   0x20000024   Data           4  stm32f4xx_hal.o(.data)
    uwTickPrio                               0x20000028   Data           4  stm32f4xx_hal.o(.data)
    uwTickFreq                               0x2000002c   Data           1  stm32f4xx_hal.o(.data)
    SystemCoreClock                          0x20000030   Data           4  system_stm32f4xx.o(.data)
    pxCurrentTCB                             0x20000034   Data           4  tasks.o(.data)
    voltage_vrefint_proportion               0x2000009c   Data           4  task_sysstatus.o(.data)
    BMI088_ACCEL_SEN                         0x200000b4   Data           4  bmi088driver.o(.data)
    BMI088_GYRO_SEN                          0x200000b8   Data           4  bmi088driver.o(.data)
    gyro                                     0x200000e0   Data          12  main.o(.bss)
    accel                                    0x200000ec   Data          12  main.o(.bss)
    mag                                      0x200000f8   Data          12  main.o(.bss)
    hadc1                                    0x20000358   Data          72  adc.o(.bss)
    hadc3                                    0x200003a0   Data          72  adc.o(.bss)
    hcan1                                    0x200003e8   Data          40  can.o(.bss)
    hcan2                                    0x20000410   Data          40  can.o(.bss)
    hi2c3                                    0x20000438   Data          84  i2c.o(.bss)
    hspi1                                    0x2000048c   Data          88  spi.o(.bss)
    hdma_spi1_rx                             0x200004e4   Data          96  spi.o(.bss)
    hdma_spi1_tx                             0x20000544   Data          96  spi.o(.bss)
    htim10                                   0x200005a4   Data          72  tim.o(.bss)
    huart1                                   0x200005ec   Data          68  usart.o(.bss)
    huart3                                   0x20000630   Data          68  usart.o(.bss)
    huart6                                   0x20000674   Data          68  usart.o(.bss)
    hdma_usart1_tx                           0x200006b8   Data          96  usart.o(.bss)
    hdma_usart3_rx                           0x20000718   Data          96  usart.o(.bss)
    hdma_usart6_rx                           0x20000778   Data          96  usart.o(.bss)
    hdma_usart6_tx                           0x200007d8   Data          96  usart.o(.bss)
    rc_ctrl                                  0x20004538   Data          22  remote_control.o(.bss)
    __libspace_start                         0x20004624   Data          96  libspace.o(.bss)
    __temporary_stack_top$libspace           0x20004684   Data           0  libspace.o(.bss)



==============================================================================

Memory Map of the image

  Image Entry point : 0x08000189

  Load Region LR_IROM1 (Base: 0x08000000, Size: 0x00006af4, Max: 0x00100000, ABSOLUTE)

    Execution Region ER_IROM1 (Exec base: 0x08000000, Load base: 0x08000000, Size: 0x00006a14, Max: 0x00100000, ABSOLUTE)

    Exec Addr    Load Addr    Size         Type   Attr      Idx    E Section Name        Object

    0x08000000   0x08000000   0x00000188   Data   RO            3    RESET               startup_stm32f407xx.o
    0x08000188   0x08000188   0x00000008   Code   RO         6760  * !!!main             c_w.l(__main.o)
    0x08000190   0x08000190   0x00000034   Code   RO         6931    !!!scatter          c_w.l(__scatter.o)
    0x080001c4   0x080001c4   0x0000001a   Code   RO         6933    !!handler_copy      c_w.l(__scatter_copy.o)
    0x080001de   0x080001de   0x00000002   PAD
    0x080001e0   0x080001e0   0x0000001c   Code   RO         6935    !!handler_zi        c_w.l(__scatter_zi.o)
    0x080001fc   0x080001fc   0x00000002   Code   RO         6799    .ARM.Collect$$libinit$$00000000  c_w.l(libinit.o)
    0x080001fe   0x080001fe   0x00000004   Code   RO         6811    .ARM.Collect$$libinit$$00000001  c_w.l(libinit2.o)
    0x08000202   0x08000202   0x00000000   Code   RO         6814    .ARM.Collect$$libinit$$00000004  c_w.l(libinit2.o)
    0x08000202   0x08000202   0x00000000   Code   RO         6817    .ARM.Collect$$libinit$$0000000A  c_w.l(libinit2.o)
    0x08000202   0x08000202   0x00000000   Code   RO         6819    .ARM.Collect$$libinit$$0000000C  c_w.l(libinit2.o)
    0x08000202   0x08000202   0x00000000   Code   RO         6821    .ARM.Collect$$libinit$$0000000E  c_w.l(libinit2.o)
    0x08000202   0x08000202   0x00000000   Code   RO         6824    .ARM.Collect$$libinit$$00000011  c_w.l(libinit2.o)
    0x08000202   0x08000202   0x00000000   Code   RO         6826    .ARM.Collect$$libinit$$00000013  c_w.l(libinit2.o)
    0x08000202   0x08000202   0x00000000   Code   RO         6828    .ARM.Collect$$libinit$$00000015  c_w.l(libinit2.o)
    0x08000202   0x08000202   0x00000000   Code   RO         6830    .ARM.Collect$$libinit$$00000017  c_w.l(libinit2.o)
    0x08000202   0x08000202   0x00000000   Code   RO         6832    .ARM.Collect$$libinit$$00000019  c_w.l(libinit2.o)
    0x08000202   0x08000202   0x00000000   Code   RO         6834    .ARM.Collect$$libinit$$0000001B  c_w.l(libinit2.o)
    0x08000202   0x08000202   0x00000000   Code   RO         6836    .ARM.Collect$$libinit$$0000001D  c_w.l(libinit2.o)
    0x08000202   0x08000202   0x00000000   Code   RO         6838    .ARM.Collect$$libinit$$0000001F  c_w.l(libinit2.o)
    0x08000202   0x08000202   0x00000000   Code   RO         6840    .ARM.Collect$$libinit$$00000021  c_w.l(libinit2.o)
    0x08000202   0x08000202   0x00000000   Code   RO         6842    .ARM.Collect$$libinit$$00000023  c_w.l(libinit2.o)
    0x08000202   0x08000202   0x00000000   Code   RO         6844    .ARM.Collect$$libinit$$00000025  c_w.l(libinit2.o)
    0x08000202   0x08000202   0x00000000   Code   RO         6848    .ARM.Collect$$libinit$$0000002C  c_w.l(libinit2.o)
    0x08000202   0x08000202   0x00000000   Code   RO         6850    .ARM.Collect$$libinit$$0000002E  c_w.l(libinit2.o)
    0x08000202   0x08000202   0x00000000   Code   RO         6852    .ARM.Collect$$libinit$$00000030  c_w.l(libinit2.o)
    0x08000202   0x08000202   0x00000000   Code   RO         6854    .ARM.Collect$$libinit$$00000032  c_w.l(libinit2.o)
    0x08000202   0x08000202   0x00000002   Code   RO         6855    .ARM.Collect$$libinit$$00000033  c_w.l(libinit2.o)
    0x08000204   0x08000204   0x00000002   Code   RO         6886    .ARM.Collect$$libshutdown$$00000000  c_w.l(libshutdown.o)
    0x08000206   0x08000206   0x00000000   Code   RO         6912    .ARM.Collect$$libshutdown$$00000002  c_w.l(libshutdown2.o)
    0x08000206   0x08000206   0x00000000   Code   RO         6914    .ARM.Collect$$libshutdown$$00000004  c_w.l(libshutdown2.o)
    0x08000206   0x08000206   0x00000000   Code   RO         6916    .ARM.Collect$$libshutdown$$00000006  c_w.l(libshutdown2.o)
    0x08000206   0x08000206   0x00000000   Code   RO         6919    .ARM.Collect$$libshutdown$$00000009  c_w.l(libshutdown2.o)
    0x08000206   0x08000206   0x00000000   Code   RO         6922    .ARM.Collect$$libshutdown$$0000000C  c_w.l(libshutdown2.o)
    0x08000206   0x08000206   0x00000000   Code   RO         6924    .ARM.Collect$$libshutdown$$0000000E  c_w.l(libshutdown2.o)
    0x08000206   0x08000206   0x00000000   Code   RO         6927    .ARM.Collect$$libshutdown$$00000011  c_w.l(libshutdown2.o)
    0x08000206   0x08000206   0x00000002   Code   RO         6928    .ARM.Collect$$libshutdown$$00000012  c_w.l(libshutdown2.o)
    0x08000208   0x08000208   0x00000000   Code   RO         6762    .ARM.Collect$$rtentry$$00000000  c_w.l(__rtentry.o)
    0x08000208   0x08000208   0x00000000   Code   RO         6770    .ARM.Collect$$rtentry$$00000002  c_w.l(__rtentry2.o)
    0x08000208   0x08000208   0x00000006   Code   RO         6782    .ARM.Collect$$rtentry$$00000004  c_w.l(__rtentry4.o)
    0x0800020e   0x0800020e   0x00000000   Code   RO         6772    .ARM.Collect$$rtentry$$00000009  c_w.l(__rtentry2.o)
    0x0800020e   0x0800020e   0x00000004   Code   RO         6773    .ARM.Collect$$rtentry$$0000000A  c_w.l(__rtentry2.o)
    0x08000212   0x08000212   0x00000000   Code   RO         6775    .ARM.Collect$$rtentry$$0000000C  c_w.l(__rtentry2.o)
    0x08000212   0x08000212   0x00000008   Code   RO         6776    .ARM.Collect$$rtentry$$0000000D  c_w.l(__rtentry2.o)
    0x0800021a   0x0800021a   0x00000002   Code   RO         6803    .ARM.Collect$$rtexit$$00000000  c_w.l(rtexit.o)
    0x0800021c   0x0800021c   0x00000000   Code   RO         6859    .ARM.Collect$$rtexit$$00000002  c_w.l(rtexit2.o)
    0x0800021c   0x0800021c   0x00000004   Code   RO         6860    .ARM.Collect$$rtexit$$00000003  c_w.l(rtexit2.o)
    0x08000220   0x08000220   0x00000006   Code   RO         6861    .ARM.Collect$$rtexit$$00000004  c_w.l(rtexit2.o)
    0x08000226   0x08000226   0x00000002   PAD
    0x08000228   0x08000228   0x000000be   Code   RO         5943    .emb_text           port.o
    0x080002e6   0x080002e6   0x00000002   PAD
    0x080002e8   0x080002e8   0x00000040   Code   RO            4    .text               startup_stm32f407xx.o
    0x08000328   0x08000328   0x000000ee   Code   RO         6748    .text               c_w.l(lludivv7m.o)
    0x08000416   0x08000416   0x00000064   Code   RO         6752    .text               c_w.l(rt_memcpy_w.o)
    0x0800047a   0x0800047a   0x0000004e   Code   RO         6756    .text               c_w.l(rt_memclr_w.o)
    0x080004c8   0x080004c8   0x00000006   Code   RO         6758    .text               c_w.l(heapauxi.o)
    0x080004ce   0x080004ce   0x0000004a   Code   RO         6786    .text               c_w.l(sys_stackheap_outer.o)
    0x08000518   0x08000518   0x00000012   Code   RO         6788    .text               c_w.l(exit.o)
    0x0800052a   0x0800052a   0x00000002   PAD
    0x0800052c   0x0800052c   0x00000008   Code   RO         6800    .text               c_w.l(libspace.o)
    0x08000534   0x08000534   0x0000000c   Code   RO         6856    .text               c_w.l(sys_exit.o)
    0x08000540   0x08000540   0x00000002   Code   RO         6875    .text               c_w.l(use_no_semi.o)
    0x08000542   0x08000542   0x00000000   Code   RO         6877    .text               c_w.l(indicate_semi.o)
    0x08000542   0x08000542   0x00000002   PAD
    0x08000544   0x08000544   0x00000160   Code   RO          814    i.ADC_Init          stm32f4xx_hal_adc.o
    0x080006a4   0x080006a4   0x00000014   Code   RO         6562    i.BMI088_ACCEL_NS_H  bmi088middleware.o
    0x080006b8   0x080006b8   0x00000014   Code   RO         6563    i.BMI088_ACCEL_NS_L  bmi088middleware.o
    0x080006cc   0x080006cc   0x00000002   Code   RO         6564    i.BMI088_GPIO_init  bmi088middleware.o
    0x080006ce   0x080006ce   0x00000002   PAD
    0x080006d0   0x080006d0   0x00000014   Code   RO         6565    i.BMI088_GYRO_NS_H  bmi088middleware.o
    0x080006e4   0x080006e4   0x00000014   Code   RO         6566    i.BMI088_GYRO_NS_L  bmi088middleware.o
    0x080006f8   0x080006f8   0x00000002   Code   RO         6567    i.BMI088_com_init   bmi088middleware.o
    0x080006fa   0x080006fa   0x0000001a   Code   RO         6568    i.BMI088_delay_ms   bmi088middleware.o
    0x08000714   0x08000714   0x0000004a   Code   RO         6569    i.BMI088_delay_us   bmi088middleware.o
    0x0800075e   0x0800075e   0x0000001c   Code   RO         6493    i.BMI088_init       bmi088driver.o
    0x0800077a   0x0800077a   0x00000002   PAD
    0x0800077c   0x0800077c   0x0000017c   Code   RO         6494    i.BMI088_read       bmi088driver.o
    0x080008f8   0x080008f8   0x00000026   Code   RO         6495    i.BMI088_read_muli_reg  bmi088driver.o
    0x0800091e   0x0800091e   0x00000018   Code   RO         6496    i.BMI088_read_single_reg  bmi088driver.o
    0x08000936   0x08000936   0x00000002   PAD
    0x08000938   0x08000938   0x00000020   Code   RO         6570    i.BMI088_read_write_byte  bmi088middleware.o
    0x08000958   0x08000958   0x00000014   Code   RO         6497    i.BMI088_write_single_reg  bmi088driver.o
    0x0800096c   0x0800096c   0x00000004   Code   RO          651    i.BusFault_Handler  stm32f4xx_it.o
    0x08000970   0x08000970   0x00000050   Code   RO         6420    i.CAN_cmd_chassis   can_receive.o
    0x080009c0   0x080009c0   0x00000050   Code   RO         6422    i.CAN_cmd_gimbal    can_receive.o
    0x08000a10   0x08000a10   0x00000010   Code   RO          652    i.DMA1_Stream1_IRQHandler  stm32f4xx_it.o
    0x08000a20   0x08000a20   0x00000010   Code   RO          653    i.DMA2_Stream1_IRQHandler  stm32f4xx_it.o
    0x08000a30   0x08000a30   0x00000010   Code   RO          654    i.DMA2_Stream2_IRQHandler  stm32f4xx_it.o
    0x08000a40   0x08000a40   0x00000010   Code   RO          655    i.DMA2_Stream3_IRQHandler  stm32f4xx_it.o
    0x08000a50   0x08000a50   0x00000010   Code   RO          656    i.DMA2_Stream6_IRQHandler  stm32f4xx_it.o
    0x08000a60   0x08000a60   0x00000010   Code   RO          657    i.DMA2_Stream7_IRQHandler  stm32f4xx_it.o
    0x08000a70   0x08000a70   0x00000034   Code   RO         1593    i.DMA_CalcBaseAndBitshift  stm32f4xx_hal_dma.o
    0x08000aa4   0x08000aa4   0x000000aa   Code   RO         1594    i.DMA_CheckFifoParam  stm32f4xx_hal_dma.o
    0x08000b4e   0x08000b4e   0x00000002   Code   RO          658    i.DebugMon_Handler  stm32f4xx_it.o
    0x08000b50   0x08000b50   0x0000000a   Code   RO          659    i.EXTI3_IRQHandler  stm32f4xx_it.o
    0x08000b5a   0x08000b5a   0x0000000a   Code   RO          660    i.EXTI4_IRQHandler  stm32f4xx_it.o
    0x08000b64   0x08000b64   0x00000006   Code   RO           13    i.Error_Handler     main.o
    0x08000b6a   0x08000b6a   0x00000002   PAD
    0x08000b6c   0x08000b6c   0x0000018c   Code   RO          816    i.HAL_ADC_ConfigChannel  stm32f4xx_hal_adc.o
    0x08000cf8   0x08000cf8   0x00000008   Code   RO          823    i.HAL_ADC_GetValue  stm32f4xx_hal_adc.o
    0x08000d00   0x08000d00   0x00000068   Code   RO          825    i.HAL_ADC_Init      stm32f4xx_hal_adc.o
    0x08000d68   0x08000d68   0x000000ac   Code   RO          345    i.HAL_ADC_MspInit   adc.o
    0x08000e14   0x08000e14   0x000000ce   Code   RO          829    i.HAL_ADC_PollForConversion  stm32f4xx_hal_adc.o
    0x08000ee2   0x08000ee2   0x00000002   PAD
    0x08000ee4   0x08000ee4   0x0000014c   Code   RO          831    i.HAL_ADC_Start     stm32f4xx_hal_adc.o
    0x08001030   0x08001030   0x0000002a   Code   RO         2272    i.HAL_CAN_ActivateNotification  stm32f4xx_hal_can.o
    0x0800105a   0x0800105a   0x00000156   Code   RO         2273    i.HAL_CAN_AddTxMessage  stm32f4xx_hal_can.o
    0x080011b0   0x080011b0   0x00000124   Code   RO         2274    i.HAL_CAN_ConfigFilter  stm32f4xx_hal_can.o
    0x080012d4   0x080012d4   0x00000174   Code   RO         2285    i.HAL_CAN_Init      stm32f4xx_hal_can.o
    0x08001448   0x08001448   0x00000140   Code   RO          393    i.HAL_CAN_MspInit   can.o
    0x08001588   0x08001588   0x0000005e   Code   RO         2297    i.HAL_CAN_Start     stm32f4xx_hal_can.o
    0x080015e6   0x080015e6   0x000000ac   Code   RO         1596    i.HAL_DMA_Abort     stm32f4xx_hal_dma.o
    0x08001692   0x08001692   0x00000028   Code   RO         1597    i.HAL_DMA_Abort_IT  stm32f4xx_hal_dma.o
    0x080016ba   0x080016ba   0x00000002   PAD
    0x080016bc   0x080016bc   0x00000240   Code   RO         1601    i.HAL_DMA_IRQHandler  stm32f4xx_hal_dma.o
    0x080018fc   0x080018fc   0x000000ec   Code   RO         1602    i.HAL_DMA_Init      stm32f4xx_hal_dma.o
    0x080019e8   0x080019e8   0x00000028   Code   RO         2020    i.HAL_Delay         stm32f4xx_hal.o
    0x08001a10   0x08001a10   0x00000014   Code   RO           14    i.HAL_GPIO_EXTI_Callback  main.o
    0x08001a24   0x08001a24   0x0000001c   Code   RO         1488    i.HAL_GPIO_EXTI_IRQHandler  stm32f4xx_hal_gpio.o
    0x08001a40   0x08001a40   0x000001f4   Code   RO         1489    i.HAL_GPIO_Init     stm32f4xx_hal_gpio.o
    0x08001c34   0x08001c34   0x00000010   Code   RO         1491    i.HAL_GPIO_ReadPin  stm32f4xx_hal_gpio.o
    0x08001c44   0x08001c44   0x00000014   Code   RO         1492    i.HAL_GPIO_TogglePin  stm32f4xx_hal_gpio.o
    0x08001c58   0x08001c58   0x0000000c   Code   RO         1493    i.HAL_GPIO_WritePin  stm32f4xx_hal_gpio.o
    0x08001c64   0x08001c64   0x0000000c   Code   RO         2026    i.HAL_GetTick       stm32f4xx_hal.o
    0x08001c70   0x08001c70   0x000001d0   Code   RO         2516    i.HAL_I2C_Init      stm32f4xx_hal_i2c.o
    0x08001e40   0x08001e40   0x000002f4   Code   RO         2534    i.HAL_I2C_Mem_Read  stm32f4xx_hal_i2c.o
    0x08002134   0x08002134   0x00000164   Code   RO         2537    i.HAL_I2C_Mem_Write  stm32f4xx_hal_i2c.o
    0x08002298   0x08002298   0x000000c8   Code   RO          466    i.HAL_I2C_MspInit   i2c.o
    0x08002360   0x08002360   0x00000018   Code   RO         2032    i.HAL_IncTick       stm32f4xx_hal.o
    0x08002378   0x08002378   0x0000003c   Code   RO         2033    i.HAL_Init          stm32f4xx_hal.o
    0x080023b4   0x080023b4   0x0000004c   Code   RO         2034    i.HAL_InitTick      stm32f4xx_hal.o
    0x08002400   0x08002400   0x00000054   Code   RO          787    i.HAL_MspInit       stm32f4xx_hal_msp.o
    0x08002454   0x08002454   0x00000020   Code   RO         1878    i.HAL_NVIC_EnableIRQ  stm32f4xx_hal_cortex.o
    0x08002474   0x08002474   0x0000007c   Code   RO         1884    i.HAL_NVIC_SetPriority  stm32f4xx_hal_cortex.o
    0x080024f0   0x080024f0   0x00000028   Code   RO         1885    i.HAL_NVIC_SetPriorityGrouping  stm32f4xx_hal_cortex.o
    0x08002518   0x08002518   0x00000184   Code   RO         1090    i.HAL_RCC_ClockConfig  stm32f4xx_hal_rcc.o
    0x0800269c   0x0800269c   0x0000000c   Code   RO         1095    i.HAL_RCC_GetHCLKFreq  stm32f4xx_hal_rcc.o
    0x080026a8   0x080026a8   0x00000020   Code   RO         1097    i.HAL_RCC_GetPCLK1Freq  stm32f4xx_hal_rcc.o
    0x080026c8   0x080026c8   0x00000020   Code   RO         1098    i.HAL_RCC_GetPCLK2Freq  stm32f4xx_hal_rcc.o
    0x080026e8   0x080026e8   0x000000b0   Code   RO         1099    i.HAL_RCC_GetSysClockFreq  stm32f4xx_hal_rcc.o
    0x08002798   0x08002798   0x0000049c   Code   RO         1102    i.HAL_RCC_OscConfig  stm32f4xx_hal_rcc.o
    0x08002c34   0x08002c34   0x000000c8   Code   RO         3006    i.HAL_SPI_Init      stm32f4xx_hal_spi.o
    0x08002cfc   0x08002cfc   0x00000158   Code   RO          508    i.HAL_SPI_MspInit   spi.o
    0x08002e54   0x08002e54   0x0000022a   Code   RO         3015    i.HAL_SPI_TransmitReceive  stm32f4xx_hal_spi.o
    0x0800307e   0x0800307e   0x00000034   Code   RO         1889    i.HAL_SYSTICK_Config  stm32f4xx_hal_cortex.o
    0x080030b2   0x080030b2   0x00000002   Code   RO         4034    i.HAL_TIMEx_BreakCallback  stm32f4xx_hal_tim_ex.o
    0x080030b4   0x080030b4   0x00000002   Code   RO         4035    i.HAL_TIMEx_CommutCallback  stm32f4xx_hal_tim_ex.o
    0x080030b6   0x080030b6   0x00000066   Code   RO         3319    i.HAL_TIM_Base_Init  stm32f4xx_hal_tim.o
    0x0800311c   0x0800311c   0x00000048   Code   RO          550    i.HAL_TIM_Base_MspInit  tim.o
    0x08003164   0x08003164   0x00000002   Code   RO         3353    i.HAL_TIM_IC_CaptureCallback  stm32f4xx_hal_tim.o
    0x08003166   0x08003166   0x00000196   Code   RO         3367    i.HAL_TIM_IRQHandler  stm32f4xx_hal_tim.o
    0x080032fc   0x080032fc   0x00000064   Code   RO          551    i.HAL_TIM_MspPostInit  tim.o
    0x08003360   0x08003360   0x00000002   Code   RO         3370    i.HAL_TIM_OC_DelayElapsedCallback  stm32f4xx_hal_tim.o
    0x08003362   0x08003362   0x00000104   Code   RO         3391    i.HAL_TIM_PWM_ConfigChannel  stm32f4xx_hal_tim.o
    0x08003466   0x08003466   0x00000066   Code   RO         3394    i.HAL_TIM_PWM_Init  stm32f4xx_hal_tim.o
    0x080034cc   0x080034cc   0x00000002   Code   RO         3396    i.HAL_TIM_PWM_MspInit  stm32f4xx_hal_tim.o
    0x080034ce   0x080034ce   0x00000002   Code   RO         3397    i.HAL_TIM_PWM_PulseFinishedCallback  stm32f4xx_hal_tim.o
    0x080034d0   0x080034d0   0x00000002   Code   RO         3405    i.HAL_TIM_PeriodElapsedCallback  stm32f4xx_hal_tim.o
    0x080034d2   0x080034d2   0x00000002   Code   RO         3410    i.HAL_TIM_TriggerCallback  stm32f4xx_hal_tim.o
    0x080034d4   0x080034d4   0x00000002   Code   RO         4312    i.HAL_UARTEx_RxEventCallback  stm32f4xx_hal_uart.o
    0x080034d6   0x080034d6   0x00000002   Code   RO         4326    i.HAL_UART_ErrorCallback  stm32f4xx_hal_uart.o
    0x080034d8   0x080034d8   0x000002e0   Code   RO         4329    i.HAL_UART_IRQHandler  stm32f4xx_hal_uart.o
    0x080037b8   0x080037b8   0x00000072   Code   RO         4330    i.HAL_UART_Init     stm32f4xx_hal_uart.o
    0x0800382a   0x0800382a   0x00000002   PAD
    0x0800382c   0x0800382c   0x00000308   Code   RO          598    i.HAL_UART_MspInit  usart.o
    0x08003b34   0x08003b34   0x00000002   Code   RO         4336    i.HAL_UART_RxCpltCallback  stm32f4xx_hal_uart.o
    0x08003b36   0x08003b36   0x00000002   Code   RO         4341    i.HAL_UART_TxCpltCallback  stm32f4xx_hal_uart.o
    0x08003b38   0x08003b38   0x00000004   Code   RO          661    i.HardFault_Handler  stm32f4xx_it.o
    0x08003b3c   0x08003b3c   0x0000003e   Code   RO         2559    i.I2C_IsAcknowledgeFailed  stm32f4xx_hal_i2c.o
    0x08003b7a   0x08003b7a   0x00000002   PAD
    0x08003b7c   0x08003b7c   0x00000160   Code   RO         2570    i.I2C_RequestMemoryRead  stm32f4xx_hal_i2c.o
    0x08003cdc   0x08003cdc   0x000000e0   Code   RO         2571    i.I2C_RequestMemoryWrite  stm32f4xx_hal_i2c.o
    0x08003dbc   0x08003dbc   0x0000005c   Code   RO         2579    i.I2C_WaitOnBTFFlagUntilTimeout  stm32f4xx_hal_i2c.o
    0x08003e18   0x08003e18   0x00000086   Code   RO         2580    i.I2C_WaitOnFlagUntilTimeout  stm32f4xx_hal_i2c.o
    0x08003e9e   0x08003e9e   0x000000c4   Code   RO         2581    i.I2C_WaitOnMasterAddressFlagUntilTimeout  stm32f4xx_hal_i2c.o
    0x08003f62   0x08003f62   0x00000080   Code   RO         2582    i.I2C_WaitOnRXNEFlagUntilTimeout  stm32f4xx_hal_i2c.o
    0x08003fe2   0x08003fe2   0x0000005c   Code   RO         2585    i.I2C_WaitOnTXEFlagUntilTimeout  stm32f4xx_hal_i2c.o
    0x0800403e   0x0800403e   0x00000002   PAD
    0x08004040   0x08004040   0x00000070   Code   RO          346    i.MX_ADC1_Init      adc.o
    0x080040b0   0x080040b0   0x00000070   Code   RO          347    i.MX_ADC3_Init      adc.o
    0x08004120   0x08004120   0x00000044   Code   RO          394    i.MX_CAN1_Init      can.o
    0x08004164   0x08004164   0x00000044   Code   RO          395    i.MX_CAN2_Init      can.o
    0x080041a8   0x080041a8   0x000000a8   Code   RO          441    i.MX_DMA_Init       dma.o
    0x08004250   0x08004250   0x0000007c   Code   RO          288    i.MX_FREERTOS_Init  freertos.o
    0x080042cc   0x080042cc   0x000001dc   Code   RO          264    i.MX_GPIO_Init      gpio.o
    0x080044a8   0x080044a8   0x0000003c   Code   RO          467    i.MX_I2C3_Init      i2c.o
    0x080044e4   0x080044e4   0x00000048   Code   RO          509    i.MX_SPI1_Init      spi.o
    0x0800452c   0x0800452c   0x0000006c   Code   RO          552    i.MX_TIM10_Init     tim.o
    0x08004598   0x08004598   0x00000038   Code   RO          599    i.MX_USART1_UART_Init  usart.o
    0x080045d0   0x080045d0   0x0000003c   Code   RO          600    i.MX_USART3_UART_Init  usart.o
    0x0800460c   0x0800460c   0x00000038   Code   RO          601    i.MX_USART6_UART_Init  usart.o
    0x08004644   0x08004644   0x00000004   Code   RO          662    i.MemManage_Handler  stm32f4xx_it.o
    0x08004648   0x08004648   0x00000004   Code   RO          663    i.NMI_Handler       stm32f4xx_it.o
    0x0800464c   0x0800464c   0x0000009c   Code   RO         6334    i.RC_Init           bsp_rc.o
    0x080046e8   0x080046e8   0x0000006c   Code   RO         3044    i.SPI_EndRxTxTransaction  stm32f4xx_hal_spi.o
    0x08004754   0x08004754   0x000000d8   Code   RO         3049    i.SPI_WaitFlagStateUntilTimeout  stm32f4xx_hal_spi.o
    0x0800482c   0x0800482c   0x0000000a   Code   RO          289    i.StartDefaultTask  freertos.o
    0x08004836   0x08004836   0x00000014   Code   RO          664    i.SysTick_Handler   stm32f4xx_it.o
    0x0800484a   0x0800484a   0x00000002   PAD
    0x0800484c   0x0800484c   0x000000b4   Code   RO           15    i.SystemClock_Config  main.o
    0x08004900   0x08004900   0x00000014   Code   RO         4669    i.SystemInit        system_stm32f4xx.o
    0x08004914   0x08004914   0x00000010   Code   RO          665    i.TIM1_UP_TIM10_IRQHandler  stm32f4xx_it.o
    0x08004924   0x08004924   0x000000d8   Code   RO         3412    i.TIM_Base_SetConfig  stm32f4xx_hal_tim.o
    0x080049fc   0x080049fc   0x00000070   Code   RO         3425    i.TIM_OC1_SetConfig  stm32f4xx_hal_tim.o
    0x08004a6c   0x08004a6c   0x0000007c   Code   RO         3426    i.TIM_OC2_SetConfig  stm32f4xx_hal_tim.o
    0x08004ae8   0x08004ae8   0x00000078   Code   RO         3427    i.TIM_OC3_SetConfig  stm32f4xx_hal_tim.o
    0x08004b60   0x08004b60   0x00000054   Code   RO         3428    i.TIM_OC4_SetConfig  stm32f4xx_hal_tim.o
    0x08004bb4   0x08004bb4   0x00000014   Code   RO         4343    i.UART_DMAAbortOnError  stm32f4xx_hal_uart.o
    0x08004bc8   0x08004bc8   0x0000006c   Code   RO         4353    i.UART_EndRxTransfer  stm32f4xx_hal_uart.o
    0x08004c34   0x08004c34   0x00000020   Code   RO         4354    i.UART_EndTransmit_IT  stm32f4xx_hal_uart.o
    0x08004c54   0x08004c54   0x000000f8   Code   RO         4356    i.UART_Receive_IT   stm32f4xx_hal_uart.o
    0x08004d4c   0x08004d4c   0x0000022c   Code   RO         4357    i.UART_SetConfig    stm32f4xx_hal_uart.o
    0x08004f78   0x08004f78   0x00000060   Code   RO         4360    i.UART_Transmit_IT  stm32f4xx_hal_uart.o
    0x08004fd8   0x08004fd8   0x00000010   Code   RO          666    i.USART1_IRQHandler  stm32f4xx_it.o
    0x08004fe8   0x08004fe8   0x0000014c   Code   RO         6140    i.USART3_IRQHandler  remote_control.o
    0x08005134   0x08005134   0x00000010   Code   RO          668    i.USART6_IRQHandler  stm32f4xx_it.o
    0x08005144   0x08005144   0x00000004   Code   RO          669    i.UsageFault_Handler  stm32f4xx_it.o
    0x08005148   0x08005148   0x00000010   Code   RO         1891    i.__NVIC_GetPriorityGrouping  stm32f4xx_hal_cortex.o
    0x08005158   0x08005158   0x00000028   Code   RO         1892    i.__NVIC_SetPriority  stm32f4xx_hal_cortex.o
    0x08005180   0x08005180   0x0000003c   Code   RO         6050    i.adcx_get_chx_value  task_sysstatus.o
    0x080051bc   0x080051bc   0x0000000c   Code   RO         6023    i.blue_led_task     task_led.o
    0x080051c8   0x080051c8   0x00000128   Code   RO         6498    i.bmi088_accel_init  bmi088driver.o
    0x080052f0   0x080052f0   0x000000f4   Code   RO         6499    i.bmi088_gyro_init  bmi088driver.o
    0x080053e4   0x080053e4   0x0000005c   Code   RO         6306    i.can_filter_init   bsp_can.o
    0x08005440   0x08005440   0x000000b8   Code   RO         6051    i.entry_SysStatus   task_sysstatus.o
    0x080054f8   0x080054f8   0x00000032   Code   RO         6111    i.entry_motor       task_canmotor.o
    0x0800552a   0x0800552a   0x00000002   PAD
    0x0800552c   0x0800552c   0x00000048   Code   RO         6052    i.get_battery_voltage  task_sysstatus.o
    0x08005574   0x08005574   0x00000030   Code   RO         6053    i.get_hardware_version  task_sysstatus.o
    0x080055a4   0x080055a4   0x0000005c   Code   RO         6054    i.get_temprate      task_sysstatus.o
    0x08005600   0x08005600   0x00000040   Code   RO         6055    i.init_vrefint_reciprocal  task_sysstatus.o
    0x08005640   0x08005640   0x00000002   Code   RO         6667    i.ist8310_GPIO_init  ist8310driver_middleware.o
    0x08005642   0x08005642   0x00000002   PAD
    0x08005644   0x08005644   0x00000024   Code   RO         6668    i.ist8310_IIC_read_muli_reg  ist8310driver_middleware.o
    0x08005668   0x08005668   0x0000002c   Code   RO         6669    i.ist8310_IIC_read_single_reg  ist8310driver_middleware.o
    0x08005694   0x08005694   0x00000028   Code   RO         6671    i.ist8310_IIC_write_single_reg  ist8310driver_middleware.o
    0x080056bc   0x080056bc   0x00000014   Code   RO         6672    i.ist8310_RST_H     ist8310driver_middleware.o
    0x080056d0   0x080056d0   0x00000014   Code   RO         6673    i.ist8310_RST_L     ist8310driver_middleware.o
    0x080056e4   0x080056e4   0x00000002   Code   RO         6674    i.ist8310_com_init  ist8310driver_middleware.o
    0x080056e6   0x080056e6   0x0000000c   Code   RO         6675    i.ist8310_delay_ms  ist8310driver_middleware.o
    0x080056f2   0x080056f2   0x0000004a   Code   RO         6676    i.ist8310_delay_us  ist8310driver_middleware.o
    0x0800573c   0x0800573c   0x0000008c   Code   RO         6632    i.ist8310_init      ist8310driver.o
    0x080057c8   0x080057c8   0x0000008c   Code   RO         6633    i.ist8310_read_mag  ist8310driver.o
    0x08005854   0x08005854   0x00000078   Code   RO           16    i.main              main.o
    0x080058cc   0x080058cc   0x0000000e   Code   RO         5509    i.makeFreeRtosPriority  cmsis_os.o
    0x080058da   0x080058da   0x00000018   Code   RO         5511    i.osDelay           cmsis_os.o
    0x080058f2   0x080058f2   0x0000000a   Code   RO         5514    i.osKernelStart     cmsis_os.o
    0x080058fc   0x080058fc   0x0000005e   Code   RO         5548    i.osThreadCreate    cmsis_os.o
    0x0800595a   0x0800595a   0x00000002   PAD
    0x0800595c   0x0800595c   0x00000098   Code   RO         5180    i.prvAddCurrentTaskToDelayedList  tasks.o
    0x080059f4   0x080059f4   0x000000b4   Code   RO         5181    i.prvAddNewTaskToReadyList  tasks.o
    0x08005aa8   0x08005aa8   0x00000048   Code   RO         5182    i.prvCheckTasksWaitingTermination  tasks.o
    0x08005af0   0x08005af0   0x00000050   Code   RO         5183    i.prvDeleteTCB      tasks.o
    0x08005b40   0x08005b40   0x0000007c   Code   RO         5876    i.prvHeapInit       heap_4.o
    0x08005bbc   0x08005bbc   0x00000028   Code   RO         5184    i.prvIdleTask       tasks.o
    0x08005be4   0x08005be4   0x000000b4   Code   RO         5185    i.prvInitialiseNewTask  tasks.o
    0x08005c98   0x08005c98   0x00000068   Code   RO         5186    i.prvInitialiseTaskLists  tasks.o
    0x08005d00   0x08005d00   0x00000068   Code   RO         5877    i.prvInsertBlockIntoFreeList  heap_4.o
    0x08005d68   0x08005d68   0x00000034   Code   RO         5187    i.prvResetNextTaskUnblockTime  tasks.o
    0x08005d9c   0x08005d9c   0x00000040   Code   RO         5944    i.prvTaskExitError  port.o
    0x08005ddc   0x08005ddc   0x0000014c   Code   RO         5878    i.pvPortMalloc      heap_4.o
    0x08005f28   0x08005f28   0x0000002c   Code   RO         5945    i.pxPortInitialiseStack  port.o
    0x08005f54   0x08005f54   0x00000014   Code   RO         6142    i.remote_control_init  remote_control.o
    0x08005f68   0x08005f68   0x000000da   Code   RO         6143    i.sbus_to_rc        remote_control.o
    0x08006042   0x08006042   0x00000028   Code   RO         4806    i.uxListRemove      list.o
    0x0800606a   0x0800606a   0x00000002   PAD
    0x0800606c   0x0800606c   0x00000018   Code   RO          290    i.vApplicationGetIdleTaskMemory  freertos.o
    0x08006084   0x08006084   0x0000001a   Code   RO         4807    i.vListInitialise   list.o
    0x0800609e   0x0800609e   0x00000006   Code   RO         4808    i.vListInitialiseItem  list.o
    0x080060a4   0x080060a4   0x00000034   Code   RO         4809    i.vListInsert       list.o
    0x080060d8   0x080060d8   0x00000018   Code   RO         4810    i.vListInsertEnd    list.o
    0x080060f0   0x080060f0   0x00000054   Code   RO         5947    i.vPortEnterCritical  port.o
    0x08006144   0x08006144   0x0000003c   Code   RO         5948    i.vPortExitCritical  port.o
    0x08006180   0x08006180   0x000000a4   Code   RO         5879    i.vPortFree         heap_4.o
    0x08006224   0x08006224   0x00000028   Code   RO         5949    i.vPortSetupTimerInterrupt  port.o
    0x0800624c   0x0800624c   0x0000005c   Code   RO         5196    i.vTaskDelay        tasks.o
    0x080062a8   0x080062a8   0x000000b0   Code   RO         5209    i.vTaskStartScheduler  tasks.o
    0x08006358   0x08006358   0x00000010   Code   RO         5211    i.vTaskSuspendAll   tasks.o
    0x08006368   0x08006368   0x0000008c   Code   RO         5212    i.vTaskSwitchContext  tasks.o
    0x080063f4   0x080063f4   0x00000168   Code   RO         5951    i.xPortStartScheduler  port.o
    0x0800655c   0x0800655c   0x00000034   Code   RO         5952    i.xPortSysTickHandler  port.o
    0x08006590   0x08006590   0x00000064   Code   RO         5215    i.xTaskCreate       tasks.o
    0x080065f4   0x080065f4   0x000000ba   Code   RO         5216    i.xTaskCreateStatic  tasks.o
    0x080066ae   0x080066ae   0x00000002   PAD
    0x080066b0   0x080066b0   0x00000020   Code   RO         5220    i.xTaskGetSchedulerState  tasks.o
    0x080066d0   0x080066d0   0x00000148   Code   RO         5223    i.xTaskIncrementTick  tasks.o
    0x08006818   0x08006818   0x00000104   Code   RO         5229    i.xTaskResumeAll    tasks.o
    0x0800691c   0x0800691c   0x0000000a   Code   RO         6871    x$fpl$fpinit        fz_wm.l(fpinit.o)
    0x08006926   0x08006926   0x00000002   PAD
    0x08006928   0x08006928   0x00000070   Data   RO          292    .constdata          freertos.o
    0x08006998   0x08006998   0x00000008   Data   RO         1608    .constdata          stm32f4xx_hal_dma.o
    0x080069a0   0x080069a0   0x00000018   Data   RO         4670    .constdata          system_stm32f4xx.o
    0x080069b8   0x080069b8   0x0000000c   Data   RO         6635    .constdata          ist8310driver.o
    0x080069c4   0x080069c4   0x0000002e   Data   RO          293    .conststring        freertos.o
    0x080069f2   0x080069f2   0x00000002   PAD
    0x080069f4   0x080069f4   0x00000020   Data   RO         6929    Region$$Table       anon$$obj.o


    Execution Region RW_IRAM1 (Exec base: 0x20000000, Load base: 0x08006a14, Size: 0x00004c88, Max: 0x0001c000, ABSOLUTE)

    Exec Addr    Load Addr    Size         Type   Attr      Idx    E Section Name        Object

    0x20000000   0x08006a14   0x00000010   Data   RW           18    .data               main.o
    0x20000010   0x08006a24   0x00000010   Data   RW          294    .data               freertos.o
    0x20000020   0x08006a34   0x00000004   Data   RW          397    .data               can.o
    0x20000024   0x08006a38   0x00000009   Data   RW         2040    .data               stm32f4xx_hal.o
    0x2000002d   0x08006a41   0x00000003   PAD
    0x20000030   0x08006a44   0x00000004   Data   RW         4671    .data               system_stm32f4xx.o
    0x20000034   0x08006a48   0x0000003c   Data   RW         5232    .data               tasks.o
    0x20000070   0x08006a84   0x00000020   Data   RW         5885    .data               heap_4.o
    0x20000090   0x08006aa4   0x0000000c   Data   RW         5953    .data               port.o
    0x2000009c   0x08006ab0   0x00000004   Data   RW         6057    .data               task_sysstatus.o
    0x200000a0   0x08006ab4   0x00000003   Data   RW         6148    .data               remote_control.o
    0x200000a3   0x08006ab7   0x00000011   Data   RW         6429    .data               can_receive.o
    0x200000b4   0x08006ac8   0x0000002c   Data   RW         6500    .data               bmi088driver.o
    0x200000e0        -       0x00000024   Zero   RW           17    .bss                main.o
    0x20000104        -       0x00000254   Zero   RW          291    .bss                freertos.o
    0x20000358        -       0x00000090   Zero   RW          348    .bss                adc.o
    0x200003e8        -       0x00000050   Zero   RW          396    .bss                can.o
    0x20000438        -       0x00000054   Zero   RW          468    .bss                i2c.o
    0x2000048c        -       0x00000118   Zero   RW          510    .bss                spi.o
    0x200005a4        -       0x00000048   Zero   RW          553    .bss                tim.o
    0x200005ec        -       0x0000024c   Zero   RW          602    .bss                usart.o
    0x20000838        -       0x000000f0   Zero   RW         5231    .bss                tasks.o
    0x20000928        -       0x00003c00   Zero   RW         5884    .bss                heap_4.o
    0x20004528        -       0x00000010   Zero   RW         6056    .bss                task_sysstatus.o
    0x20004538        -       0x00000072   Zero   RW         6147    .bss                remote_control.o
    0x200045aa   0x08006af4   0x00000002   PAD
    0x200045ac        -       0x00000078   Zero   RW         6428    .bss                can_receive.o
    0x20004624        -       0x00000060   Zero   RW         6801    .bss                c_w.l(libspace.o)
    0x20004684   0x08006af4   0x00000004   PAD
    0x20004688        -       0x00000200   Zero   RW            2    HEAP                startup_stm32f407xx.o
    0x20004888        -       0x00000400   Zero   RW            1    STACK               startup_stm32f407xx.o


    Execution Region RW_IRAM2 (Exec base: 0x2001c000, Load base: 0x08006af4, Size: 0x00000000, Max: 0x00004000, ABSOLUTE)

    **** No section assigned to this execution region ****


==============================================================================

Image component sizes


      Code (inc. data)   RO Data    RW Data    ZI Data      Debug   Object Name

       396         42          0          0        144       2418   adc.o
      1030         20          0         44          0       6566   bmi088driver.o
       216         28          0          0          0       5076   bmi088middleware.o
        92          8          0          0          0        598   bsp_can.o
       156         14          0          0          0       1034   bsp_rc.o
       456         44          0          4         80       2482   can.o
       160         24          0         17        120       3945   can_receive.o
       142          0          0          0          0      23103   cmsis_os.o
       168          6          0          0          0        866   dma.o
         0          0          0          0          0      16932   event_groups.o
       158         32        158         16        596       2857   freertos.o
       476         26          0          0          0       1231   gpio.o
       724         74          0         32      15360       7491   heap_4.o
       260         30          0          0         84       1769   i2c.o
       280          8         12          0          0       2702   ist8310driver.o
       250         28          0          0          0       5958   ist8310driver_middleware.o
       148          0          0          0          0       3630   list.o
       326         26          0         16         36     766188   main.o
       894         78          0         12          0      11272   port.o
       570         38          0          3        114     605925   remote_control.o
       416         38          0          0        280       1975   spi.o
        64         26        392          0       1536        856   startup_stm32f407xx.o
       212         36          0          9          0       9481   stm32f4xx_hal.o
      1398         52          0          0          0       5210   stm32f4xx_hal_adc.o
      1142          6          0          0          0       4972   stm32f4xx_hal_can.o
       304         22          0          0          0      34523   stm32f4xx_hal_cortex.o
      1246         16          8          0          0       5443   stm32f4xx_hal_dma.o
       576         50          0          0          0       4131   stm32f4xx_hal_gpio.o
      2856         46          0          0          0      11798   stm32f4xx_hal_i2c.o
        84          6          0          0          0        882   stm32f4xx_hal_msp.o
      1820         84          0          0          0       5692   stm32f4xx_hal_rcc.o
      1078         14          0          0          0       4717   stm32f4xx_hal_spi.o
      1538         82          0          0          0      11052   stm32f4xx_hal_tim.o
         4          0          0          0          0       1597   stm32f4xx_hal_tim_ex.o
      1918         14          0          0          0       9680   stm32f4xx_hal_uart.o
       206         54          0          0          0       9032   stm32f4xx_it.o
         0          0          0          0          0        392   stream_buffer.o
        20          6         24          4          0       1163   system_stm32f4xx.o
        50          0          0          0          0        578   task_canmotor.o
        12          0          0          0          0        536   task_led.o
       520         78          0          4         16       4700   task_sysstatus.o
      2190        278          0         60        240      21230   tasks.o
       280         32          0          0         72       2382   tim.o
       948         90          0          0        588       3568   usart.o

    ----------------------------------------------------------------------
     25816       1556        628        224      19268    1627633   Object Totals
         0          0         32          0          0          0   (incl. Generated)
        32          0          2          3          2          0   (incl. Padding)

    ----------------------------------------------------------------------

      Code (inc. data)   RO Data    RW Data    ZI Data      Debug   Library Member Name

         8          0          0          0          0         68   __main.o
         0          0          0          0          0          0   __rtentry.o
        12          0          0          0          0          0   __rtentry2.o
         6          0          0          0          0          0   __rtentry4.o
        52          8          0          0          0          0   __scatter.o
        26          0          0          0          0          0   __scatter_copy.o
        28          0          0          0          0          0   __scatter_zi.o
        18          0          0          0          0         80   exit.o
         6          0          0          0          0        152   heapauxi.o
         0          0          0          0          0          0   indicate_semi.o
         2          0          0          0          0          0   libinit.o
         6          0          0          0          0          0   libinit2.o
         2          0          0          0          0          0   libshutdown.o
         2          0          0          0          0          0   libshutdown2.o
         8          4          0          0         96         68   libspace.o
       238          0          0          0          0        100   lludivv7m.o
        78          0          0          0          0         80   rt_memclr_w.o
       100          0          0          0          0         80   rt_memcpy_w.o
         2          0          0          0          0          0   rtexit.o
        10          0          0          0          0          0   rtexit2.o
        12          4          0          0          0         68   sys_exit.o
        74          0          0          0          0         80   sys_stackheap_outer.o
         2          0          0          0          0         68   use_no_semi.o
        10          0          0          0          0        116   fpinit.o

    ----------------------------------------------------------------------
       712         16          0          0        100        960   Library Totals
        10          0          0          0          4          0   (incl. Padding)

    ----------------------------------------------------------------------

      Code (inc. data)   RO Data    RW Data    ZI Data      Debug   Library Name

       692         16          0          0         96        844   c_w.l
        10          0          0          0          0        116   fz_wm.l

    ----------------------------------------------------------------------
       712         16          0          0        100        960   Library Totals

    ----------------------------------------------------------------------

==============================================================================


      Code (inc. data)   RO Data    RW Data    ZI Data      Debug   

     26528       1572        628        224      19368    1607981   Grand Totals
     26528       1572        628        224      19368    1607981   ELF Image Totals
     26528       1572        628        224          0          0   ROM Totals

==============================================================================

    Total RO  Size (Code + RO Data)                27156 (  26.52kB)
    Total RW  Size (RW Data + ZI Data)             19592 (  19.13kB)
    Total ROM Size (Code + RO Data + RW Data)      27380 (  26.74kB)

==============================================================================

