Component: ARM Compiler 5.06 update 7 (build 960) Tool: armlink [4d3601]

==============================================================================

Section Cross References

    startup_stm32f407xx.o(STACK) refers (Special) to heapauxi.o(.text) for __use_two_region_memory
    startup_stm32f407xx.o(HEAP) refers (Special) to heapauxi.o(.text) for __use_two_region_memory
    startup_stm32f407xx.o(RESET) refers (Special) to heapauxi.o(.text) for __use_two_region_memory
    startup_stm32f407xx.o(RESET) refers to startup_stm32f407xx.o(STACK) for __initial_sp
    startup_stm32f407xx.o(RESET) refers to startup_stm32f407xx.o(.text) for Reset_Handler
    startup_stm32f407xx.o(RESET) refers to stm32f4xx_it.o(i.NMI_Handler) for NMI_Handler
    startup_stm32f407xx.o(RESET) refers to stm32f4xx_it.o(i.HardFault_Handler) for HardFault_Handler
    startup_stm32f407xx.o(RESET) refers to stm32f4xx_it.o(i.MemManage_Handler) for MemManage_Handler
    startup_stm32f407xx.o(RESET) refers to stm32f4xx_it.o(i.BusFault_Handler) for BusFault_Handler
    startup_stm32f407xx.o(RESET) refers to stm32f4xx_it.o(i.UsageFault_Handler) for UsageFault_Handler
    startup_stm32f407xx.o(RESET) refers to port.o(.emb_text) for SVC_Handler
    startup_stm32f407xx.o(RESET) refers to stm32f4xx_it.o(i.DebugMon_Handler) for DebugMon_Handler
    startup_stm32f407xx.o(RESET) refers to stm32f4xx_it.o(i.SysTick_Handler) for SysTick_Handler
    startup_stm32f407xx.o(RESET) refers to stm32f4xx_it.o(i.EXTI3_IRQHandler) for EXTI3_IRQHandler
    startup_stm32f407xx.o(RESET) refers to stm32f4xx_it.o(i.EXTI4_IRQHandler) for EXTI4_IRQHandler
    startup_stm32f407xx.o(RESET) refers to stm32f4xx_it.o(i.DMA1_Stream1_IRQHandler) for DMA1_Stream1_IRQHandler
    startup_stm32f407xx.o(RESET) refers to stm32f4xx_it.o(i.CAN1_RX0_IRQHandler) for CAN1_RX0_IRQHandler
    startup_stm32f407xx.o(RESET) refers to stm32f4xx_it.o(i.TIM1_UP_TIM10_IRQHandler) for TIM1_UP_TIM10_IRQHandler
    startup_stm32f407xx.o(RESET) refers to stm32f4xx_it.o(i.USART1_IRQHandler) for USART1_IRQHandler
    startup_stm32f407xx.o(RESET) refers to remote_control.o(i.USART3_IRQHandler) for USART3_IRQHandler
    startup_stm32f407xx.o(RESET) refers to stm32f4xx_it.o(i.DMA2_Stream1_IRQHandler) for DMA2_Stream1_IRQHandler
    startup_stm32f407xx.o(RESET) refers to stm32f4xx_it.o(i.DMA2_Stream2_IRQHandler) for DMA2_Stream2_IRQHandler
    startup_stm32f407xx.o(RESET) refers to stm32f4xx_it.o(i.DMA2_Stream3_IRQHandler) for DMA2_Stream3_IRQHandler
    startup_stm32f407xx.o(RESET) refers to stm32f4xx_it.o(i.DMA2_Stream6_IRQHandler) for DMA2_Stream6_IRQHandler
    startup_stm32f407xx.o(RESET) refers to stm32f4xx_it.o(i.DMA2_Stream7_IRQHandler) for DMA2_Stream7_IRQHandler
    startup_stm32f407xx.o(RESET) refers to stm32f4xx_it.o(i.USART6_IRQHandler) for USART6_IRQHandler
    startup_stm32f407xx.o(.text) refers (Special) to heapauxi.o(.text) for __use_two_region_memory
    startup_stm32f407xx.o(.text) refers to system_stm32f4xx.o(i.SystemInit) for SystemInit
    startup_stm32f407xx.o(.text) refers to __main.o(!!!main) for __main
    startup_stm32f407xx.o(.text) refers to startup_stm32f407xx.o(HEAP) for Heap_Mem
    startup_stm32f407xx.o(.text) refers to startup_stm32f407xx.o(STACK) for Stack_Mem
    main.o(i.HAL_GPIO_EXTI_Callback) refers to ist8310driver.o(i.ist8310_read_mag) for ist8310_read_mag
    main.o(i.HAL_GPIO_EXTI_Callback) refers to main.o(.bss) for mag
    main.o(i.SystemClock_Config) refers to rt_memclr_w.o(.text) for __aeabi_memclr4
    main.o(i.SystemClock_Config) refers to stm32f4xx_hal_rcc.o(i.HAL_RCC_OscConfig) for HAL_RCC_OscConfig
    main.o(i.SystemClock_Config) refers to main.o(i.Error_Handler) for Error_Handler
    main.o(i.SystemClock_Config) refers to stm32f4xx_hal_rcc.o(i.HAL_RCC_ClockConfig) for HAL_RCC_ClockConfig
    main.o(i.main) refers to stm32f4xx_hal.o(i.HAL_Init) for HAL_Init
    main.o(i.main) refers to main.o(i.SystemClock_Config) for SystemClock_Config
    main.o(i.main) refers to gpio.o(i.MX_GPIO_Init) for MX_GPIO_Init
    main.o(i.main) refers to dma.o(i.MX_DMA_Init) for MX_DMA_Init
    main.o(i.main) refers to can.o(i.MX_CAN1_Init) for MX_CAN1_Init
    main.o(i.main) refers to can.o(i.MX_CAN2_Init) for MX_CAN2_Init
    main.o(i.main) refers to usart.o(i.MX_USART1_UART_Init) for MX_USART1_UART_Init
    main.o(i.main) refers to usart.o(i.MX_USART6_UART_Init) for MX_USART6_UART_Init
    main.o(i.main) refers to adc.o(i.MX_ADC1_Init) for MX_ADC1_Init
    main.o(i.main) refers to adc.o(i.MX_ADC3_Init) for MX_ADC3_Init
    main.o(i.main) refers to spi.o(i.MX_SPI1_Init) for MX_SPI1_Init
    main.o(i.main) refers to tim.o(i.MX_TIM10_Init) for MX_TIM10_Init
    main.o(i.main) refers to i2c.o(i.MX_I2C3_Init) for MX_I2C3_Init
    main.o(i.main) refers to usart.o(i.MX_USART3_UART_Init) for MX_USART3_UART_Init
    main.o(i.main) refers to bsp_usart.o(i.usart6_tx_dma_init) for usart6_tx_dma_init
[...]
    TAMP_STAMP_IRQHandler                    0x080003af   Thumb Code     0  startup_stm32f407xx.o(.text)
    TIM1_BRK_TIM9_IRQHandler                 0x080003af   Thumb Code     0  startup_stm32f407xx.o(.text)
    TIM1_CC_IRQHandler                       0x080003af   Thumb Code     0  startup_stm32f407xx.o(.text)
    TIM1_TRG_COM_TIM11_IRQHandler            0x080003af   Thumb Code     0  startup_stm32f407xx.o(.text)
    TIM2_IRQHandler                          0x080003af   Thumb Code     0  startup_stm32f407xx.o(.text)
    TIM3_IRQHandler                          0x080003af   Thumb Code     0  startup_stm32f407xx.o(.text)
    TIM4_IRQHandler                          0x080003af   Thumb Code     0  startup_stm32f407xx.o(.text)
    TIM5_IRQHandler                          0x080003af   Thumb Code     0  startup_stm32f407xx.o(.text)
    TIM6_DAC_IRQHandler                      0x080003af   Thumb Code     0  startup_stm32f407xx.o(.text)
    TIM7_IRQHandler                          0x080003af   Thumb Code     0  startup_stm32f407xx.o(.text)
    TIM8_BRK_TIM12_IRQHandler                0x080003af   Thumb Code     0  startup_stm32f407xx.o(.text)
    TIM8_CC_IRQHandler                       0x080003af   Thumb Code     0  startup_stm32f407xx.o(.text)
    TIM8_TRG_COM_TIM14_IRQHandler            0x080003af   Thumb Code     0  startup_stm32f407xx.o(.text)
    TIM8_UP_TIM13_IRQHandler                 0x080003af   Thumb Code     0  startup_stm32f407xx.o(.text)
    UART4_IRQHandler                         0x080003af   Thumb Code     0  startup_stm32f407xx.o(.text)
    UART5_IRQHandler                         0x080003af   Thumb Code     0  startup_stm32f407xx.o(.text)
    USART2_IRQHandler                        0x080003af   Thumb Code     0  startup_stm32f407xx.o(.text)
    WWDG_IRQHandler                          0x080003af   Thumb Code     0  startup_stm32f407xx.o(.text)
    __user_initial_stackheap                 0x080003b1   Thumb Code     0  startup_stm32f407xx.o(.text)
    __aeabi_uldivmod                         0x080003d5   Thumb Code     0  lludivv7m.o(.text)
    _ll_udiv                                 0x080003d5   Thumb Code   238  lludivv7m.o(.text)
    vsprintf                                 0x080004c5   Thumb Code    32  vsprintf.o(.text)
    __aeabi_memcpy4                          0x080004e9   Thumb Code     0  rt_memcpy_w.o(.text)
    __aeabi_memcpy8                          0x080004e9   Thumb Code     0  rt_memcpy_w.o(.text)
    __rt_memcpy_w                            0x080004e9   Thumb Code   100  rt_memcpy_w.o(.text)
    _memcpy_lastbytes_aligned                0x08000531   Thumb Code     0  rt_memcpy_w.o(.text)
    __aeabi_memclr4                          0x0800054d   Thumb Code     0  rt_memclr_w.o(.text)
    __aeabi_memclr8                          0x0800054d   Thumb Code     0  rt_memclr_w.o(.text)
    __rt_memclr_w                            0x0800054d   Thumb Code    78  rt_memclr_w.o(.text)
    _memset_w                                0x08000551   Thumb Code     0  rt_memclr_w.o(.text)
    __use_two_region_memory                  0x0800059b   Thumb Code     2  heapauxi.o(.text)
    __rt_heap_escrow$2region                 0x0800059d   Thumb Code     2  heapauxi.o(.text)
    __rt_heap_expand$2region                 0x0800059f   Thumb Code     2  heapauxi.o(.text)
    _printf_pre_padding                      0x080005a1   Thumb Code    44  _printf_pad.o(.text)
    _printf_post_padding                     0x080005cd   Thumb Code    34  _printf_pad.o(.text)
    _printf_truncate_signed                  0x080005ef   Thumb Code    18  _printf_truncate.o(.text)
    _printf_truncate_unsigned                0x08000601   Thumb Code    18  _printf_truncate.o(.text)
    _printf_str                              0x08000613   Thumb Code    82  _printf_str.o(.text)
    _printf_int_dec                          0x08000665   Thumb Code   104  _printf_dec.o(.text)
    _printf_charcount                        0x080006dd   Thumb Code    40  _printf_charcount.o(.text)
    _printf_char_common                      0x0800070f   Thumb Code    32  _printf_char_common.o(.text)
    _sputc                                   0x08000735   Thumb Code    10  _sputc.o(.text)
    _printf_wctomb                           0x08000741   Thumb Code   182  _printf_wctomb.o(.text)
    _printf_longlong_dec                     0x080007fd   Thumb Code   108  _printf_longlong_dec.o(.text)
    _printf_longlong_oct                     0x08000879   Thumb Code    66  _printf_oct_int_ll.o(.text)
    _printf_int_oct                          0x080008bb   Thumb Code    24  _printf_oct_int_ll.o(.text)
    _printf_ll_oct                           0x080008d3   Thumb Code    12  _printf_oct_int_ll.o(.text)
    _printf_longlong_hex                     0x080008e9   Thumb Code    86  _printf_hex_int_ll_ptr.o(.text)
    _printf_int_hex                          0x0800093f   Thumb Code    28  _printf_hex_int_ll_ptr.o(.text)
    _printf_ll_hex                           0x0800095b   Thumb Code    12  _printf_hex_int_ll_ptr.o(.text)
    _printf_hex_ptr                          0x08000967   Thumb Code    18  _printf_hex_int_ll_ptr.o(.text)
    __printf                                 0x0800097d   Thumb Code   388  __printf_flags_ss_wp.o(.text)
    _ll_udiv10                               0x08000b05   Thumb Code   138  lludiv10.o(.text)
    _printf_int_common                       0x08000b8f   Thumb Code   178  _printf_intcommon.o(.text)
    __lib_sel_fp_printf                      0x08000c41   Thumb Code     2  _printf_fp_dec.o(.text)
    _printf_fp_dec_real                      0x08000df3   Thumb Code   620  _printf_fp_dec.o(.text)
    _printf_fp_hex_real                      0x08001061   Thumb Code   756  _printf_fp_hex.o(.text)
    _printf_cs_common                        0x0800135d   Thumb Code    20  _printf_char.o(.text)
    _printf_char                             0x08001371   Thumb Code    16  _printf_char.o(.text)
    _printf_string                           0x08001381   Thumb Code     8  _printf_char.o(.text)
    _printf_lcs_common                       0x08001389   Thumb Code    20  _printf_wchar.o(.text)
    _printf_wchar                            0x0800139d   Thumb Code    16  _printf_wchar.o(.text)
    _printf_wstring                          0x080013ad   Thumb Code     8  _printf_wchar.o(.text)
    _wcrtomb                                 0x080013b5   Thumb Code    64  _wcrtomb.o(.text)
    __user_setup_stackheap                   0x080013f5   Thumb Code    74  sys_stackheap_outer.o(.text)
    __rt_ctype_table                         0x08001441   Thumb Code    16  rt_ctype_table.o(.text)
    __rt_locale                              0x08001451   Thumb Code     8  rt_locale_intlibspace.o(.text)
    _printf_fp_infnan                        0x08001459   Thumb Code   112  _printf_fp_infnan.o(.text)
    _btod_etento                             0x080014d9   Thumb Code   224  bigflt0.o(.text)
    exit                                     0x080015bd   Thumb Code    18  exit.o(.text)
    __user_libspace                          0x080015d1   Thumb Code     8  libspace.o(.text)
    __user_perproc_libspace                  0x080015d1   Thumb Code     0  libspace.o(.text)
    __user_perthread_libspace                0x080015d1   Thumb Code     0  libspace.o(.text)
    strcmp                                   0x080015d9   Thumb Code   128  strcmpv7m.o(.text)
    _sys_exit                                0x08001659   Thumb Code     8  sys_exit.o(.text)
    __I$use$semihosting                      0x08001665   Thumb Code     0  use_no_semi.o(.text)
    __use_no_semihosting_swi                 0x08001665   Thumb Code     2  use_no_semi.o(.text)
    __semihosting_library_function           0x08001667   Thumb Code     0  indicate_semi.o(.text)
    _btod_d2e                                0x08001667   Thumb Code    62  btod.o(CL$$btod_d2e)
    _d2e_denorm_low                          0x080016a5   Thumb Code    70  btod.o(CL$$btod_d2e_denorm_low)
    _d2e_norm_op1                            0x080016eb   Thumb Code    96  btod.o(CL$$btod_d2e_norm_op1)
    __btod_div_common                        0x0800174b   Thumb Code   696  btod.o(CL$$btod_div_common)
    _e2e                                     0x08001a83   Thumb Code   220  btod.o(CL$$btod_e2e)
    _btod_ediv                               0x08001b5f   Thumb Code    42  btod.o(CL$$btod_ediv)
    _btod_emul                               0x08001b89   Thumb Code    42  btod.o(CL$$btod_emul)
    __btod_mult_common                       0x08001bb3   Thumb Code   580  btod.o(CL$$btod_mult_common)
    BMI088_ACCEL_NS_H                        0x08001f59   Thumb Code    14  bmi088middleware.o(i.BMI088_ACCEL_NS_H)
    BMI088_ACCEL_NS_L                        0x08001f6d   Thumb Code    14  bmi088middleware.o(i.BMI088_ACCEL_NS_L)
    BMI088_GPIO_init                         0x08001f81   Thumb Code     2  bmi088middleware.o(i.BMI088_GPIO_init)
    BMI088_GYRO_NS_H                         0x08001f85   Thumb Code    14  bmi088middleware.o(i.BMI088_GYRO_NS_H)
    BMI088_GYRO_NS_L                         0x08001f99   Thumb Code    14  bmi088middleware.o(i.BMI088_GYRO_NS_L)
    BMI088_com_init                          0x08001fad   Thumb Code     2  bmi088middleware.o(i.BMI088_com_init)
    BMI088_delay_ms                          0x08001faf   Thumb Code    26  bmi088middleware.o(i.BMI088_delay_ms)
    BMI088_delay_us                          0x08001fc9   Thumb Code    74  bmi088middleware.o(i.BMI088_delay_us)
    BMI088_init                              0x08002013   Thumb Code    28  bmi088driver.o(i.BMI088_init)
    BMI088_read                              0x08002031   Thumb Code   372  bmi088driver.o(i.BMI088_read)
    BMI088_read_write_byte                   0x080021ed   Thumb Code    28  bmi088middleware.o(i.BMI088_read_write_byte)
    BusFault_Handler                         0x08002221   Thumb Code     4  stm32f4xx_it.o(i.BusFault_Handler)
    CAN1_RX0_IRQHandler                      0x08002225   Thumb Code    10  stm32f4xx_it.o(i.CAN1_RX0_IRQHandler)
    CAN_cmd_chassis                          0x08002235   Thumb Code    68  can_receive.o(i.CAN_cmd_chassis)
    CAN_cmd_gimbal                           0x08002285   Thumb Code    68  can_receive.o(i.CAN_cmd_gimbal)
    DMA1_Stream1_IRQHandler                  0x080022d5   Thumb Code    10  stm32f4xx_it.o(i.DMA1_Stream1_IRQHandler)
    DMA2_Stream1_IRQHandler                  0x080022e5   Thumb Code    10  stm32f4xx_it.o(i.DMA2_Stream1_IRQHandler)
    DMA2_Stream2_IRQHandler                  0x080022f5   Thumb Code    10  stm32f4xx_it.o(i.DMA2_Stream2_IRQHandler)
    DMA2_Stream3_IRQHandler                  0x08002305   Thumb Code    10  stm32f4xx_it.o(i.DMA2_Stream3_IRQHandler)
    DMA2_Stream6_IRQHandler                  0x08002315   Thumb Code    10  stm32f4xx_it.o(i.DMA2_Stream6_IRQHandler)
    DMA2_Stream7_IRQHandler                  0x08002325   Thumb Code    10  stm32f4xx_it.o(i.DMA2_Stream7_IRQHandler)
    DebugMon_Handler                         0x08002413   Thumb Code     2  stm32f4xx_it.o(i.DebugMon_Handler)
    EXTI3_IRQHandler                         0x08002415   Thumb Code    10  stm32f4xx_it.o(i.EXTI3_IRQHandler)
    EXTI4_IRQHandler                         0x0800241f   Thumb Code    10  stm32f4xx_it.o(i.EXTI4_IRQHandler)
    Error_Handler                            0x08002429   Thumb Code     6  main.o(i.Error_Handler)
    HAL_ADC_ConfigChannel                    0x08002431   Thumb Code   380  stm32f4xx_hal_adc.o(i.HAL_ADC_ConfigChannel)
    HAL_ADC_GetValue                         0x080025bd   Thumb Code     8  stm32f4xx_hal_adc.o(i.HAL_ADC_GetValue)
    HAL_ADC_Init                             0x080025c5   Thumb Code   100  stm32f4xx_hal_adc.o(i.HAL_ADC_Init)
    HAL_ADC_MspInit                          0x0800262d   Thumb Code   154  adc.o(i.HAL_ADC_MspInit)
    HAL_ADC_PollForConversion                0x080026d9   Thumb Code   206  stm32f4xx_hal_adc.o(i.HAL_ADC_PollForConversion)
    HAL_ADC_Start                            0x080027a9   Thumb Code   308  stm32f4xx_hal_adc.o(i.HAL_ADC_Start)
    HAL_CAN_ActivateNotification             0x080028f5   Thumb Code    42  stm32f4xx_hal_can.o(i.HAL_CAN_ActivateNotification)
    HAL_CAN_AddTxMessage                     0x0800291f   Thumb Code   342  stm32f4xx_hal_can.o(i.HAL_CAN_AddTxMessage)
    HAL_CAN_ConfigFilter                     0x08002a75   Thumb Code   286  stm32f4xx_hal_can.o(i.HAL_CAN_ConfigFilter)
    HAL_CAN_ErrorCallback                    0x08002b99   Thumb Code     2  stm32f4xx_hal_can.o(i.HAL_CAN_ErrorCallback)
    HAL_CAN_GetRxMessage                     0x08002b9b   Thumb Code   378  stm32f4xx_hal_can.o(i.HAL_CAN_GetRxMessage)
    HAL_CAN_IRQHandler                       0x08002d15   Thumb Code   590  stm32f4xx_hal_can.o(i.HAL_CAN_IRQHandler)
    HAL_CAN_Init                             0x08002f63   Thumb Code   372  stm32f4xx_hal_can.o(i.HAL_CAN_Init)
    HAL_CAN_MspInit                          0x080030d9   Thumb Code   312  can.o(i.HAL_CAN_MspInit)
    HAL_CAN_RxFifo0FullCallback              0x08003229   Thumb Code     2  stm32f4xx_hal_can.o(i.HAL_CAN_RxFifo0FullCallback)
    HAL_CAN_RxFifo0MsgPendingCallback        0x0800322d   Thumb Code   200  can_receive.o(i.HAL_CAN_RxFifo0MsgPendingCallback)
    HAL_CAN_RxFifo1FullCallback              0x080032fd   Thumb Code     2  stm32f4xx_hal_can.o(i.HAL_CAN_RxFifo1FullCallback)
    HAL_CAN_RxFifo1MsgPendingCallback        0x080032ff   Thumb Code     2  stm32f4xx_hal_can.o(i.HAL_CAN_RxFifo1MsgPendingCallback)
    HAL_CAN_SleepCallback                    0x08003301   Thumb Code     2  stm32f4xx_hal_can.o(i.HAL_CAN_SleepCallback)
    HAL_CAN_Start                            0x08003303   Thumb Code    94  stm32f4xx_hal_can.o(i.HAL_CAN_Start)
    HAL_CAN_TxMailbox0AbortCallback          0x08003361   Thumb Code     2  stm32f4xx_hal_can.o(i.HAL_CAN_TxMailbox0AbortCallback)
    HAL_CAN_TxMailbox0CompleteCallback       0x08003363   Thumb Code     2  stm32f4xx_hal_can.o(i.HAL_CAN_TxMailbox0CompleteCallback)
    HAL_CAN_TxMailbox1AbortCallback          0x08003365   Thumb Code     2  stm32f4xx_hal_can.o(i.HAL_CAN_TxMailbox1AbortCallback)
    HAL_CAN_TxMailbox1CompleteCallback       0x08003367   Thumb Code     2  stm32f4xx_hal_can.o(i.HAL_CAN_TxMailbox1CompleteCallback)
    HAL_CAN_TxMailbox2AbortCallback          0x08003369   Thumb Code     2  stm32f4xx_hal_can.o(i.HAL_CAN_TxMailbox2AbortCallback)
    HAL_CAN_TxMailbox2CompleteCallback       0x0800336b   Thumb Code     2  stm32f4xx_hal_can.o(i.HAL_CAN_TxMailbox2CompleteCallback)
    HAL_CAN_WakeUpFromRxMsgCallback          0x0800336d   Thumb Code     2  stm32f4xx_hal_can.o(i.HAL_CAN_WakeUpFromRxMsgCallback)
    HAL_DMA_Abort                            0x0800336f   Thumb Code   172  stm32f4xx_hal_dma.o(i.HAL_DMA_Abort)
    HAL_DMA_Abort_IT                         0x0800341b   Thumb Code    40  stm32f4xx_hal_dma.o(i.HAL_DMA_Abort_IT)
    HAL_DMA_IRQHandler                       0x08003445   Thumb Code   570  stm32f4xx_hal_dma.o(i.HAL_DMA_IRQHandler)
    HAL_DMA_Init                             0x08003685   Thumb Code   232  stm32f4xx_hal_dma.o(i.HAL_DMA_Init)
    HAL_Delay                                0x08003771   Thumb Code    36  stm32f4xx_hal.o(i.HAL_Delay)
    HAL_GPIO_EXTI_Callback                   0x08003799   Thumb Code    16  main.o(i.HAL_GPIO_EXTI_Callback)
    HAL_GPIO_EXTI_IRQHandler                 0x080037ad   Thumb Code    24  stm32f4xx_hal_gpio.o(i.HAL_GPIO_EXTI_IRQHandler)
    HAL_GPIO_Init                            0x080037c9   Thumb Code   454  stm32f4xx_hal_gpio.o(i.HAL_GPIO_Init)
    HAL_GPIO_ReadPin                         0x080039bd   Thumb Code    16  stm32f4xx_hal_gpio.o(i.HAL_GPIO_ReadPin)
    HAL_GPIO_TogglePin                       0x080039cd   Thumb Code    20  stm32f4xx_hal_gpio.o(i.HAL_GPIO_TogglePin)
    HAL_GPIO_WritePin                        0x080039e1   Thumb Code    12  stm32f4xx_hal_gpio.o(i.HAL_GPIO_WritePin)
    HAL_GetTick                              0x080039ed   Thumb Code     6  stm32f4xx_hal.o(i.HAL_GetTick)
    HAL_I2C_Init                             0x080039f9   Thumb Code   446  stm32f4xx_hal_i2c.o(i.HAL_I2C_Init)
    HAL_I2C_Mem_Read                         0x08003bc9   Thumb Code   744  stm32f4xx_hal_i2c.o(i.HAL_I2C_Mem_Read)
    HAL_I2C_Mem_Write                        0x08003ebd   Thumb Code   348  stm32f4xx_hal_i2c.o(i.HAL_I2C_Mem_Write)
    HAL_I2C_MspInit                          0x08004021   Thumb Code   182  i2c.o(i.HAL_I2C_MspInit)
    HAL_IncTick                              0x080040e9   Thumb Code    16  stm32f4xx_hal.o(i.HAL_IncTick)
    HAL_Init                                 0x08004101   Thumb Code    54  stm32f4xx_hal.o(i.HAL_Init)
    HAL_InitTick                             0x0800413d   Thumb Code    64  stm32f4xx_hal.o(i.HAL_InitTick)
    HAL_MspInit                              0x08004189   Thumb Code    78  stm32f4xx_hal_msp.o(i.HAL_MspInit)
    HAL_NVIC_EnableIRQ                       0x080041dd   Thumb Code    32  stm32f4xx_hal_cortex.o(i.HAL_NVIC_EnableIRQ)
    HAL_NVIC_SetPriority                     0x080041fd   Thumb Code   124  stm32f4xx_hal_cortex.o(i.HAL_NVIC_SetPriority)
    HAL_NVIC_SetPriorityGrouping             0x08004279   Thumb Code    32  stm32f4xx_hal_cortex.o(i.HAL_NVIC_SetPriorityGrouping)
    HAL_RCC_ClockConfig                      0x080042a1   Thumb Code   368  stm32f4xx_hal_rcc.o(i.HAL_RCC_ClockConfig)
    HAL_RCC_GetHCLKFreq                      0x08004425   Thumb Code     6  stm32f4xx_hal_rcc.o(i.HAL_RCC_GetHCLKFreq)
    HAL_RCC_GetPCLK1Freq                     0x08004431   Thumb Code    22  stm32f4xx_hal_rcc.o(i.HAL_RCC_GetPCLK1Freq)
    HAL_RCC_GetPCLK2Freq                     0x08004451   Thumb Code    22  stm32f4xx_hal_rcc.o(i.HAL_RCC_GetPCLK2Freq)
    HAL_RCC_GetSysClockFreq                  0x08004471   Thumb Code   162  stm32f4xx_hal_rcc.o(i.HAL_RCC_GetSysClockFreq)
    HAL_RCC_OscConfig                        0x08004521   Thumb Code  1172  stm32f4xx_hal_rcc.o(i.HAL_RCC_OscConfig)
    HAL_SPI_Init                             0x080049bd   Thumb Code   200  stm32f4xx_hal_spi.o(i.HAL_SPI_Init)
    HAL_SPI_MspInit                          0x08004a85   Thumb Code   316  spi.o(i.HAL_SPI_MspInit)
    HAL_SPI_TransmitReceive                  0x08004bdd   Thumb Code   554  stm32f4xx_hal_spi.o(i.HAL_SPI_TransmitReceive)
    HAL_SYSTICK_Config                       0x08004e07   Thumb Code    52  stm32f4xx_hal_cortex.o(i.HAL_SYSTICK_Config)
    HAL_TIMEx_BreakCallback                  0x08004e3b   Thumb Code     2  stm32f4xx_hal_tim_ex.o(i.HAL_TIMEx_BreakCallback)
    HAL_TIMEx_CommutCallback                 0x08004e3d   Thumb Code     2  stm32f4xx_hal_tim_ex.o(i.HAL_TIMEx_CommutCallback)
    HAL_TIM_Base_Init                        0x08004e3f   Thumb Code   102  stm32f4xx_hal_tim.o(i.HAL_TIM_Base_Init)
    HAL_TIM_Base_MspInit                     0x08004ea5   Thumb Code    62  tim.o(i.HAL_TIM_Base_MspInit)
    HAL_TIM_IC_CaptureCallback               0x08004eed   Thumb Code     2  stm32f4xx_hal_tim.o(i.HAL_TIM_IC_CaptureCallback)
    HAL_TIM_IRQHandler                       0x08004eef   Thumb Code   406  stm32f4xx_hal_tim.o(i.HAL_TIM_IRQHandler)
    HAL_TIM_MspPostInit                      0x08005085   Thumb Code    86  tim.o(i.HAL_TIM_MspPostInit)
    HAL_TIM_OC_DelayElapsedCallback          0x080050e9   Thumb Code     2  stm32f4xx_hal_tim.o(i.HAL_TIM_OC_DelayElapsedCallback)
    HAL_TIM_PWM_ConfigChannel                0x080050eb   Thumb Code   260  stm32f4xx_hal_tim.o(i.HAL_TIM_PWM_ConfigChannel)
    HAL_TIM_PWM_Init                         0x080051ef   Thumb Code   102  stm32f4xx_hal_tim.o(i.HAL_TIM_PWM_Init)
    HAL_TIM_PWM_MspInit                      0x08005255   Thumb Code     2  stm32f4xx_hal_tim.o(i.HAL_TIM_PWM_MspInit)
    HAL_TIM_PWM_PulseFinishedCallback        0x08005257   Thumb Code     2  stm32f4xx_hal_tim.o(i.HAL_TIM_PWM_PulseFinishedCallback)
    HAL_TIM_PeriodElapsedCallback            0x08005259   Thumb Code     2  stm32f4xx_hal_tim.o(i.HAL_TIM_PeriodElapsedCallback)
    HAL_TIM_TriggerCallback                  0x0800525b   Thumb Code     2  stm32f4xx_hal_tim.o(i.HAL_TIM_TriggerCallback)
    HAL_UARTEx_RxEventCallback               0x0800525d   Thumb Code     2  stm32f4xx_hal_uart.o(i.HAL_UARTEx_RxEventCallback)
    HAL_UART_ErrorCallback                   0x0800525f   Thumb Code     2  stm32f4xx_hal_uart.o(i.HAL_UART_ErrorCallback)
    HAL_UART_IRQHandler                      0x08005261   Thumb Code   732  stm32f4xx_hal_uart.o(i.HAL_UART_IRQHandler)
    HAL_UART_Init                            0x08005541   Thumb Code   114  stm32f4xx_hal_uart.o(i.HAL_UART_Init)
    HAL_UART_MspInit                         0x080055b5   Thumb Code   718  usart.o(i.HAL_UART_MspInit)
    HAL_UART_RxCpltCallback                  0x080058bd   Thumb Code     2  stm32f4xx_hal_uart.o(i.HAL_UART_RxCpltCallback)
    HAL_UART_Transmit                        0x080058bf   Thumb Code   210  stm32f4xx_hal_uart.o(i.HAL_UART_Transmit)
    HAL_UART_TxCpltCallback                  0x08005991   Thumb Code     2  stm32f4xx_hal_uart.o(i.HAL_UART_TxCpltCallback)
    HardFault_Handler                        0x08005993   Thumb Code     4  stm32f4xx_it.o(i.HardFault_Handler)
    MX_ADC1_Init                             0x08005e99   Thumb Code   100  adc.o(i.MX_ADC1_Init)
    MX_ADC3_Init                             0x08005f09   Thumb Code   100  adc.o(i.MX_ADC3_Init)
    MX_CAN1_Init                             0x08005f79   Thumb Code    58  can.o(i.MX_CAN1_Init)
    MX_CAN2_Init                             0x08005fbd   Thumb Code    58  can.o(i.MX_CAN2_Init)
    MX_DMA_Init                              0x08006001   Thumb Code   162  dma.o(i.MX_DMA_Init)
    MX_FREERTOS_Init                         0x080060a9   Thumb Code   102  freertos.o(i.MX_FREERTOS_Init)
    MX_GPIO_Init                             0x08006125   Thumb Code   450  gpio.o(i.MX_GPIO_Init)
    MX_I2C3_Init                             0x08006301   Thumb Code    48  i2c.o(i.MX_I2C3_Init)
    MX_SPI1_Init                             0x0800633d   Thumb Code    62  spi.o(i.MX_SPI1_Init)
    MX_TIM10_Init                            0x08006385   Thumb Code   100  tim.o(i.MX_TIM10_Init)
    MX_USART1_UART_Init                      0x080063f1   Thumb Code    46  usart.o(i.MX_USART1_UART_Init)
    MX_USART3_UART_Init                      0x08006429   Thumb Code    48  usart.o(i.MX_USART3_UART_Init)
    MX_USART6_UART_Init                      0x08006465   Thumb Code    46  usart.o(i.MX_USART6_UART_Init)
    MemManage_Handler                        0x0800649d   Thumb Code     4  stm32f4xx_it.o(i.MemManage_Handler)
    NMI_Handler                              0x080064a1   Thumb Code     4  stm32f4xx_it.o(i.NMI_Handler)
    RC_Init                                  0x080064a5   Thumb Code   142  bsp_rc.o(i.RC_Init)
    StartDefaultTask                         0x08006685   Thumb Code    10  freertos.o(i.StartDefaultTask)
    SysTick_Handler                          0x0800668f   Thumb Code    20  stm32f4xx_it.o(i.SysTick_Handler)
    SystemClock_Config                       0x080066a5   Thumb Code   170  main.o(i.SystemClock_Config)
    SystemInit                               0x08006759   Thumb Code    14  system_stm32f4xx.o(i.SystemInit)
    TIM1_UP_TIM10_IRQHandler                 0x0800676d   Thumb Code    10  stm32f4xx_it.o(i.TIM1_UP_TIM10_IRQHandler)
    TIM_Base_SetConfig                       0x0800677d   Thumb Code   170  stm32f4xx_hal_tim.o(i.TIM_Base_SetConfig)
    TIM_OC2_SetConfig                        0x080068c5   Thumb Code   114  stm32f4xx_hal_tim.o(i.TIM_OC2_SetConfig)
    USART1_IRQHandler                        0x08006ec5   Thumb Code    10  stm32f4xx_it.o(i.USART1_IRQHandler)
    USART3_IRQHandler                        0x08006ed5   Thumb Code   264  remote_control.o(i.USART3_IRQHandler)
    USART6_IRQHandler                        0x08006ff9   Thumb Code    10  stm32f4xx_it.o(i.USART6_IRQHandler)
    UsageFault_Handler                       0x08007009   Thumb Code     4  stm32f4xx_it.o(i.UsageFault_Handler)
    __ARM_fpclassify                         0x0800700d   Thumb Code    48  fpclassify.o(i.__ARM_fpclassify)
    _is_digit                                0x08007075   Thumb Code    14  __printf_wp.o(i._is_digit)
    blue_led_task                            0x080070c1   Thumb Code    12  task_led.o(i.blue_led_task)
    bmi088_accel_init                        0x080070cd   Thumb Code   290  bmi088driver.o(i.bmi088_accel_init)
    bmi088_gyro_init                         0x080071f5   Thumb Code   238  bmi088driver.o(i.bmi088_gyro_init)
    can_filter_init                          0x080072e9   Thumb Code    84  bsp_can.o(i.can_filter_init)
    entry_SysStatus                          0x08007345   Thumb Code   234  task_sysstatus.o(i.entry_SysStatus)
    entry_motor                              0x0800746d   Thumb Code    58  task_canmotor.o(i.entry_motor)
    get_battery_voltage                      0x080074ad   Thumb Code    60  task_sysstatus.o(i.get_battery_voltage)
    get_chassis_motor_measure_point          0x080074f5   Thumb Code    18  can_receive.o(i.get_chassis_motor_measure_point)
    get_hardware_version                     0x0800750d   Thumb Code    42  task_sysstatus.o(i.get_hardware_version)
    get_remote_control_point                 0x0800753d   Thumb Code     4  remote_control.o(i.get_remote_control_point)
    get_temprate                             0x08007545   Thumb Code    76  task_sysstatus.o(i.get_temprate)
    init_vrefint_reciprocal                  0x080075a1   Thumb Code    52  task_sysstatus.o(i.init_vrefint_reciprocal)
    ist8310_GPIO_init                        0x080075e1   Thumb Code     2  ist8310driver_middleware.o(i.ist8310_GPIO_init)
    ist8310_IIC_read_muli_reg                0x080075e5   Thumb Code    30  ist8310driver_middleware.o(i.ist8310_IIC_read_muli_reg)
    ist8310_IIC_read_single_reg              0x08007609   Thumb Code    40  ist8310driver_middleware.o(i.ist8310_IIC_read_single_reg)
    ist8310_IIC_write_single_reg             0x08007635   Thumb Code    34  ist8310driver_middleware.o(i.ist8310_IIC_write_single_reg)
    ist8310_RST_H                            0x0800765d   Thumb Code    14  ist8310driver_middleware.o(i.ist8310_RST_H)
    ist8310_RST_L                            0x08007671   Thumb Code    14  ist8310driver_middleware.o(i.ist8310_RST_L)
    ist8310_com_init                         0x08007685   Thumb Code     2  ist8310driver_middleware.o(i.ist8310_com_init)
    ist8310_delay_ms                         0x08007687   Thumb Code    12  ist8310driver_middleware.o(i.ist8310_delay_ms)
    ist8310_delay_us                         0x08007693   Thumb Code    74  ist8310driver_middleware.o(i.ist8310_delay_us)
    ist8310_init                             0x080076dd   Thumb Code   136  ist8310driver.o(i.ist8310_init)
    ist8310_read_mag                         0x08007769   Thumb Code   136  ist8310driver.o(i.ist8310_read_mag)
    main                                     0x080077f5   Thumb Code    76  main.o(i.main)
    osDelay                                  0x0800784f   Thumb Code    24  cmsis_os.o(i.osDelay)
    osKernelStart                            0x08007867   Thumb Code    10  cmsis_os.o(i.osKernelStart)
    osThreadCreate                           0x08007871   Thumb Code    94  cmsis_os.o(i.osThreadCreate)
    pvPortMalloc                             0x08007d51   Thumb Code   306  heap_4.o(i.pvPortMalloc)
    pxPortInitialiseStack                    0x08007e9d   Thumb Code    38  port.o(i.pxPortInitialiseStack)
    remote_control_init                      0x08007ec9   Thumb Code    16  remote_control.o(i.remote_control_init)
    usart6_tx_dma_enable                     0x08007fb9   Thumb Code   234  bsp_usart.o(i.usart6_tx_dma_enable)
    usart6_tx_dma_init                       0x080080b1   Thumb Code   104  bsp_usart.o(i.usart6_tx_dma_init)
    usart_printf                             0x08008125   Thumb Code    48  task_sysstatus.o(i.usart_printf)
    uxListRemove                             0x08008161   Thumb Code    40  list.o(i.uxListRemove)
    vApplicationGetIdleTaskMemory            0x08008189   Thumb Code    14  freertos.o(i.vApplicationGetIdleTaskMemory)
    vListInitialise                          0x080081a1   Thumb Code    26  list.o(i.vListInitialise)
    vListInitialiseItem                      0x080081bb   Thumb Code     6  list.o(i.vListInitialiseItem)
    vListInsert                              0x080081c1   Thumb Code    52  list.o(i.vListInsert)
    vListInsertEnd                           0x080081f5   Thumb Code    24  list.o(i.vListInsertEnd)
    vPortEnterCritical                       0x0800820d   Thumb Code    76  port.o(i.vPortEnterCritical)
    vPortExitCritical                        0x08008261   Thumb Code    56  port.o(i.vPortExitCritical)
    vPortFree                                0x0800829d   Thumb Code   150  heap_4.o(i.vPortFree)
    vPortSetupTimerInterrupt                 0x08008341   Thumb Code    36  port.o(i.vPortSetupTimerInterrupt)
    vTaskDelay                               0x08008369   Thumb Code    82  tasks.o(i.vTaskDelay)
    vTaskStartScheduler                      0x080083c5   Thumb Code   146  tasks.o(i.vTaskStartScheduler)
    vTaskSuspendAll                          0x08008475   Thumb Code    12  tasks.o(i.vTaskSuspendAll)
    vTaskSwitchContext                       0x08008485   Thumb Code   118  tasks.o(i.vTaskSwitchContext)
    xPortStartScheduler                      0x08008511   Thumb Code   330  port.o(i.xPortStartScheduler)
    xPortSysTickHandler                      0x08008679   Thumb Code    46  port.o(i.xPortSysTickHandler)
    xTaskCreate                              0x080086ad   Thumb Code   100  tasks.o(i.xTaskCreate)
    xTaskCreateStatic                        0x08008711   Thumb Code   186  tasks.o(i.xTaskCreateStatic)
    xTaskGetSchedulerState                   0x080087cd   Thumb Code    24  tasks.o(i.xTaskGetSchedulerState)
    xTaskIncrementTick                       0x080087ed   Thumb Code   282  tasks.o(i.xTaskIncrementTick)
    xTaskResumeAll                           0x08008935   Thumb Code   224  tasks.o(i.xTaskResumeAll)
    _get_lc_numeric                          0x08008a39   Thumb Code    44  lc_numeric_c.o(locale$$code)
    _get_lc_ctype                            0x08008a65   Thumb Code    44  lc_ctype_c.o(locale$$code)
    _fp_init                                 0x08008a91   Thumb Code    10  fpinit.o(x$fpl$fpinit)
    __fplib_config_fpu_vfp                   0x08008a99   Thumb Code     0  fpinit.o(x$fpl$fpinit)
    __fplib_config_pureend_doubles           0x08008a99   Thumb Code     0  fpinit.o(x$fpl$fpinit)
    _printf_fp_dec                           0x08008a9b   Thumb Code     4  printf1.o(x$fpl$printf1)
    _printf_fp_hex                           0x08008a9f   Thumb Code     4  printf2.o(x$fpl$printf2)
    __I$use$fp                               0x08008aa2   Number         0  usenofp.o(x$fpl$usenofp)
    AHBPrescTable                            0x08008b1c   Data          16  system_stm32f4xx.o(.constdata)
    APBPrescTable                            0x08008b2c   Data           8  system_stm32f4xx.o(.constdata)
    Region$$Table$$Base                      0x08008ce4   Number         0  anon$$obj.o(Region$$Table)
    Region$$Table$$Limit                     0x08008d04   Number         0  anon$$obj.o(Region$$Table)
    __ctype                                  0x08008d2d   Data           0  lc_ctype_c.o(locale$$data)
    handware_version                         0x20000000   Data           1  main.o(.data)
    voltage                                  0x20000004   Data           4  main.o(.data)
    temperature                              0x20000008   Data           4  main.o(.data)
    temp                                     0x2000000c   Data           4  main.o(.data)
    defaultTaskHandle                        0x20000010   Data           4  freertos.o(.data)
    LED_BLUEHandle                           0x20000014   Data           4  freertos.o(.data)
    SysStatusHandle                          0x20000018   Data           4  freertos.o(.data)
    CAN_motorHandle                          0x2000001c   Data           4  freertos.o(.data)
    uwTick                                   0x20000024   Data           4  stm32f4xx_hal.o(.data)
    uwTickPrio                               0x20000028   Data           4  stm32f4xx_hal.o(.data)
    uwTickFreq                               0x2000002c   Data           1  stm32f4xx_hal.o(.data)
    SystemCoreClock                          0x20000030   Data           4  system_stm32f4xx.o(.data)
    pxCurrentTCB                             0x20000034   Data           4  tasks.o(.data)
    voltage_vrefint_proportion               0x2000009c   Data           4  task_sysstatus.o(.data)
    chassis_motor_measure                    0x200000a0   Data           4  task_sysstatus.o(.data)
    local_rc_ctrl                            0x200000a4   Data           4  task_sysstatus.o(.data)
    BMI088_ACCEL_SEN                         0x200000c4   Data           4  bmi088driver.o(.data)
    BMI088_GYRO_SEN                          0x200000c8   Data           4  bmi088driver.o(.data)
    gyro                                     0x200000f0   Data          12  main.o(.bss)
    accel                                    0x200000fc   Data          12  main.o(.bss)
    mag                                      0x20000108   Data          12  main.o(.bss)
    hadc1                                    0x20000368   Data          72  adc.o(.bss)
    hadc3                                    0x200003b0   Data          72  adc.o(.bss)
    hcan1                                    0x200003f8   Data          40  can.o(.bss)
    hcan2                                    0x20000420   Data          40  can.o(.bss)
    hi2c3                                    0x20000448   Data          84  i2c.o(.bss)
    hspi1                                    0x2000049c   Data          88  spi.o(.bss)
    hdma_spi1_rx                             0x200004f4   Data          96  spi.o(.bss)
    hdma_spi1_tx                             0x20000554   Data          96  spi.o(.bss)
    htim10                                   0x200005b4   Data          72  tim.o(.bss)
    huart1                                   0x200005fc   Data          68  usart.o(.bss)
    huart3                                   0x20000640   Data          68  usart.o(.bss)
    huart6                                   0x20000684   Data          68  usart.o(.bss)
    hdma_usart1_tx                           0x200006c8   Data          96  usart.o(.bss)
    hdma_usart3_rx                           0x20000728   Data          96  usart.o(.bss)
    hdma_usart6_rx                           0x20000788   Data          96  usart.o(.bss)
    hdma_usart6_tx                           0x200007e8   Data          96  usart.o(.bss)
    rc_ctrl                                  0x20004648   Data          22  remote_control.o(.bss)
    __libspace_start                         0x20004734   Data          96  libspace.o(.bss)
    __temporary_stack_top$libspace           0x20004794   Data           0  libspace.o(.bss)



==============================================================================

Memory Map of the image

  Image Entry point : 0x08000189

  Load Region LR_IROM1 (Base: 0x08000000, Size: 0x00008f20, Max: 0x00100000, ABSOLUTE)

    Execution Region ER_IROM1 (Exec base: 0x08000000, Load base: 0x08000000, Size: 0x00008e30, Max: 0x00100000, ABSOLUTE)

    Exec Addr    Load Addr    Size         Type   Attr      Idx    E Section Name        Object

    0x08000000   0x08000000   0x00000188   Data   RO            3    RESET               startup_stm32f407xx.o
    0x08000188   0x08000188   0x00000008   Code   RO         6798  * !!!main             c_w.l(__main.o)
    0x08000190   0x08000190   0x00000034   Code   RO         7133    !!!scatter          c_w.l(__scatter.o)
    0x080001c4   0x080001c4   0x0000001a   Code   RO         7135    !!handler_copy      c_w.l(__scatter_copy.o)
    0x080001de   0x080001de   0x00000002   PAD
    0x080001e0   0x080001e0   0x0000001c   Code   RO         7137    !!handler_zi        c_w.l(__scatter_zi.o)
    0x080001fc   0x080001fc   0x00000000   Code   RO         6886    .ARM.Collect$$_printf_percent$$00000000  c_w.l(_printf_percent.o)
    0x080001fc   0x080001fc   0x00000006   Code   RO         6875    .ARM.Collect$$_printf_percent$$00000001  c_w.l(_printf_n.o)
    0x08000202   0x08000202   0x00000006   Code   RO         6877    .ARM.Collect$$_printf_percent$$00000002  c_w.l(_printf_p.o)
    0x08000208   0x08000208   0x00000006   Code   RO         6882    .ARM.Collect$$_printf_percent$$00000003  c_w.l(_printf_f.o)
    0x0800020e   0x0800020e   0x00000006   Code   RO         6883    .ARM.Collect$$_printf_percent$$00000004  c_w.l(_printf_e.o)
    0x08000214   0x08000214   0x00000006   Code   RO         6884    .ARM.Collect$$_printf_percent$$00000005  c_w.l(_printf_g.o)
    0x0800021a   0x0800021a   0x00000006   Code   RO         6885    .ARM.Collect$$_printf_percent$$00000006  c_w.l(_printf_a.o)
    0x08000220   0x08000220   0x0000000a   Code   RO         6890    .ARM.Collect$$_printf_percent$$00000007  c_w.l(_printf_ll.o)
    0x0800022a   0x0800022a   0x00000006   Code   RO         6879    .ARM.Collect$$_printf_percent$$00000008  c_w.l(_printf_i.o)
    0x08000230   0x08000230   0x00000006   Code   RO         6880    .ARM.Collect$$_printf_percent$$00000009  c_w.l(_printf_d.o)
    0x08000236   0x08000236   0x00000006   Code   RO         6881    .ARM.Collect$$_printf_percent$$0000000A  c_w.l(_printf_u.o)
    0x0800023c   0x0800023c   0x00000006   Code   RO         6878    .ARM.Collect$$_printf_percent$$0000000B  c_w.l(_printf_o.o)
    0x08000242   0x08000242   0x00000006   Code   RO         6876    .ARM.Collect$$_printf_percent$$0000000C  c_w.l(_printf_x.o)
    0x08000248   0x08000248   0x00000006   Code   RO         6887    .ARM.Collect$$_printf_percent$$0000000D  c_w.l(_printf_lli.o)
    0x0800024e   0x0800024e   0x00000006   Code   RO         6888    .ARM.Collect$$_printf_percent$$0000000E  c_w.l(_printf_lld.o)
    0x08000254   0x08000254   0x00000006   Code   RO         6889    .ARM.Collect$$_printf_percent$$0000000F  c_w.l(_printf_llu.o)
    0x0800025a   0x0800025a   0x00000006   Code   RO         6894    .ARM.Collect$$_printf_percent$$00000010  c_w.l(_printf_llo.o)
    0x08000260   0x08000260   0x00000006   Code   RO         6895    .ARM.Collect$$_printf_percent$$00000011  c_w.l(_printf_llx.o)
    0x08000266   0x08000266   0x0000000a   Code   RO         6891    .ARM.Collect$$_printf_percent$$00000012  c_w.l(_printf_l.o)
    0x08000270   0x08000270   0x00000006   Code   RO         6873    .ARM.Collect$$_printf_percent$$00000013  c_w.l(_printf_c.o)
    0x08000276   0x08000276   0x00000006   Code   RO         6874    .ARM.Collect$$_printf_percent$$00000014  c_w.l(_printf_s.o)
    0x0800027c   0x0800027c   0x00000006   Code   RO         6892    .ARM.Collect$$_printf_percent$$00000015  c_w.l(_printf_lc.o)
    0x08000282   0x08000282   0x00000006   Code   RO         6893    .ARM.Collect$$_printf_percent$$00000016  c_w.l(_printf_ls.o)
    0x08000288   0x08000288   0x00000004   Code   RO         6938    .ARM.Collect$$_printf_percent$$00000017  c_w.l(_printf_percent_end.o)
    0x0800028c   0x0800028c   0x00000002   Code   RO         6991    .ARM.Collect$$libinit$$00000000  c_w.l(libinit.o)
    0x0800028e   0x0800028e   0x00000004   Code   RO         7013    .ARM.Collect$$libinit$$00000001  c_w.l(libinit2.o)
    0x08000292   0x08000292   0x00000000   Code   RO         7016    .ARM.Collect$$libinit$$00000004  c_w.l(libinit2.o)
    0x08000292   0x08000292   0x00000000   Code   RO         7019    .ARM.Collect$$libinit$$0000000A  c_w.l(libinit2.o)
    0x08000292   0x08000292   0x00000000   Code   RO         7021    .ARM.Collect$$libinit$$0000000C  c_w.l(libinit2.o)
    0x08000292   0x08000292   0x00000000   Code   RO         7023    .ARM.Collect$$libinit$$0000000E  c_w.l(libinit2.o)
    0x08000292   0x08000292   0x00000006   Code   RO         7024    .ARM.Collect$$libinit$$0000000F  c_w.l(libinit2.o)
    0x08000298   0x08000298   0x00000000   Code   RO         7026    .ARM.Collect$$libinit$$00000011  c_w.l(libinit2.o)
    0x08000298   0x08000298   0x0000000c   Code   RO         7027    .ARM.Collect$$libinit$$00000012  c_w.l(libinit2.o)
    0x080002a4   0x080002a4   0x00000000   Code   RO         7028    .ARM.Collect$$libinit$$00000013  c_w.l(libinit2.o)
    0x080002a4   0x080002a4   0x00000000   Code   RO         7030    .ARM.Collect$$libinit$$00000015  c_w.l(libinit2.o)
    0x080002a4   0x080002a4   0x0000000a   Code   RO         7031    .ARM.Collect$$libinit$$00000016  c_w.l(libinit2.o)
    0x080002ae   0x080002ae   0x00000000   Code   RO         7032    .ARM.Collect$$libinit$$00000017  c_w.l(libinit2.o)
    0x080002ae   0x080002ae   0x00000000   Code   RO         7034    .ARM.Collect$$libinit$$00000019  c_w.l(libinit2.o)
    0x080002ae   0x080002ae   0x00000000   Code   RO         7036    .ARM.Collect$$libinit$$0000001B  c_w.l(libinit2.o)
    0x080002ae   0x080002ae   0x00000000   Code   RO         7038    .ARM.Collect$$libinit$$0000001D  c_w.l(libinit2.o)
    0x080002ae   0x080002ae   0x00000000   Code   RO         7040    .ARM.Collect$$libinit$$0000001F  c_w.l(libinit2.o)
    0x080002ae   0x080002ae   0x00000000   Code   RO         7042    .ARM.Collect$$libinit$$00000021  c_w.l(libinit2.o)
    0x080002ae   0x080002ae   0x00000000   Code   RO         7044    .ARM.Collect$$libinit$$00000023  c_w.l(libinit2.o)
    0x080002ae   0x080002ae   0x00000000   Code   RO         7046    .ARM.Collect$$libinit$$00000025  c_w.l(libinit2.o)
    0x080002ae   0x080002ae   0x00000000   Code   RO         7050    .ARM.Collect$$libinit$$0000002C  c_w.l(libinit2.o)
    0x080002ae   0x080002ae   0x00000000   Code   RO         7052    .ARM.Collect$$libinit$$0000002E  c_w.l(libinit2.o)
    0x080002ae   0x080002ae   0x00000000   Code   RO         7054    .ARM.Collect$$libinit$$00000030  c_w.l(libinit2.o)
    0x080002ae   0x080002ae   0x00000000   Code   RO         7056    .ARM.Collect$$libinit$$00000032  c_w.l(libinit2.o)
    0x080002ae   0x080002ae   0x00000002   Code   RO         7057    .ARM.Collect$$libinit$$00000033  c_w.l(libinit2.o)
    0x080002b0   0x080002b0   0x00000002   Code   RO         7088    .ARM.Collect$$libshutdown$$00000000  c_w.l(libshutdown.o)
    0x080002b2   0x080002b2   0x00000000   Code   RO         7114    .ARM.Collect$$libshutdown$$00000002  c_w.l(libshutdown2.o)
    0x080002b2   0x080002b2   0x00000000   Code   RO         7116    .ARM.Collect$$libshutdown$$00000004  c_w.l(libshutdown2.o)
    0x080002b2   0x080002b2   0x00000000   Code   RO         7118    .ARM.Collect$$libshutdown$$00000006  c_w.l(libshutdown2.o)
    0x080002b2   0x080002b2   0x00000000   Code   RO         7121    .ARM.Collect$$libshutdown$$00000009  c_w.l(libshutdown2.o)
    0x080002b2   0x080002b2   0x00000000   Code   RO         7124    .ARM.Collect$$libshutdown$$0000000C  c_w.l(libshutdown2.o)
    0x080002b2   0x080002b2   0x00000000   Code   RO         7126    .ARM.Collect$$libshutdown$$0000000E  c_w.l(libshutdown2.o)
    0x080002b2   0x080002b2   0x00000000   Code   RO         7129    .ARM.Collect$$libshutdown$$00000011  c_w.l(libshutdown2.o)
    0x080002b2   0x080002b2   0x00000002   Code   RO         7130    .ARM.Collect$$libshutdown$$00000012  c_w.l(libshutdown2.o)
    0x080002b4   0x080002b4   0x00000000   Code   RO         6800    .ARM.Collect$$rtentry$$00000000  c_w.l(__rtentry.o)
    0x080002b4   0x080002b4   0x00000000   Code   RO         6907    .ARM.Collect$$rtentry$$00000002  c_w.l(__rtentry2.o)
    0x080002b4   0x080002b4   0x00000006   Code   RO         6919    .ARM.Collect$$rtentry$$00000004  c_w.l(__rtentry4.o)
    0x080002ba   0x080002ba   0x00000000   Code   RO         6909    .ARM.Collect$$rtentry$$00000009  c_w.l(__rtentry2.o)
    0x080002ba   0x080002ba   0x00000004   Code   RO         6910    .ARM.Collect$$rtentry$$0000000A  c_w.l(__rtentry2.o)
    0x080002be   0x080002be   0x00000000   Code   RO         6912    .ARM.Collect$$rtentry$$0000000C  c_w.l(__rtentry2.o)
    0x080002be   0x080002be   0x00000008   Code   RO         6913    .ARM.Collect$$rtentry$$0000000D  c_w.l(__rtentry2.o)
    0x080002c6   0x080002c6   0x00000002   Code   RO         7000    .ARM.Collect$$rtexit$$00000000  c_w.l(rtexit.o)
    0x080002c8   0x080002c8   0x00000000   Code   RO         7061    .ARM.Collect$$rtexit$$00000002  c_w.l(rtexit2.o)
    0x080002c8   0x080002c8   0x00000004   Code   RO         7062    .ARM.Collect$$rtexit$$00000003  c_w.l(rtexit2.o)
    0x080002cc   0x080002cc   0x00000006   Code   RO         7063    .ARM.Collect$$rtexit$$00000004  c_w.l(rtexit2.o)
    0x080002d2   0x080002d2   0x00000002   PAD
    0x080002d4   0x080002d4   0x000000be   Code   RO         5955    .emb_text           port.o
    0x08000392   0x08000392   0x00000002   PAD
    0x08000394   0x08000394   0x00000040   Code   RO            4    .text               startup_stm32f407xx.o
    0x080003d4   0x080003d4   0x000000ee   Code   RO         6784    .text               c_w.l(lludivv7m.o)
    0x080004c2   0x080004c2   0x00000002   PAD
    0x080004c4   0x080004c4   0x00000024   Code   RO         6786    .text               c_w.l(vsprintf.o)
    0x080004e8   0x080004e8   0x00000064   Code   RO         6790    .text               c_w.l(rt_memcpy_w.o)
    0x0800054c   0x0800054c   0x0000004e   Code   RO         6794    .text               c_w.l(rt_memclr_w.o)
    0x0800059a   0x0800059a   0x00000006   Code   RO         6796    .text               c_w.l(heapauxi.o)
    0x080005a0   0x080005a0   0x0000004e   Code   RO         6807    .text               c_w.l(_printf_pad.o)
    0x080005ee   0x080005ee   0x00000024   Code   RO         6809    .text               c_w.l(_printf_truncate.o)
    0x08000612   0x08000612   0x00000052   Code   RO         6811    .text               c_w.l(_printf_str.o)
    0x08000664   0x08000664   0x00000078   Code   RO         6813    .text               c_w.l(_printf_dec.o)
    0x080006dc   0x080006dc   0x00000028   Code   RO         6815    .text               c_w.l(_printf_charcount.o)
    0x08000704   0x08000704   0x00000030   Code   RO         6817    .text               c_w.l(_printf_char_common.o)
    0x08000734   0x08000734   0x0000000a   Code   RO         6819    .text               c_w.l(_sputc.o)
    0x0800073e   0x0800073e   0x00000002   PAD
    0x08000740   0x08000740   0x000000bc   Code   RO         6821    .text               c_w.l(_printf_wctomb.o)
    0x080007fc   0x080007fc   0x0000007c   Code   RO         6824    .text               c_w.l(_printf_longlong_dec.o)
    0x08000878   0x08000878   0x00000070   Code   RO         6830    .text               c_w.l(_printf_oct_int_ll.o)
    0x080008e8   0x080008e8   0x00000094   Code   RO         6850    .text               c_w.l(_printf_hex_int_ll_ptr.o)
    0x0800097c   0x0800097c   0x00000188   Code   RO         6870    .text               c_w.l(__printf_flags_ss_wp.o)
    0x08000b04   0x08000b04   0x0000008a   Code   RO         6923    .text               c_w.l(lludiv10.o)
    0x08000b8e   0x08000b8e   0x000000b2   Code   RO         6925    .text               c_w.l(_printf_intcommon.o)
    0x08000c40   0x08000c40   0x0000041e   Code   RO         6927    .text               c_w.l(_printf_fp_dec.o)
    0x0800105e   0x0800105e   0x00000002   PAD
    0x08001060   0x08001060   0x000002fc   Code   RO         6929    .text               c_w.l(_printf_fp_hex.o)
    0x0800135c   0x0800135c   0x0000002c   Code   RO         6934    .text               c_w.l(_printf_char.o)
    0x08001388   0x08001388   0x0000002c   Code   RO         6936    .text               c_w.l(_printf_wchar.o)
    0x080013b4   0x080013b4   0x00000040   Code   RO         6939    .text               c_w.l(_wcrtomb.o)
    0x080013f4   0x080013f4   0x0000004a   Code   RO         6941    .text               c_w.l(sys_stackheap_outer.o)
    0x0800143e   0x0800143e   0x00000002   PAD
    0x08001440   0x08001440   0x00000010   Code   RO         6943    .text               c_w.l(rt_ctype_table.o)
    0x08001450   0x08001450   0x00000008   Code   RO         6948    .text               c_w.l(rt_locale_intlibspace.o)
    0x08001458   0x08001458   0x00000080   Code   RO         6950    .text               c_w.l(_printf_fp_infnan.o)
    0x080014d8   0x080014d8   0x000000e4   Code   RO         6952    .text               c_w.l(bigflt0.o)
    0x080015bc   0x080015bc   0x00000012   Code   RO         6980    .text               c_w.l(exit.o)
    0x080015ce   0x080015ce   0x00000002   PAD
    0x080015d0   0x080015d0   0x00000008   Code   RO         6997    .text               c_w.l(libspace.o)
    0x080015d8   0x080015d8   0x00000080   Code   RO         7011    .text               c_w.l(strcmpv7m.o)
    0x08001658   0x08001658   0x0000000c   Code   RO         7058    .text               c_w.l(sys_exit.o)
    0x08001664   0x08001664   0x00000002   Code   RO         7077    .text               c_w.l(use_no_semi.o)
    0x08001666   0x08001666   0x00000000   Code   RO         7079    .text               c_w.l(indicate_semi.o)
    0x08001666   0x08001666   0x0000003e   Code   RO         6955    CL$$btod_d2e        c_w.l(btod.o)
    0x080016a4   0x080016a4   0x00000046   Code   RO         6957    CL$$btod_d2e_denorm_low  c_w.l(btod.o)
    0x080016ea   0x080016ea   0x00000060   Code   RO         6956    CL$$btod_d2e_norm_op1  c_w.l(btod.o)
    0x0800174a   0x0800174a   0x00000338   Code   RO         6965    CL$$btod_div_common  c_w.l(btod.o)
    0x08001a82   0x08001a82   0x000000dc   Code   RO         6962    CL$$btod_e2e        c_w.l(btod.o)
    0x08001b5e   0x08001b5e   0x0000002a   Code   RO         6959    CL$$btod_ediv       c_w.l(btod.o)
    0x08001b88   0x08001b88   0x0000002a   Code   RO         6958    CL$$btod_emul       c_w.l(btod.o)
    0x08001bb2   0x08001bb2   0x00000244   Code   RO         6964    CL$$btod_mult_common  c_w.l(btod.o)
    0x08001df6   0x08001df6   0x00000002   PAD
    0x08001df8   0x08001df8   0x00000160   Code   RO          826    i.ADC_Init          stm32f4xx_hal_adc.o
    0x08001f58   0x08001f58   0x00000014   Code   RO         6598    i.BMI088_ACCEL_NS_H  bmi088middleware.o
    0x08001f6c   0x08001f6c   0x00000014   Code   RO         6599    i.BMI088_ACCEL_NS_L  bmi088middleware.o
    0x08001f80   0x08001f80   0x00000002   Code   RO         6600    i.BMI088_GPIO_init  bmi088middleware.o
    0x08001f82   0x08001f82   0x00000002   PAD
    0x08001f84   0x08001f84   0x00000014   Code   RO         6601    i.BMI088_GYRO_NS_H  bmi088middleware.o
    0x08001f98   0x08001f98   0x00000014   Code   RO         6602    i.BMI088_GYRO_NS_L  bmi088middleware.o
    0x08001fac   0x08001fac   0x00000002   Code   RO         6603    i.BMI088_com_init   bmi088middleware.o
    0x08001fae   0x08001fae   0x0000001a   Code   RO         6604    i.BMI088_delay_ms   bmi088middleware.o
    0x08001fc8   0x08001fc8   0x0000004a   Code   RO         6605    i.BMI088_delay_us   bmi088middleware.o
    0x08002012   0x08002012   0x0000001c   Code   RO         6529    i.BMI088_init       bmi088driver.o
    0x0800202e   0x0800202e   0x00000002   PAD
    0x08002030   0x08002030   0x0000017c   Code   RO         6530    i.BMI088_read       bmi088driver.o
    0x080021ac   0x080021ac   0x00000026   Code   RO         6531    i.BMI088_read_muli_reg  bmi088driver.o
    0x080021d2   0x080021d2   0x00000018   Code   RO         6532    i.BMI088_read_single_reg  bmi088driver.o
    0x080021ea   0x080021ea   0x00000002   PAD
    0x080021ec   0x080021ec   0x00000020   Code   RO         6606    i.BMI088_read_write_byte  bmi088middleware.o
    0x0800220c   0x0800220c   0x00000014   Code   RO         6533    i.BMI088_write_single_reg  bmi088driver.o
    0x08002220   0x08002220   0x00000004   Code   RO          657    i.BusFault_Handler  stm32f4xx_it.o
    0x08002224   0x08002224   0x00000010   Code   RO          658    i.CAN1_RX0_IRQHandler  stm32f4xx_it.o
    0x08002234   0x08002234   0x00000050   Code   RO         6456    i.CAN_cmd_chassis   can_receive.o
    0x08002284   0x08002284   0x00000050   Code   RO         6458    i.CAN_cmd_gimbal    can_receive.o
    0x080022d4   0x080022d4   0x00000010   Code   RO          659    i.DMA1_Stream1_IRQHandler  stm32f4xx_it.o
    0x080022e4   0x080022e4   0x00000010   Code   RO          660    i.DMA2_Stream1_IRQHandler  stm32f4xx_it.o
    0x080022f4   0x080022f4   0x00000010   Code   RO          661    i.DMA2_Stream2_IRQHandler  stm32f4xx_it.o
    0x08002304   0x08002304   0x00000010   Code   RO          662    i.DMA2_Stream3_IRQHandler  stm32f4xx_it.o
    0x08002314   0x08002314   0x00000010   Code   RO          663    i.DMA2_Stream6_IRQHandler  stm32f4xx_it.o
    0x08002324   0x08002324   0x00000010   Code   RO          664    i.DMA2_Stream7_IRQHandler  stm32f4xx_it.o
    0x08002334   0x08002334   0x00000034   Code   RO         1605    i.DMA_CalcBaseAndBitshift  stm32f4xx_hal_dma.o
    0x08002368   0x08002368   0x000000aa   Code   RO         1606    i.DMA_CheckFifoParam  stm32f4xx_hal_dma.o
    0x08002412   0x08002412   0x00000002   Code   RO          665    i.DebugMon_Handler  stm32f4xx_it.o
    0x08002414   0x08002414   0x0000000a   Code   RO          666    i.EXTI3_IRQHandler  stm32f4xx_it.o
    0x0800241e   0x0800241e   0x0000000a   Code   RO          667    i.EXTI4_IRQHandler  stm32f4xx_it.o
    0x08002428   0x08002428   0x00000006   Code   RO           13    i.Error_Handler     main.o
    0x0800242e   0x0800242e   0x00000002   PAD
    0x08002430   0x08002430   0x0000018c   Code   RO          828    i.HAL_ADC_ConfigChannel  stm32f4xx_hal_adc.o
    0x080025bc   0x080025bc   0x00000008   Code   RO          835    i.HAL_ADC_GetValue  stm32f4xx_hal_adc.o
    0x080025c4   0x080025c4   0x00000068   Code   RO          837    i.HAL_ADC_Init      stm32f4xx_hal_adc.o
    0x0800262c   0x0800262c   0x000000ac   Code   RO          351    i.HAL_ADC_MspInit   adc.o
    0x080026d8   0x080026d8   0x000000ce   Code   RO          841    i.HAL_ADC_PollForConversion  stm32f4xx_hal_adc.o
    0x080027a6   0x080027a6   0x00000002   PAD
    0x080027a8   0x080027a8   0x0000014c   Code   RO          843    i.HAL_ADC_Start     stm32f4xx_hal_adc.o
    0x080028f4   0x080028f4   0x0000002a   Code   RO         2284    i.HAL_CAN_ActivateNotification  stm32f4xx_hal_can.o
    0x0800291e   0x0800291e   0x00000156   Code   RO         2285    i.HAL_CAN_AddTxMessage  stm32f4xx_hal_can.o
    0x08002a74   0x08002a74   0x00000124   Code   RO         2286    i.HAL_CAN_ConfigFilter  stm32f4xx_hal_can.o
    0x08002b98   0x08002b98   0x00000002   Code   RO         2289    i.HAL_CAN_ErrorCallback  stm32f4xx_hal_can.o
    0x08002b9a   0x08002b9a   0x0000017a   Code   RO         2292    i.HAL_CAN_GetRxMessage  stm32f4xx_hal_can.o
    0x08002d14   0x08002d14   0x0000024e   Code   RO         2296    i.HAL_CAN_IRQHandler  stm32f4xx_hal_can.o
    0x08002f62   0x08002f62   0x00000174   Code   RO         2297    i.HAL_CAN_Init      stm32f4xx_hal_can.o
    0x080030d6   0x080030d6   0x00000002   PAD
    0x080030d8   0x080030d8   0x00000150   Code   RO          399    i.HAL_CAN_MspInit   can.o
    0x08003228   0x08003228   0x00000002   Code   RO         2304    i.HAL_CAN_RxFifo0FullCallback  stm32f4xx_hal_can.o
    0x0800322a   0x0800322a   0x00000002   PAD
    0x0800322c   0x0800322c   0x000000d0   Code   RO         6459    i.HAL_CAN_RxFifo0MsgPendingCallback  can_receive.o
    0x080032fc   0x080032fc   0x00000002   Code   RO         2306    i.HAL_CAN_RxFifo1FullCallback  stm32f4xx_hal_can.o
    0x080032fe   0x080032fe   0x00000002   Code   RO         2307    i.HAL_CAN_RxFifo1MsgPendingCallback  stm32f4xx_hal_can.o
    0x08003300   0x08003300   0x00000002   Code   RO         2308    i.HAL_CAN_SleepCallback  stm32f4xx_hal_can.o
    0x08003302   0x08003302   0x0000005e   Code   RO         2309    i.HAL_CAN_Start     stm32f4xx_hal_can.o
    0x08003360   0x08003360   0x00000002   Code   RO         2311    i.HAL_CAN_TxMailbox0AbortCallback  stm32f4xx_hal_can.o
    0x08003362   0x08003362   0x00000002   Code   RO         2312    i.HAL_CAN_TxMailbox0CompleteCallback  stm32f4xx_hal_can.o
    0x08003364   0x08003364   0x00000002   Code   RO         2313    i.HAL_CAN_TxMailbox1AbortCallback  stm32f4xx_hal_can.o
    0x08003366   0x08003366   0x00000002   Code   RO         2314    i.HAL_CAN_TxMailbox1CompleteCallback  stm32f4xx_hal_can.o
    0x08003368   0x08003368   0x00000002   Code   RO         2315    i.HAL_CAN_TxMailbox2AbortCallback  stm32f4xx_hal_can.o
    0x0800336a   0x0800336a   0x00000002   Code   RO         2316    i.HAL_CAN_TxMailbox2CompleteCallback  stm32f4xx_hal_can.o
    0x0800336c   0x0800336c   0x00000002   Code   RO         2318    i.HAL_CAN_WakeUpFromRxMsgCallback  stm32f4xx_hal_can.o
    0x0800336e   0x0800336e   0x000000ac   Code   RO         1608    i.HAL_DMA_Abort     stm32f4xx_hal_dma.o
    0x0800341a   0x0800341a   0x00000028   Code   RO         1609    i.HAL_DMA_Abort_IT  stm32f4xx_hal_dma.o
    0x08003442   0x08003442   0x00000002   PAD
    0x08003444   0x08003444   0x00000240   Code   RO         1613    i.HAL_DMA_IRQHandler  stm32f4xx_hal_dma.o
    0x08003684   0x08003684   0x000000ec   Code   RO         1614    i.HAL_DMA_Init      stm32f4xx_hal_dma.o
    0x08003770   0x08003770   0x00000028   Code   RO         2032    i.HAL_Delay         stm32f4xx_hal.o
    0x08003798   0x08003798   0x00000014   Code   RO           14    i.HAL_GPIO_EXTI_Callback  main.o
    0x080037ac   0x080037ac   0x0000001c   Code   RO         1500    i.HAL_GPIO_EXTI_IRQHandler  stm32f4xx_hal_gpio.o
    0x080037c8   0x080037c8   0x000001f4   Code   RO         1501    i.HAL_GPIO_Init     stm32f4xx_hal_gpio.o
    0x080039bc   0x080039bc   0x00000010   Code   RO         1503    i.HAL_GPIO_ReadPin  stm32f4xx_hal_gpio.o
    0x080039cc   0x080039cc   0x00000014   Code   RO         1504    i.HAL_GPIO_TogglePin  stm32f4xx_hal_gpio.o
    0x080039e0   0x080039e0   0x0000000c   Code   RO         1505    i.HAL_GPIO_WritePin  stm32f4xx_hal_gpio.o
    0x080039ec   0x080039ec   0x0000000c   Code   RO         2038    i.HAL_GetTick       stm32f4xx_hal.o
    0x080039f8   0x080039f8   0x000001d0   Code   RO         2528    i.HAL_I2C_Init      stm32f4xx_hal_i2c.o
    0x08003bc8   0x08003bc8   0x000002f4   Code   RO         2546    i.HAL_I2C_Mem_Read  stm32f4xx_hal_i2c.o
    0x08003ebc   0x08003ebc   0x00000164   Code   RO         2549    i.HAL_I2C_Mem_Write  stm32f4xx_hal_i2c.o
    0x08004020   0x08004020   0x000000c8   Code   RO          472    i.HAL_I2C_MspInit   i2c.o
    0x080040e8   0x080040e8   0x00000018   Code   RO         2044    i.HAL_IncTick       stm32f4xx_hal.o
    0x08004100   0x08004100   0x0000003c   Code   RO         2045    i.HAL_Init          stm32f4xx_hal.o
    0x0800413c   0x0800413c   0x0000004c   Code   RO         2046    i.HAL_InitTick      stm32f4xx_hal.o
    0x08004188   0x08004188   0x00000054   Code   RO          799    i.HAL_MspInit       stm32f4xx_hal_msp.o
    0x080041dc   0x080041dc   0x00000020   Code   RO         1890    i.HAL_NVIC_EnableIRQ  stm32f4xx_hal_cortex.o
    0x080041fc   0x080041fc   0x0000007c   Code   RO         1896    i.HAL_NVIC_SetPriority  stm32f4xx_hal_cortex.o
    0x08004278   0x08004278   0x00000028   Code   RO         1897    i.HAL_NVIC_SetPriorityGrouping  stm32f4xx_hal_cortex.o
    0x080042a0   0x080042a0   0x00000184   Code   RO         1102    i.HAL_RCC_ClockConfig  stm32f4xx_hal_rcc.o
    0x08004424   0x08004424   0x0000000c   Code   RO         1107    i.HAL_RCC_GetHCLKFreq  stm32f4xx_hal_rcc.o
    0x08004430   0x08004430   0x00000020   Code   RO         1109    i.HAL_RCC_GetPCLK1Freq  stm32f4xx_hal_rcc.o
    0x08004450   0x08004450   0x00000020   Code   RO         1110    i.HAL_RCC_GetPCLK2Freq  stm32f4xx_hal_rcc.o
    0x08004470   0x08004470   0x000000b0   Code   RO         1111    i.HAL_RCC_GetSysClockFreq  stm32f4xx_hal_rcc.o
    0x08004520   0x08004520   0x0000049c   Code   RO         1114    i.HAL_RCC_OscConfig  stm32f4xx_hal_rcc.o
    0x080049bc   0x080049bc   0x000000c8   Code   RO         3018    i.HAL_SPI_Init      stm32f4xx_hal_spi.o
    0x08004a84   0x08004a84   0x00000158   Code   RO          514    i.HAL_SPI_MspInit   spi.o
    0x08004bdc   0x08004bdc   0x0000022a   Code   RO         3027    i.HAL_SPI_TransmitReceive  stm32f4xx_hal_spi.o
    0x08004e06   0x08004e06   0x00000034   Code   RO         1901    i.HAL_SYSTICK_Config  stm32f4xx_hal_cortex.o
    0x08004e3a   0x08004e3a   0x00000002   Code   RO         4046    i.HAL_TIMEx_BreakCallback  stm32f4xx_hal_tim_ex.o
    0x08004e3c   0x08004e3c   0x00000002   Code   RO         4047    i.HAL_TIMEx_CommutCallback  stm32f4xx_hal_tim_ex.o
    0x08004e3e   0x08004e3e   0x00000066   Code   RO         3331    i.HAL_TIM_Base_Init  stm32f4xx_hal_tim.o
    0x08004ea4   0x08004ea4   0x00000048   Code   RO          556    i.HAL_TIM_Base_MspInit  tim.o
    0x08004eec   0x08004eec   0x00000002   Code   RO         3365    i.HAL_TIM_IC_CaptureCallback  stm32f4xx_hal_tim.o
    0x08004eee   0x08004eee   0x00000196   Code   RO         3379    i.HAL_TIM_IRQHandler  stm32f4xx_hal_tim.o
    0x08005084   0x08005084   0x00000064   Code   RO          557    i.HAL_TIM_MspPostInit  tim.o
    0x080050e8   0x080050e8   0x00000002   Code   RO         3382    i.HAL_TIM_OC_DelayElapsedCallback  stm32f4xx_hal_tim.o
    0x080050ea   0x080050ea   0x00000104   Code   RO         3403    i.HAL_TIM_PWM_ConfigChannel  stm32f4xx_hal_tim.o
    0x080051ee   0x080051ee   0x00000066   Code   RO         3406    i.HAL_TIM_PWM_Init  stm32f4xx_hal_tim.o
    0x08005254   0x08005254   0x00000002   Code   RO         3408    i.HAL_TIM_PWM_MspInit  stm32f4xx_hal_tim.o
    0x08005256   0x08005256   0x00000002   Code   RO         3409    i.HAL_TIM_PWM_PulseFinishedCallback  stm32f4xx_hal_tim.o
    0x08005258   0x08005258   0x00000002   Code   RO         3417    i.HAL_TIM_PeriodElapsedCallback  stm32f4xx_hal_tim.o
    0x0800525a   0x0800525a   0x00000002   Code   RO         3422    i.HAL_TIM_TriggerCallback  stm32f4xx_hal_tim.o
    0x0800525c   0x0800525c   0x00000002   Code   RO         4324    i.HAL_UARTEx_RxEventCallback  stm32f4xx_hal_uart.o
    0x0800525e   0x0800525e   0x00000002   Code   RO         4338    i.HAL_UART_ErrorCallback  stm32f4xx_hal_uart.o
    0x08005260   0x08005260   0x000002e0   Code   RO         4341    i.HAL_UART_IRQHandler  stm32f4xx_hal_uart.o
    0x08005540   0x08005540   0x00000072   Code   RO         4342    i.HAL_UART_Init     stm32f4xx_hal_uart.o
    0x080055b2   0x080055b2   0x00000002   PAD
    0x080055b4   0x080055b4   0x00000308   Code   RO          604    i.HAL_UART_MspInit  usart.o
    0x080058bc   0x080058bc   0x00000002   Code   RO         4348    i.HAL_UART_RxCpltCallback  stm32f4xx_hal_uart.o
    0x080058be   0x080058be   0x000000d2   Code   RO         4350    i.HAL_UART_Transmit  stm32f4xx_hal_uart.o
    0x08005990   0x08005990   0x00000002   Code   RO         4353    i.HAL_UART_TxCpltCallback  stm32f4xx_hal_uart.o
    0x08005992   0x08005992   0x00000004   Code   RO          668    i.HardFault_Handler  stm32f4xx_it.o
    0x08005996   0x08005996   0x0000003e   Code   RO         2571    i.I2C_IsAcknowledgeFailed  stm32f4xx_hal_i2c.o
    0x080059d4   0x080059d4   0x00000160   Code   RO         2582    i.I2C_RequestMemoryRead  stm32f4xx_hal_i2c.o
    0x08005b34   0x08005b34   0x000000e0   Code   RO         2583    i.I2C_RequestMemoryWrite  stm32f4xx_hal_i2c.o
    0x08005c14   0x08005c14   0x0000005c   Code   RO         2591    i.I2C_WaitOnBTFFlagUntilTimeout  stm32f4xx_hal_i2c.o
    0x08005c70   0x08005c70   0x00000086   Code   RO         2592    i.I2C_WaitOnFlagUntilTimeout  stm32f4xx_hal_i2c.o
    0x08005cf6   0x08005cf6   0x000000c4   Code   RO         2593    i.I2C_WaitOnMasterAddressFlagUntilTimeout  stm32f4xx_hal_i2c.o
    0x08005dba   0x08005dba   0x00000080   Code   RO         2594    i.I2C_WaitOnRXNEFlagUntilTimeout  stm32f4xx_hal_i2c.o
    0x08005e3a   0x08005e3a   0x0000005c   Code   RO         2597    i.I2C_WaitOnTXEFlagUntilTimeout  stm32f4xx_hal_i2c.o
    0x08005e96   0x08005e96   0x00000002   PAD
    0x08005e98   0x08005e98   0x00000070   Code   RO          352    i.MX_ADC1_Init      adc.o
    0x08005f08   0x08005f08   0x00000070   Code   RO          353    i.MX_ADC3_Init      adc.o
    0x08005f78   0x08005f78   0x00000044   Code   RO          400    i.MX_CAN1_Init      can.o
    0x08005fbc   0x08005fbc   0x00000044   Code   RO          401    i.MX_CAN2_Init      can.o
    0x08006000   0x08006000   0x000000a8   Code   RO          447    i.MX_DMA_Init       dma.o
    0x080060a8   0x080060a8   0x0000007c   Code   RO          291    i.MX_FREERTOS_Init  freertos.o
    0x08006124   0x08006124   0x000001dc   Code   RO          267    i.MX_GPIO_Init      gpio.o
    0x08006300   0x08006300   0x0000003c   Code   RO          473    i.MX_I2C3_Init      i2c.o
    0x0800633c   0x0800633c   0x00000048   Code   RO          515    i.MX_SPI1_Init      spi.o
    0x08006384   0x08006384   0x0000006c   Code   RO          558    i.MX_TIM10_Init     tim.o
    0x080063f0   0x080063f0   0x00000038   Code   RO          605    i.MX_USART1_UART_Init  usart.o
    0x08006428   0x08006428   0x0000003c   Code   RO          606    i.MX_USART3_UART_Init  usart.o
    0x08006464   0x08006464   0x00000038   Code   RO          607    i.MX_USART6_UART_Init  usart.o
    0x0800649c   0x0800649c   0x00000004   Code   RO          669    i.MemManage_Handler  stm32f4xx_it.o
    0x080064a0   0x080064a0   0x00000004   Code   RO          670    i.NMI_Handler       stm32f4xx_it.o
    0x080064a4   0x080064a4   0x0000009c   Code   RO         6364    i.RC_Init           bsp_rc.o
    0x08006540   0x08006540   0x0000006c   Code   RO         3056    i.SPI_EndRxTxTransaction  stm32f4xx_hal_spi.o
    0x080065ac   0x080065ac   0x000000d8   Code   RO         3061    i.SPI_WaitFlagStateUntilTimeout  stm32f4xx_hal_spi.o
    0x08006684   0x08006684   0x0000000a   Code   RO          292    i.StartDefaultTask  freertos.o
    0x0800668e   0x0800668e   0x00000014   Code   RO          671    i.SysTick_Handler   stm32f4xx_it.o
    0x080066a2   0x080066a2   0x00000002   PAD
    0x080066a4   0x080066a4   0x000000b4   Code   RO           15    i.SystemClock_Config  main.o
    0x08006758   0x08006758   0x00000014   Code   RO         4681    i.SystemInit        system_stm32f4xx.o
    0x0800676c   0x0800676c   0x00000010   Code   RO          672    i.TIM1_UP_TIM10_IRQHandler  stm32f4xx_it.o
    0x0800677c   0x0800677c   0x000000d8   Code   RO         3424    i.TIM_Base_SetConfig  stm32f4xx_hal_tim.o
    0x08006854   0x08006854   0x00000070   Code   RO         3437    i.TIM_OC1_SetConfig  stm32f4xx_hal_tim.o
    0x080068c4   0x080068c4   0x0000007c   Code   RO         3438    i.TIM_OC2_SetConfig  stm32f4xx_hal_tim.o
    0x08006940   0x08006940   0x00000078   Code   RO         3439    i.TIM_OC3_SetConfig  stm32f4xx_hal_tim.o
    0x080069b8   0x080069b8   0x00000054   Code   RO         3440    i.TIM_OC4_SetConfig  stm32f4xx_hal_tim.o
    0x08006a0c   0x08006a0c   0x00000014   Code   RO         4355    i.UART_DMAAbortOnError  stm32f4xx_hal_uart.o
    0x08006a20   0x08006a20   0x0000006c   Code   RO         4365    i.UART_EndRxTransfer  stm32f4xx_hal_uart.o
    0x08006a8c   0x08006a8c   0x00000020   Code   RO         4366    i.UART_EndTransmit_IT  stm32f4xx_hal_uart.o
    0x08006aac   0x08006aac   0x000000f8   Code   RO         4368    i.UART_Receive_IT   stm32f4xx_hal_uart.o
    0x08006ba4   0x08006ba4   0x0000022c   Code   RO         4369    i.UART_SetConfig    stm32f4xx_hal_uart.o
    0x08006dd0   0x08006dd0   0x00000060   Code   RO         4372    i.UART_Transmit_IT  stm32f4xx_hal_uart.o
    0x08006e30   0x08006e30   0x00000092   Code   RO         4373    i.UART_WaitOnFlagUntilTimeout  stm32f4xx_hal_uart.o
    0x08006ec2   0x08006ec2   0x00000002   PAD
    0x08006ec4   0x08006ec4   0x00000010   Code   RO          673    i.USART1_IRQHandler  stm32f4xx_it.o
    0x08006ed4   0x08006ed4   0x00000124   Code   RO         6176    i.USART3_IRQHandler  remote_control.o
    0x08006ff8   0x08006ff8   0x00000010   Code   RO          675    i.USART6_IRQHandler  stm32f4xx_it.o
    0x08007008   0x08007008   0x00000004   Code   RO          676    i.UsageFault_Handler  stm32f4xx_it.o
    0x0800700c   0x0800700c   0x00000030   Code   RO         6995    i.__ARM_fpclassify  m_wm.l(fpclassify.o)
    0x0800703c   0x0800703c   0x00000010   Code   RO         1903    i.__NVIC_GetPriorityGrouping  stm32f4xx_hal_cortex.o
    0x0800704c   0x0800704c   0x00000028   Code   RO         1904    i.__NVIC_SetPriority  stm32f4xx_hal_cortex.o
    0x08007074   0x08007074   0x0000000e   Code   RO         6863    i._is_digit         c_w.l(__printf_wp.o)
    0x08007082   0x08007082   0x00000002   PAD
    0x08007084   0x08007084   0x0000003c   Code   RO         6062    i.adcx_get_chx_value  task_sysstatus.o
    0x080070c0   0x080070c0   0x0000000c   Code   RO         6035    i.blue_led_task     task_led.o
    0x080070cc   0x080070cc   0x00000128   Code   RO         6534    i.bmi088_accel_init  bmi088driver.o
    0x080071f4   0x080071f4   0x000000f4   Code   RO         6535    i.bmi088_gyro_init  bmi088driver.o
    0x080072e8   0x080072e8   0x0000005c   Code   RO         6336    i.can_filter_init   bsp_can.o
    0x08007344   0x08007344   0x00000128   Code   RO         6063    i.entry_SysStatus   task_sysstatus.o
    0x0800746c   0x0800746c   0x00000040   Code   RO         6146    i.entry_motor       task_canmotor.o
    0x080074ac   0x080074ac   0x00000048   Code   RO         6064    i.get_battery_voltage  task_sysstatus.o
    0x080074f4   0x080074f4   0x00000018   Code   RO         6460    i.get_chassis_motor_measure_point  can_receive.o
    0x0800750c   0x0800750c   0x00000030   Code   RO         6065    i.get_hardware_version  task_sysstatus.o
    0x0800753c   0x0800753c   0x00000008   Code   RO         6177    i.get_remote_control_point  remote_control.o
    0x08007544   0x08007544   0x0000005c   Code   RO         6066    i.get_temprate      task_sysstatus.o
    0x080075a0   0x080075a0   0x00000040   Code   RO         6067    i.init_vrefint_reciprocal  task_sysstatus.o
    0x080075e0   0x080075e0   0x00000002   Code   RO         6703    i.ist8310_GPIO_init  ist8310driver_middleware.o
    0x080075e2   0x080075e2   0x00000002   PAD
    0x080075e4   0x080075e4   0x00000024   Code   RO         6704    i.ist8310_IIC_read_muli_reg  ist8310driver_middleware.o
    0x08007608   0x08007608   0x0000002c   Code   RO         6705    i.ist8310_IIC_read_single_reg  ist8310driver_middleware.o
    0x08007634   0x08007634   0x00000028   Code   RO         6707    i.ist8310_IIC_write_single_reg  ist8310driver_middleware.o
    0x0800765c   0x0800765c   0x00000014   Code   RO         6708    i.ist8310_RST_H     ist8310driver_middleware.o
    0x08007670   0x08007670   0x00000014   Code   RO         6709    i.ist8310_RST_L     ist8310driver_middleware.o
    0x08007684   0x08007684   0x00000002   Code   RO         6710    i.ist8310_com_init  ist8310driver_middleware.o
    0x08007686   0x08007686   0x0000000c   Code   RO         6711    i.ist8310_delay_ms  ist8310driver_middleware.o
    0x08007692   0x08007692   0x0000004a   Code   RO         6712    i.ist8310_delay_us  ist8310driver_middleware.o
    0x080076dc   0x080076dc   0x0000008c   Code   RO         6668    i.ist8310_init      ist8310driver.o
    0x08007768   0x08007768   0x0000008c   Code   RO         6669    i.ist8310_read_mag  ist8310driver.o
    0x080077f4   0x080077f4   0x0000004c   Code   RO           16    i.main              main.o
    0x08007840   0x08007840   0x0000000e   Code   RO         5521    i.makeFreeRtosPriority  cmsis_os.o
    0x0800784e   0x0800784e   0x00000018   Code   RO         5523    i.osDelay           cmsis_os.o
    0x08007866   0x08007866   0x0000000a   Code   RO         5526    i.osKernelStart     cmsis_os.o
    0x08007870   0x08007870   0x0000005e   Code   RO         5560    i.osThreadCreate    cmsis_os.o
    0x080078ce   0x080078ce   0x00000002   PAD
    0x080078d0   0x080078d0   0x00000098   Code   RO         5192    i.prvAddCurrentTaskToDelayedList  tasks.o
    0x08007968   0x08007968   0x000000b4   Code   RO         5193    i.prvAddNewTaskToReadyList  tasks.o
    0x08007a1c   0x08007a1c   0x00000048   Code   RO         5194    i.prvCheckTasksWaitingTermination  tasks.o
    0x08007a64   0x08007a64   0x00000050   Code   RO         5195    i.prvDeleteTCB      tasks.o
    0x08007ab4   0x08007ab4   0x0000007c   Code   RO         5888    i.prvHeapInit       heap_4.o
    0x08007b30   0x08007b30   0x00000028   Code   RO         5196    i.prvIdleTask       tasks.o
    0x08007b58   0x08007b58   0x000000b4   Code   RO         5197    i.prvInitialiseNewTask  tasks.o
    0x08007c0c   0x08007c0c   0x00000068   Code   RO         5198    i.prvInitialiseTaskLists  tasks.o
    0x08007c74   0x08007c74   0x00000068   Code   RO         5889    i.prvInsertBlockIntoFreeList  heap_4.o
    0x08007cdc   0x08007cdc   0x00000034   Code   RO         5199    i.prvResetNextTaskUnblockTime  tasks.o
    0x08007d10   0x08007d10   0x00000040   Code   RO         5956    i.prvTaskExitError  port.o
    0x08007d50   0x08007d50   0x0000014c   Code   RO         5890    i.pvPortMalloc      heap_4.o
    0x08007e9c   0x08007e9c   0x0000002c   Code   RO         5957    i.pxPortInitialiseStack  port.o
    0x08007ec8   0x08007ec8   0x00000014   Code   RO         6178    i.remote_control_init  remote_control.o
    0x08007edc   0x08007edc   0x000000da   Code   RO         6179    i.sbus_to_rc        remote_control.o
    0x08007fb6   0x08007fb6   0x00000002   PAD
    0x08007fb8   0x08007fb8   0x000000f8   Code   RO         6407    i.usart6_tx_dma_enable  bsp_usart.o
    0x080080b0   0x080080b0   0x00000074   Code   RO         6408    i.usart6_tx_dma_init  bsp_usart.o
    0x08008124   0x08008124   0x0000003c   Code   RO         6068    i.usart_printf      task_sysstatus.o
    0x08008160   0x08008160   0x00000028   Code   RO         4818    i.uxListRemove      list.o
    0x08008188   0x08008188   0x00000018   Code   RO          293    i.vApplicationGetIdleTaskMemory  freertos.o
    0x080081a0   0x080081a0   0x0000001a   Code   RO         4819    i.vListInitialise   list.o
    0x080081ba   0x080081ba   0x00000006   Code   RO         4820    i.vListInitialiseItem  list.o
    0x080081c0   0x080081c0   0x00000034   Code   RO         4821    i.vListInsert       list.o
    0x080081f4   0x080081f4   0x00000018   Code   RO         4822    i.vListInsertEnd    list.o
    0x0800820c   0x0800820c   0x00000054   Code   RO         5959    i.vPortEnterCritical  port.o
    0x08008260   0x08008260   0x0000003c   Code   RO         5960    i.vPortExitCritical  port.o
    0x0800829c   0x0800829c   0x000000a4   Code   RO         5891    i.vPortFree         heap_4.o
    0x08008340   0x08008340   0x00000028   Code   RO         5961    i.vPortSetupTimerInterrupt  port.o
    0x08008368   0x08008368   0x0000005c   Code   RO         5208    i.vTaskDelay        tasks.o
    0x080083c4   0x080083c4   0x000000b0   Code   RO         5221    i.vTaskStartScheduler  tasks.o
    0x08008474   0x08008474   0x00000010   Code   RO         5223    i.vTaskSuspendAll   tasks.o
    0x08008484   0x08008484   0x0000008c   Code   RO         5224    i.vTaskSwitchContext  tasks.o
    0x08008510   0x08008510   0x00000168   Code   RO         5963    i.xPortStartScheduler  port.o
    0x08008678   0x08008678   0x00000034   Code   RO         5964    i.xPortSysTickHandler  port.o
    0x080086ac   0x080086ac   0x00000064   Code   RO         5227    i.xTaskCreate       tasks.o
    0x08008710   0x08008710   0x000000ba   Code   RO         5228    i.xTaskCreateStatic  tasks.o
    0x080087ca   0x080087ca   0x00000002   PAD
    0x080087cc   0x080087cc   0x00000020   Code   RO         5232    i.xTaskGetSchedulerState  tasks.o
    0x080087ec   0x080087ec   0x00000148   Code   RO         5235    i.xTaskIncrementTick  tasks.o
    0x08008934   0x08008934   0x00000104   Code   RO         5241    i.xTaskResumeAll    tasks.o
    0x08008a38   0x08008a38   0x0000002c   Code   RO         6978    locale$$code        c_w.l(lc_numeric_c.o)
    0x08008a64   0x08008a64   0x0000002c   Code   RO         7005    locale$$code        c_w.l(lc_ctype_c.o)
    0x08008a90   0x08008a90   0x0000000a   Code   RO         7073    x$fpl$fpinit        fz_wm.l(fpinit.o)
    0x08008a9a   0x08008a9a   0x00000004   Code   RO         6898    x$fpl$printf1       fz_wm.l(printf1.o)
    0x08008a9e   0x08008a9e   0x00000004   Code   RO         6900    x$fpl$printf2       fz_wm.l(printf2.o)
    0x08008aa2   0x08008aa2   0x00000000   Code   RO         6994    x$fpl$usenofp       fz_wm.l(usenofp.o)
    0x08008aa2   0x08008aa2   0x00000002   PAD
    0x08008aa4   0x08008aa4   0x00000070   Data   RO          295    .constdata          freertos.o
    0x08008b14   0x08008b14   0x00000008   Data   RO         1620    .constdata          stm32f4xx_hal_dma.o
    0x08008b1c   0x08008b1c   0x00000018   Data   RO         4682    .constdata          system_stm32f4xx.o
    0x08008b34   0x08008b34   0x0000000c   Data   RO         6671    .constdata          ist8310driver.o
    0x08008b40   0x08008b40   0x00000008   Data   RO         6822    .constdata          c_w.l(_printf_wctomb.o)
    0x08008b48   0x08008b48   0x00000028   Data   RO         6851    .constdata          c_w.l(_printf_hex_int_ll_ptr.o)
    0x08008b70   0x08008b70   0x00000011   Data   RO         6871    .constdata          c_w.l(__printf_flags_ss_wp.o)
    0x08008b81   0x08008b81   0x00000026   Data   RO         6930    .constdata          c_w.l(_printf_fp_hex.o)
    0x08008ba7   0x08008ba7   0x00000001   PAD
    0x08008ba8   0x08008ba8   0x00000094   Data   RO         6953    .constdata          c_w.l(bigflt0.o)
    0x08008c3c   0x08008c3c   0x0000002e   Data   RO          296    .conststring        freertos.o
    0x08008c6a   0x08008c6a   0x00000002   PAD
    0x08008c6c   0x08008c6c   0x00000076   Data   RO         6070    .conststring        task_sysstatus.o
    0x08008ce2   0x08008ce2   0x00000002   PAD
    0x08008ce4   0x08008ce4   0x00000020   Data   RO         7131    Region$$Table       anon$$obj.o
    0x08008d04   0x08008d04   0x0000001c   Data   RO         6977    locale$$data        c_w.l(lc_numeric_c.o)
    0x08008d20   0x08008d20   0x00000110   Data   RO         7004    locale$$data        c_w.l(lc_ctype_c.o)


    Execution Region RW_IRAM1 (Exec base: 0x20000000, Load base: 0x08008e30, Size: 0x00004d98, Max: 0x0001c000, ABSOLUTE)

    Exec Addr    Load Addr    Size         Type   Attr      Idx    E Section Name        Object

    0x20000000   0x08008e30   0x00000010   Data   RW           18    .data               main.o
    0x20000010   0x08008e40   0x00000010   Data   RW          297    .data               freertos.o
    0x20000020   0x08008e50   0x00000004   Data   RW          403    .data               can.o
    0x20000024   0x08008e54   0x00000009   Data   RW         2052    .data               stm32f4xx_hal.o
    0x2000002d   0x08008e5d   0x00000003   PAD
    0x20000030   0x08008e60   0x00000004   Data   RW         4683    .data               system_stm32f4xx.o
    0x20000034   0x08008e64   0x0000003c   Data   RW         5244    .data               tasks.o
    0x20000070   0x08008ea0   0x00000020   Data   RW         5897    .data               heap_4.o
    0x20000090   0x08008ec0   0x0000000c   Data   RW         5965    .data               port.o
    0x2000009c   0x08008ecc   0x00000012   Data   RW         6071    .data               task_sysstatus.o
    0x200000ae   0x08008ede   0x00000003   Data   RW         6184    .data               remote_control.o
    0x200000b1   0x08008ee1   0x00000011   Data   RW         6465    .data               can_receive.o
    0x200000c2   0x08008ef2   0x00000002   PAD
    0x200000c4   0x08008ef4   0x0000002c   Data   RW         6536    .data               bmi088driver.o
    0x200000f0        -       0x00000024   Zero   RW           17    .bss                main.o
    0x20000114        -       0x00000254   Zero   RW          294    .bss                freertos.o
    0x20000368        -       0x00000090   Zero   RW          354    .bss                adc.o
    0x200003f8        -       0x00000050   Zero   RW          402    .bss                can.o
    0x20000448        -       0x00000054   Zero   RW          474    .bss                i2c.o
    0x2000049c        -       0x00000118   Zero   RW          516    .bss                spi.o
    0x200005b4        -       0x00000048   Zero   RW          559    .bss                tim.o
    0x200005fc        -       0x0000024c   Zero   RW          608    .bss                usart.o
    0x20000848        -       0x000000f0   Zero   RW         5243    .bss                tasks.o
    0x20000938        -       0x00003c00   Zero   RW         5896    .bss                heap_4.o
    0x20004538        -       0x00000110   Zero   RW         6069    .bss                task_sysstatus.o
    0x20004648        -       0x00000072   Zero   RW         6183    .bss                remote_control.o
    0x200046ba   0x08008f20   0x00000002   PAD
    0x200046bc        -       0x00000078   Zero   RW         6464    .bss                can_receive.o
    0x20004734        -       0x00000060   Zero   RW         6998    .bss                c_w.l(libspace.o)
    0x20004794   0x08008f20   0x00000004   PAD
    0x20004798        -       0x00000200   Zero   RW            2    HEAP                startup_stm32f407xx.o
    0x20004998        -       0x00000400   Zero   RW            1    STACK               startup_stm32f407xx.o


    Execution Region RW_IRAM2 (Exec base: 0x2001c000, Load base: 0x08008f20, Size: 0x00000000, Max: 0x00004000, ABSOLUTE)

    **** No section assigned to this execution region ****


==============================================================================

Image component sizes


      Code (inc. data)   RO Data    RW Data    ZI Data      Debug   Object Name

       396         42          0          0        144       2418   adc.o
      1030         20          0         44          0       6566   bmi088driver.o
       216         28          0          0          0       5076   bmi088middleware.o
        92          8          0          0          0        598   bsp_can.o
       156         14          0          0          0       1034   bsp_rc.o
       364         26          0          0          0       1677   bsp_usart.o
       472         44          0          4         80       2486   can.o
       392         46          0         17        120       4683   can_receive.o
       142          0          0          0          0      23103   cmsis_os.o
       168          6          0          0          0        866   dma.o
         0          0          0          0          0      16932   event_groups.o
       158         32        158         16        596       3557   freertos.o
       476         26          0          0          0       1231   gpio.o
       724         74          0         32      15360       7491   heap_4.o
       260         30          0          0         84       1769   i2c.o
       280          8         12          0          0       2702   ist8310driver.o
       250         28          0          0          0       5958   ist8310driver_middleware.o
       148          0          0          0          0       3630   list.o
       282         14          0         16         36     766208   main.o
       894         78          0         12          0      11272   port.o
       538         36          0          3        114     606440   remote_control.o
       416         38          0          0        280       1975   spi.o
        64         26        392          0       1536        856   startup_stm32f407xx.o
       212         36          0          9          0       9481   stm32f4xx_hal.o
      1398         52          0          0          0       5210   stm32f4xx_hal_adc.o
      2134          6          0          0          0      14523   stm32f4xx_hal_can.o
       304         22          0          0          0      34523   stm32f4xx_hal_cortex.o
      1246         16          8          0          0       5443   stm32f4xx_hal_dma.o
       576         50          0          0          0       4131   stm32f4xx_hal_gpio.o
      2856         46          0          0          0      11798   stm32f4xx_hal_i2c.o
        84          6          0          0          0        882   stm32f4xx_hal_msp.o
      1820         84          0          0          0       5692   stm32f4xx_hal_rcc.o
      1078         14          0          0          0       4717   stm32f4xx_hal_spi.o
      1538         82          0          0          0      11052   stm32f4xx_hal_tim.o
         4          0          0          0          0       1597   stm32f4xx_hal_tim_ex.o
      2274         14          0          0          0      11780   stm32f4xx_hal_uart.o
       222         60          0          0          0       9542   stm32f4xx_it.o
         0          0          0          0          0        392   stream_buffer.o
        20          6         24          4          0       1163   system_stm32f4xx.o
        64          6          0          0          0        602   task_canmotor.o
        12          0          0          0          0        536   task_led.o
       692        124        118         18        272       7850   task_sysstatus.o
      2190        278          0         60        240      21230   tasks.o
       280         32          0          0         72       2382   tim.o
       948         90          0          0        588       3568   usart.o

    ----------------------------------------------------------------------
     27904       1648        748        240      19524    1646622   Object Totals
         0          0         32          0          0          0   (incl. Generated)
        34          0          4          5          2          0   (incl. Padding)

    ----------------------------------------------------------------------

      Code (inc. data)   RO Data    RW Data    ZI Data      Debug   Library Member Name

         8          0          0          0          0         68   __main.o
       392          4         17          0          0         92   __printf_flags_ss_wp.o
        14          0          0          0          0         68   __printf_wp.o
         0          0          0          0          0          0   __rtentry.o
        12          0          0          0          0          0   __rtentry2.o
         6          0          0          0          0          0   __rtentry4.o
        52          8          0          0          0          0   __scatter.o
        26          0          0          0          0          0   __scatter_copy.o
        28          0          0          0          0          0   __scatter_zi.o
         6          0          0          0          0          0   _printf_a.o
         6          0          0          0          0          0   _printf_c.o
        44          0          0          0          0        108   _printf_char.o
        48          6          0          0          0         96   _printf_char_common.o
        40          0          0          0          0         68   _printf_charcount.o
         6          0          0          0          0          0   _printf_d.o
       120         16          0          0          0         92   _printf_dec.o
         6          0          0          0          0          0   _printf_e.o
         6          0          0          0          0          0   _printf_f.o
      1054          0          0          0          0        216   _printf_fp_dec.o
       764          8         38          0          0        100   _printf_fp_hex.o
       128         16          0          0          0         84   _printf_fp_infnan.o
         6          0          0          0          0          0   _printf_g.o
       148          4         40          0          0        160   _printf_hex_int_ll_ptr.o
         6          0          0          0          0          0   _printf_i.o
       178          0          0          0          0         88   _printf_intcommon.o
        10          0          0          0          0          0   _printf_l.o
         6          0          0          0          0          0   _printf_lc.o
        10          0          0          0          0          0   _printf_ll.o
         6          0          0          0          0          0   _printf_lld.o
         6          0          0          0          0          0   _printf_lli.o
         6          0          0          0          0          0   _printf_llo.o
         6          0          0          0          0          0   _printf_llu.o
         6          0          0          0          0          0   _printf_llx.o
       124         16          0          0          0         92   _printf_longlong_dec.o
         6          0          0          0          0          0   _printf_ls.o
         6          0          0          0          0          0   _printf_n.o
         6          0          0          0          0          0   _printf_o.o
       112         10          0          0          0        124   _printf_oct_int_ll.o
         6          0          0          0          0          0   _printf_p.o
        78          0          0          0          0        108   _printf_pad.o
         0          0          0          0          0          0   _printf_percent.o
         4          0          0          0          0          0   _printf_percent_end.o
         6          0          0          0          0          0   _printf_s.o
        82          0          0          0          0         80   _printf_str.o
        36          0          0          0          0         84   _printf_truncate.o
         6          0          0          0          0          0   _printf_u.o
        44          0          0          0          0        108   _printf_wchar.o
       188          6          8          0          0         92   _printf_wctomb.o
         6          0          0          0          0          0   _printf_x.o
        10          0          0          0          0         68   _sputc.o
        64          0          0          0          0         92   _wcrtomb.o
       228          4        148          0          0         96   bigflt0.o
      1936        128          0          0          0        672   btod.o
        18          0          0          0          0         80   exit.o
         6          0          0          0          0        152   heapauxi.o
         0          0          0          0          0          0   indicate_semi.o
        44         10        272          0          0         76   lc_ctype_c.o
        44         10         28          0          0         76   lc_numeric_c.o
         2          0          0          0          0          0   libinit.o
        34          0          0          0          0          0   libinit2.o
         2          0          0          0          0          0   libshutdown.o
         2          0          0          0          0          0   libshutdown2.o
         8          4          0          0         96         68   libspace.o
       138          0          0          0          0         80   lludiv10.o
       238          0          0          0          0        100   lludivv7m.o
        16          4          0          0          0         76   rt_ctype_table.o
         8          4          0          0          0         68   rt_locale_intlibspace.o
        78          0          0          0          0         80   rt_memclr_w.o
       100          0          0          0          0         80   rt_memcpy_w.o
         2          0          0          0          0          0   rtexit.o
        10          0          0          0          0          0   rtexit2.o
       128          0          0          0          0         68   strcmpv7m.o
        12          4          0          0          0         68   sys_exit.o
        74          0          0          0          0         80   sys_stackheap_outer.o
         2          0          0          0          0         68   use_no_semi.o
        36          4          0          0          0         76   vsprintf.o
        10          0          0          0          0        116   fpinit.o
         4          0          0          0          0        116   printf1.o
         4          0          0          0          0        116   printf2.o
         0          0          0          0          0          0   usenofp.o
        48          0          0          0          0        124   fpclassify.o

    ----------------------------------------------------------------------
      7196        266        552          0        100       4624   Library Totals
        20          0          1          0          4          0   (incl. Padding)

    ----------------------------------------------------------------------

      Code (inc. data)   RO Data    RW Data    ZI Data      Debug   Library Name

      7110        266        551          0         96       4152   c_w.l
        18          0          0          0          0        348   fz_wm.l
        48          0          0          0          0        124   m_wm.l

    ----------------------------------------------------------------------
      7196        266        552          0        100       4624   Library Totals

    ----------------------------------------------------------------------

==============================================================================


      Code (inc. data)   RO Data    RW Data    ZI Data      Debug   

     35100       1914       1300        240      19624    1626110   Grand Totals
     35100       1914       1300        240      19624    1626110   ELF Image Totals
     35100       1914       1300        240          0          0   ROM Totals

==============================================================================

    Total RO  Size (Code + RO Data)                36400 (  35.55kB)
    Total RW  Size (RW Data + ZI Data)             19864 (  19.40kB)
    Total ROM Size (Code + RO Data + RW Data)      36640 (  35.78kB)

==============================================================================

